Archive member included to satisfy reference by file (symbol)

/Applications/ArmGNUToolchain/15.2.rel1/arm-none-eabi/bin/../lib/gcc/arm-none-eabi/15.2.1/../../../../arm-none-eabi/lib/thumb/v8-m.main+fp/softfp/libm.a(libm_a-wf_sqrt.o)
                              CMakeFiles/OddSIDKick-pico2.dir/Users/misfit/pico/pico-sdk/src/rp2_common/pico_float/float_math.c.o (sqrtf)
/Applications/ArmGNUToolchain/15.2.rel1/arm-none-eabi/bin/../lib/gcc/arm-none-eabi/15.2.1/../../../../arm-none-eabi/lib/thumb/v8-m.main+fp/softfp/libm.a(libm_a-ef_sqrt.o)
                              /Applications/ArmGNUToolchain/15.2.rel1/arm-none-eabi/bin/../lib/gcc/arm-none-eabi/15.2.1/../../../../arm-none-eabi/lib/thumb/v8-m.main+fp/softfp/libm.a(libm_a-wf_sqrt.o) (__ieee754_sqrtf)
/Applications/ArmGNUToolchain/15.2.rel1/arm-none-eabi/bin/../lib/gcc/arm-none-eabi/15.2.1/thumb/v8-m.main+fp/softfp/libgcc.a(_arm_addsubdf3.o)
                              CMakeFiles/OddSIDKick-pico2.dir/Source/reSID16/sid.cc.o (__aeabi_f2d)
/Applications/ArmGNUToolchain/15.2.rel1/arm-none-eabi/bin/../lib/gcc/arm-none-eabi/15.2.1/thumb/v8-m.main+fp/softfp/libgcc.a(_aeabi_ldivmod.o)
                              CMakeFiles/OddSIDKick-pico2.dir/Source/reSID16/filter.cc.o (__aeabi_ldivmod)
/Applications/ArmGNUToolchain/15.2.rel1/arm-none-eabi/bin/../lib/gcc/arm-none-eabi/15.2.1/thumb/v8-m.main+fp/softfp/libgcc.a(_aeabi_uldivmod.o)
                              CMakeFiles/OddSIDKick-pico2.dir/Source/midi_sid.c.o (__aeabi_uldivmod)
/Applications/ArmGNUToolchain/15.2.rel1/arm-none-eabi/bin/../lib/gcc/arm-none-eabi/15.2.1/thumb/v8-m.main+fp/softfp/libgcc.a(_udivmoddi4.o)
                              /Applications/ArmGNUToolchain/15.2.rel1/arm-none-eabi/bin/../lib/gcc/arm-none-eabi/15.2.1/thumb/v8-m.main+fp/softfp/libgcc.a(_aeabi_ldivmod.o) (__udivmoddi4)
/Applications/ArmGNUToolchain/15.2.rel1/arm-none-eabi/bin/../lib/gcc/arm-none-eabi/15.2.1/thumb/v8-m.main+fp/softfp/libgcc.a(_dvmd_tls.o)
                              /Applications/ArmGNUToolchain/15.2.rel1/arm-none-eabi/bin/../lib/gcc/arm-none-eabi/15.2.1/thumb/v8-m.main+fp/softfp/libgcc.a(_aeabi_ldivmod.o) (__aeabi_ldiv0)
/Applications/ArmGNUToolchain/15.2.rel1/arm-none-eabi/bin/../lib/gcc/arm-none-eabi/15.2.1/../../../../arm-none-eabi/lib/thumb/v8-m.main+fp/softfp/libg.a(libc_a-calloc.o)
                              CMakeFiles/OddSIDKick-pico2.dir/Users/misfit/pico/pico-sdk/src/rp2_common/pico_malloc/malloc.c.o (calloc)
/Applications/ArmGNUToolchain/15.2.rel1/arm-none-eabi/bin/../lib/gcc/arm-none-eabi/15.2.1/../../../../arm-none-eabi/lib/thumb/v8-m.main+fp/softfp/libg.a(libc_a-callocr.o)
                              /Applications/ArmGNUToolchain/15.2.rel1/arm-none-eabi/bin/../lib/gcc/arm-none-eabi/15.2.1/../../../../arm-none-eabi/lib/thumb/v8-m.main+fp/softfp/libg.a(libc_a-calloc.o) (_calloc_r)
/Applications/ArmGNUToolchain/15.2.rel1/arm-none-eabi/bin/../lib/gcc/arm-none-eabi/15.2.1/../../../../arm-none-eabi/lib/thumb/v8-m.main+fp/softfp/libg.a(libc_a-malloc.o)
                              CMakeFiles/OddSIDKick-pico2.dir/Users/misfit/pico/pico-sdk/src/rp2_common/pico_malloc/malloc.c.o (malloc)
/Applications/ArmGNUToolchain/15.2.rel1/arm-none-eabi/bin/../lib/gcc/arm-none-eabi/15.2.1/../../../../arm-none-eabi/lib/thumb/v8-m.main+fp/softfp/libg.a(libc_a-mallocr.o)
                              /Applications/ArmGNUToolchain/15.2.rel1/arm-none-eabi/bin/../lib/gcc/arm-none-eabi/15.2.1/../../../../arm-none-eabi/lib/thumb/v8-m.main+fp/softfp/libg.a(libc_a-callocr.o) (_malloc_r)
/Applications/ArmGNUToolchain/15.2.rel1/arm-none-eabi/bin/../lib/gcc/arm-none-eabi/15.2.1/../../../../arm-none-eabi/lib/thumb/v8-m.main+fp/softfp/libg.a(libc_a-mlock.o)
                              /Applications/ArmGNUToolchain/15.2.rel1/arm-none-eabi/bin/../lib/gcc/arm-none-eabi/15.2.1/../../../../arm-none-eabi/lib/thumb/v8-m.main+fp/softfp/libg.a(libc_a-mallocr.o) (__malloc_lock)
/Applications/ArmGNUToolchain/15.2.rel1/arm-none-eabi/bin/../lib/gcc/arm-none-eabi/15.2.1/../../../../arm-none-eabi/lib/thumb/v8-m.main+fp/softfp/libg.a(libc_a-realloc.o)
                              CMakeFiles/OddSIDKick-pico2.dir/Users/misfit/pico/pico-sdk/src/rp2_common/pico_malloc/malloc.c.o (realloc)
/Applications/ArmGNUToolchain/15.2.rel1/arm-none-eabi/bin/../lib/gcc/arm-none-eabi/15.2.1/../../../../arm-none-eabi/lib/thumb/v8-m.main+fp/softfp/libg.a(libc_a-reallocr.o)
                              /Applications/ArmGNUToolchain/15.2.rel1/arm-none-eabi/bin/../lib/gcc/arm-none-eabi/15.2.1/../../../../arm-none-eabi/lib/thumb/v8-m.main+fp/softfp/libg.a(libc_a-realloc.o) (_realloc_r)
/Applications/ArmGNUToolchain/15.2.rel1/arm-none-eabi/bin/../lib/gcc/arm-none-eabi/15.2.1/../../../../arm-none-eabi/lib/thumb/v8-m.main+fp/softfp/libg.a(libc_a-memcmp.o)
                              CMakeFiles/OddSIDKick-pico2.dir/Users/misfit/pico/pico-sdk/src/rp2_common/pico_atomic/atomic.c.o (memcmp)
[...]
Memory Configuration

Name             Origin             Length             Attributes
FLASH            0x10000000         0x00400000         xr
RAM              0x20000000         0x00080000         xrw
SCRATCH_X        0x20080000         0x00001000         xrw
SCRATCH_Y        0x20081000         0x00001000         xrw
*default*        0x00000000         0xffffffff

Linker script and memory map

LOAD /Applications/ArmGNUToolchain/15.2.rel1/arm-none-eabi/bin/../lib/gcc/arm-none-eabi/15.2.1/thumb/v8-m.main+fp/softfp/crti.o
LOAD /Applications/ArmGNUToolchain/15.2.rel1/arm-none-eabi/bin/../lib/gcc/arm-none-eabi/15.2.1/thumb/v8-m.main+fp/softfp/crtbegin.o
LOAD /Applications/ArmGNUToolchain/15.2.rel1/arm-none-eabi/bin/../lib/gcc/arm-none-eabi/15.2.1/../../../../arm-none-eabi/lib/thumb/v8-m.main+fp/softfp/crt0.o

.flash_begin    0x10000000        0x0
                0x10000000                        __flash_binary_start = .

.text           0x10000000     0xd470
                0x10000000                        __logical_binary_start = .
 *(.vectors)
 .vectors       0x10000000      0x124 CMakeFiles/OddSIDKick-pico2.dir/Users/misfit/pico/pico-sdk/src/rp2_common/pico_crt0/crt0.S.o
                0x10000000                __VECTOR_TABLE
                0x10000000                __vectors
                0x10000110                __unhandled_user_irq
                0x10000110                isr_irq49
                0x10000110                isr_irq13
                0x10000110                isr_irq43
                0x10000110                isr_irq45
                0x10000110                isr_irq27
                0x10000110                isr_irq32
                0x10000110                isr_irq31
                0x10000110                isr_irq5
                0x10000110                isr_irq11
                0x10000110                isr_irq23
                0x10000110                isr_usagefault
                0x10000110                isr_irq48
                0x10000110                isr_irq35
                0x10000110                isr_irq18
                0x10000110                isr_irq50
                0x10000110                isr_irq9
                0x10000110                isr_irq30
                0x10000110                isr_irq16
                0x10000110                isr_irq44
                0x10000110                isr_irq29
                0x10000110                isr_irq26
                0x10000110                isr_irq33
                0x10000110                isr_irq3
                0x10000110                isr_irq12
                0x10000110                isr_securefault
                0x10000110                isr_irq40
                0x10000110                isr_irq28
                0x10000110                isr_irq19
                0x10000110                isr_irq36
                0x10000110                isr_irq41
                0x10000110                isr_irq0
                0x10000110                isr_irq6
                0x10000110                isr_memmanage
                0x10000110                isr_irq37
                0x10000110                isr_irq42
                0x10000110                isr_irq22
                0x10000110                isr_irq17
                0x10000110                isr_irq38
                0x10000110                isr_irq14
                0x10000110                __vectors_end
                0x10000110                __default_isrs_start
                0x10000110                isr_irq2
                0x10000110                isr_irq10
                0x10000110                isr_irq8
                0x10000110                isr_debugmonitor
                0x10000110                isr_irq24
                0x10000110                isr_irq46
                0x10000110                isr_irq1
                0x10000110                isr_irq47
                0x10000110                isr_irq51
                0x10000110                isr_irq7
                0x10000110                isr_irq21
                0x10000110                isr_irq39
                0x10000110                isr_irq20
                0x10000110                isr_irq15
                0x10000110                isr_irq25
                0x10000110                isr_irq34
                0x10000110                isr_irq4
                0x10000110                isr_busfault
                0x10000116                unhandled_user_irq_num_in_r0
                0x10000118                isr_invalid
                0x1000011a                isr_nmi
                0x1000011c                isr_hardfault
                0x1000011e                isr_svcall
                0x10000120                isr_pendsv
                0x10000122                isr_systick
                0x10000124                __default_isrs_end
 *(.binary_info_header)
 .binary_info_header
                0x10000124       0x14 CMakeFiles/OddSIDKick-pico2.dir/Users/misfit/pico/pico-sdk/src/rp2_common/pico_crt0/crt0.S.o
                0x10000138                        __binary_info_header_end = .
 *(.embedded_block)
 .embedded_block
                0x10000138       0x14 CMakeFiles/OddSIDKick-pico2.dir/Users/misfit/pico/pico-sdk/src/rp2_common/pico_crt0/crt0.S.o
                0x1000014c                        __embedded_block_end = .
 *(.reset)
 .reset         0x1000014c       0x98 CMakeFiles/OddSIDKick-pico2.dir/Users/misfit/pico/pico-sdk/src/rp2_common/pico_crt0/crt0.S.o
                0x1000014c                _entry_point
 *(.init)
 .init          0x100001e4        0x4 /Applications/ArmGNUToolchain/15.2.rel1/arm-none-eabi/bin/../lib/gcc/arm-none-eabi/15.2.1/thumb/v8-m.main+fp/softfp/crti.o
                0x100001e4                _init
 SORT_BY_NAME(REVERSE(*libgcc.a:cmse_nonsecure_call.o))()
 *(EXCLUDE_FILE(*libm.a: *libc.a:*lib_a-mem*.o *libgcc.a:) .text*)
 .text.register_tm_clones
                0x100001e8       0x28 /Applications/ArmGNUToolchain/15.2.rel1/arm-none-eabi/bin/../lib/gcc/arm-none-eabi/15.2.1/thumb/v8-m.main+fp/softfp/crtbegin.o
 .text.frame_dummy
                0x10000210       0x24 /Applications/ArmGNUToolchain/15.2.rel1/arm-none-eabi/bin/../lib/gcc/arm-none-eabi/15.2.1/thumb/v8-m.main+fp/softfp/crtbegin.o
 .text.initGPIOs
                0x10000234       0x38 CMakeFiles/OddSIDKick-pico2.dir/Source/SKpico.c.o
                0x10000234                initGPIOs
 .text.initPotGPIOs
                0x1000026c       0xbc CMakeFiles/OddSIDKick-pico2.dir/Source/SKpico.c.o
                0x1000026c                initPotGPIOs
 .text.initI2S  0x10000328       0x5c CMakeFiles/OddSIDKick-pico2.dir/Source/SKpico.c.o
                0x10000328                initI2S
 .text.resetEverything
                0x10000384       0x14 CMakeFiles/OddSIDKick-pico2.dir/Source/SKpico.c.o
                0x10000384                resetEverything
 .text.updateEmulationParameters
                0x10000398       0x68 CMakeFiles/OddSIDKick-pico2.dir/Source/SKpico.c.o
                0x10000398                updateEmulationParameters
 .text.handleSerialSID
                0x10000400      0x150 CMakeFiles/OddSIDKick-pico2.dir/Source/SKpico.c.o
                0x10000400                handleSerialSID
 .text.readConfiguration
                0x10000550       0x90 CMakeFiles/OddSIDKick-pico2.dir/Source/SKpico.c.o
                0x10000550                readConfiguration
 .text.writeConfiguration
                0x100005e0       0xd8 CMakeFiles/OddSIDKick-pico2.dir/Source/SKpico.c.o
                0x100005e0                writeConfiguration
 .text.runEmulation
                0x100006b8      0xd40 CMakeFiles/OddSIDKick-pico2.dir/Source/SKpico.c.o
                0x100006b8                runEmulation
 .text.startup.main
                0x100013f8       0x3c CMakeFiles/OddSIDKick-pico2.dir/Source/SKpico.c.o
                0x100013f8                main
 .text.midi_parse_byte
                0x10001434      0x368 CMakeFiles/OddSIDKick-pico2.dir/Source/midi_sid.c.o
 .text.midi_sid_init
                0x1000179c       0x64 CMakeFiles/OddSIDKick-pico2.dir/Source/midi_sid.c.o
                0x1000179c                midi_sid_init
 .text.midi_sid_task
                0x10001800       0xb4 CMakeFiles/OddSIDKick-pico2.dir/Source/midi_sid.c.o
                0x10001800                midi_sid_task
 .text.midi_sid_pump_timing
                0x100018b4       0x94 CMakeFiles/OddSIDKick-pico2.dir/Source/midi_sid.c.o
                0x100018b4                midi_sid_pump_timing
 .text.tud_descriptor_device_cb
                0x10001948        0x8 CMakeFiles/OddSIDKick-pico2.dir/Source/usb_descriptors.c.o
                0x10001948                tud_descriptor_device_cb
 .text.tud_descriptor_configuration_cb
                0x10001950        0x8 CMakeFiles/OddSIDKick-pico2.dir/Source/usb_descriptors.c.o
                0x10001950                tud_descriptor_configuration_cb
 .text.tud_descriptor_string_cb
                0x10001958       0x78 CMakeFiles/OddSIDKick-pico2.dir/Source/usb_descriptors.c.o
                0x10001958                tud_descriptor_string_cb
 .text.read_bits
                0x100019d0       0x60 CMakeFiles/OddSIDKick-pico2.dir/Source/exodecr.c.o
 .text.exo_decrunch
                0x10001a30      0x140 CMakeFiles/OddSIDKick-pico2.dir/Source/exodecr.c.o
                0x10001a30                exo_decrunch
 .text.setDefaultConfiguration
                0x10001b70       0x54 CMakeFiles/OddSIDKick-pico2.dir/Source/reSIDWrapper.cc.o
                0x10001b70                setDefaultConfiguration
 .text.updateConfiguration
                0x10001bc4      0x440 CMakeFiles/OddSIDKick-pico2.dir/Source/reSIDWrapper.cc.o
                0x10001bc4                updateConfiguration
 .text.initReSID
                0x10002004      0x120 CMakeFiles/OddSIDKick-pico2.dir/Source/reSIDWrapper.cc.o
                0x10002004                initReSID
 .text.emulateCyclesReSID
                0x10002124       0x28 CMakeFiles/OddSIDKick-pico2.dir/Source/reSIDWrapper.cc.o
                0x10002124                emulateCyclesReSID
 .text.emulateCyclesReSIDSingle
                0x1000214c       0x10 CMakeFiles/OddSIDKick-pico2.dir/Source/reSIDWrapper.cc.o
                0x1000214c                emulateCyclesReSIDSingle
 .text.writeReSID
                0x1000215c       0x14 CMakeFiles/OddSIDKick-pico2.dir/Source/reSIDWrapper.cc.o
                0x1000215c                writeReSID
 .text.writeReSID2
                0x10002170       0x14 CMakeFiles/OddSIDKick-pico2.dir/Source/reSIDWrapper.cc.o
                0x10002170                writeReSID2
 .text.outputDigi
                0x10002184       0x14 CMakeFiles/OddSIDKick-pico2.dir/Source/reSIDWrapper.cc.o
                0x10002184                outputDigi
 .text.outputReSID
                0x10002198       0x64 CMakeFiles/OddSIDKick-pico2.dir/Source/reSIDWrapper.cc.o
                0x10002198                outputReSID
 .text.outputReSIDFM
                0x100021fc       0x74 CMakeFiles/OddSIDKick-pico2.dir/Source/reSIDWrapper.cc.o
                0x100021fc                outputReSIDFM
 .text.readRegs
                0x10002270       0x24 CMakeFiles/OddSIDKick-pico2.dir/Source/reSIDWrapper.cc.o
                0x10002270                readRegs
 .text.OPLWriteReg
                0x10002294      0x854 CMakeFiles/OddSIDKick-pico2.dir/Source/fmopl.c.o
 .text.OPLResetChip
                0x10002ae8      0x17c CMakeFiles/OddSIDKick-pico2.dir/Source/fmopl.c.o
 .text.OPL_CALC_CH
                0x10002c64      0x158 CMakeFiles/OddSIDKick-pico2.dir/Source/fmopl.c.o
                0x10002c64                OPL_CALC_CH
 .text.OPL_CALC_RH
                0x10002dbc      0x468 CMakeFiles/OddSIDKick-pico2.dir/Source/fmopl.c.o
                0x10002dbc                OPL_CALC_RH
 *fill*         0x10003224        0x4 
 .text.ym3812_init
                0x10003228      0x210 CMakeFiles/OddSIDKick-pico2.dir/Source/fmopl.c.o
                0x10003228                ym3812_init
 .text.ym3812_write
                0x10003438       0x2c CMakeFiles/OddSIDKick-pico2.dir/Source/fmopl.c.o
                0x10003438                ym3812_write
 .text.ym3812_update_one
                0x10003464      0x420 CMakeFiles/OddSIDKick-pico2.dir/Source/fmopl.c.o
                0x10003464                ym3812_update_one
 .text._ZN17EnvelopeGeneratorC2Ev
                0x10003884       0x40 CMakeFiles/OddSIDKick-pico2.dir/Source/reSID16/envelope.cc.o
                0x10003884                EnvelopeGenerator::EnvelopeGenerator()
                0x10003884                EnvelopeGenerator::EnvelopeGenerator()
 .text._ZN17EnvelopeGenerator5resetEv
                0x100038c4       0x44 CMakeFiles/OddSIDKick-pico2.dir/Source/reSID16/envelope.cc.o
                0x100038c4                EnvelopeGenerator::reset()
 .text._ZN17EnvelopeGenerator14set_chip_modelE10chip_model
                0x10003908        0x8 CMakeFiles/OddSIDKick-pico2.dir/Source/reSID16/envelope.cc.o
                0x10003908                EnvelopeGenerator::set_chip_model(chip_model)
 .text._ZN17EnvelopeGenerator16writeCONTROL_REGEj
                0x10003910       0x1c CMakeFiles/OddSIDKick-pico2.dir/Source/reSID16/envelope.cc.o
                0x10003910                EnvelopeGenerator::writeCONTROL_REG(unsigned int)
 .text._ZN17EnvelopeGenerator17writeATTACK_DECAYEj
                0x1000392c       0x30 CMakeFiles/OddSIDKick-pico2.dir/Source/reSID16/envelope.cc.o
                0x1000392c                EnvelopeGenerator::writeATTACK_DECAY(unsigned int)
 .text._ZN17EnvelopeGenerator20writeSUSTAIN_RELEASEEj
                0x1000395c       0x24 CMakeFiles/OddSIDKick-pico2.dir/Source/reSID16/envelope.cc.o
                0x1000395c                EnvelopeGenerator::writeSUSTAIN_RELEASE(unsigned int)
 .text._ZN17EnvelopeGenerator7readENVEv
                0x10003980        0x4 CMakeFiles/OddSIDKick-pico2.dir/Source/reSID16/envelope.cc.o
                0x10003980                EnvelopeGenerator::readENV()
 .text._ZN14ExternalFilterC2Ev
                0x10003984       0x20 CMakeFiles/OddSIDKick-pico2.dir/Source/reSID16/extfilt.cc.o
                0x10003984                ExternalFilter::ExternalFilter()
                0x10003984                ExternalFilter::ExternalFilter()
 .text._ZN14ExternalFilter20setCutoffFrequenciesEii
                0x100039a4       0x20 CMakeFiles/OddSIDKick-pico2.dir/Source/reSID16/extfilt.cc.o
                0x100039a4                ExternalFilter::setCutoffFrequencies(int, int)
 .text._ZN14ExternalFilter13enable_filterEb
                0x100039c4        0x4 CMakeFiles/OddSIDKick-pico2.dir/Source/reSID16/extfilt.cc.o
                0x100039c4                ExternalFilter::enable_filter(bool)
 .text._ZN14ExternalFilter14set_chip_modelE10chip_model
                0x100039c8       0x10 CMakeFiles/OddSIDKick-pico2.dir/Source/reSID16/extfilt.cc.o
                0x100039c8                ExternalFilter::set_chip_model(chip_model)
 .text._ZN14ExternalFilter5resetEv
                0x100039d8        0xc CMakeFiles/OddSIDKick-pico2.dir/Source/reSID16/extfilt.cc.o
                0x100039d8                ExternalFilter::reset()
 .text._ZN6FilterC2Ev
                0x100039e4      0x888 CMakeFiles/OddSIDKick-pico2.dir/Source/reSID16/filter.cc.o
                0x100039e4                Filter::Filter()
                0x100039e4                Filter::Filter()
 .text._ZN6Filter19set8580FilterCoeffsEii
                0x1000426c       0xa4 CMakeFiles/OddSIDKick-pico2.dir/Source/reSID16/filter.cc.o
                0x1000426c                Filter::set8580FilterCoeffs(int, int)
 .text._ZN6Filter19set6581FilterCoeffsEPKsiii
                0x10004310       0x9c CMakeFiles/OddSIDKick-pico2.dir/Source/reSID16/filter.cc.o
                0x10004310                Filter::set6581FilterCoeffs(short const*, int, int, int)
 .text._ZN6Filter14set_chip_modelE10chip_model
                0x100043ac       0x94 CMakeFiles/OddSIDKick-pico2.dir/Source/reSID16/filter.cc.o
                0x100043ac                Filter::set_chip_model(chip_model)
 .text._ZN6Filter5resetEv
                0x10004440       0x54 CMakeFiles/OddSIDKick-pico2.dir/Source/reSID16/filter.cc.o
                0x10004440                Filter::reset()
 .text._ZN6Filter10writeFC_LOEj
                0x10004494       0x44 CMakeFiles/OddSIDKick-pico2.dir/Source/reSID16/filter.cc.o
                0x10004494                Filter::writeFC_LO(unsigned int)
 .text._ZN6Filter10writeFC_HIEj
                0x100044d8       0x48 CMakeFiles/OddSIDKick-pico2.dir/Source/reSID16/filter.cc.o
                0x100044d8                Filter::writeFC_HI(unsigned int)
 .text._ZN6Filter13writeRES_FILTEj
                0x10004520       0x38 CMakeFiles/OddSIDKick-pico2.dir/Source/reSID16/filter.cc.o
                0x10004520                Filter::writeRES_FILT(unsigned int)
 .text._ZN6Filter13writeMODE_VOLEj
                0x10004558       0x14 CMakeFiles/OddSIDKick-pico2.dir/Source/reSID16/filter.cc.o
                0x10004558                Filter::writeMODE_VOL(unsigned int)
 .text._ZN5SID16C2Ev
                0x1000456c       0x90 CMakeFiles/OddSIDKick-pico2.dir/Source/reSID16/sid.cc.o
                0x1000456c                SID16::SID16()
                0x1000456c                SID16::SID16()
 .text._ZN5SID1614set_chip_modelE10chip_model
                0x100045fc       0x32 CMakeFiles/OddSIDKick-pico2.dir/Source/reSID16/sid.cc.o
                0x100045fc                SID16::set_chip_model(chip_model)
 .text._ZN5SID165resetEv
                0x1000462e       0x40 CMakeFiles/OddSIDKick-pico2.dir/Source/reSID16/sid.cc.o
                0x1000462e                SID16::reset()
 *fill*         0x1000466e        0x2 
 .text._ZN5SID165inputEi
                0x10004670        0xc CMakeFiles/OddSIDKick-pico2.dir/Source/reSID16/sid.cc.o
                0x10004670                SID16::input(int)
 .text._ZN5SID1615forceDigiOutputEii
                0x1000467c        0xc CMakeFiles/OddSIDKick-pico2.dir/Source/reSID16/sid.cc.o
                0x1000467c                SID16::forceDigiOutput(int, int)
 .text._ZN5SID166outputEv
                0x10004688       0x20 CMakeFiles/OddSIDKick-pico2.dir/Source/reSID16/sid.cc.o
                0x10004688                SID16::output()
 .text._ZN5SID1613readRegistersEPh
                0x100046a8       0x20 CMakeFiles/OddSIDKick-pico2.dir/Source/reSID16/sid.cc.o
                0x100046a8                SID16::readRegisters(unsigned char*)
 .text._ZN5SID165writeEjj
                0x100046c8      0x108 CMakeFiles/OddSIDKick-pico2.dir/Source/reSID16/sid.cc.o
                0x100046c8                SID16::write(unsigned int, unsigned int)
 .text._ZN5SID1622enable_external_filterEb
                0x100047d0        0x8 CMakeFiles/OddSIDKick-pico2.dir/Source/reSID16/sid.cc.o
                0x100047d0                SID16::enable_external_filter(bool)
 .text._ZN5SID1623set_sampling_parametersEf15sampling_methodfff
                0x100047d8      0x4a0 CMakeFiles/OddSIDKick-pico2.dir/Source/reSID16/sid.cc.o
                0x100047d8                SID16::set_sampling_parameters(float, sampling_method, float, float, float)
 .text._ZN5SID165clockEi
                0x10004c78      0xb10 CMakeFiles/OddSIDKick-pico2.dir/Source/reSID16/sid.cc.o
                0x10004c78                SID16::clock(int)
 .text._ZN5VoiceC2Ev
                0x10005788       0x34 CMakeFiles/OddSIDKick-pico2.dir/Source/reSID16/voice.cc.o
                0x10005788                Voice::Voice()
                0x10005788                Voice::Voice()
 .text._ZN5Voice14set_chip_modelE10chip_model
                0x100057bc       0x30 CMakeFiles/OddSIDKick-pico2.dir/Source/reSID16/voice.cc.o
                0x100057bc                Voice::set_chip_model(chip_model)
 .text._ZN5Voice15set_sync_sourceEPS_
                0x100057ec        0x4 CMakeFiles/OddSIDKick-pico2.dir/Source/reSID16/voice.cc.o
                0x100057ec                Voice::set_sync_source(Voice*)
 .text._ZN5Voice16writeCONTROL_REGEj
                0x100057f0       0x1c CMakeFiles/OddSIDKick-pico2.dir/Source/reSID16/voice.cc.o
                0x100057f0                Voice::writeCONTROL_REG(unsigned int)
 .text._ZN5Voice5resetEv
                0x1000580c       0x18 CMakeFiles/OddSIDKick-pico2.dir/Source/reSID16/voice.cc.o
                0x1000580c                Voice::reset()
 .text._ZN17WaveformGeneratorC2Ev
                0x10005824       0x60 CMakeFiles/OddSIDKick-pico2.dir/Source/reSID16/wave.cc.o
                0x10005824                WaveformGenerator::WaveformGenerator()
                0x10005824                WaveformGenerator::WaveformGenerator()
 .text._ZN17WaveformGenerator15set_sync_sourceEPS_
                0x10005884        0x8 CMakeFiles/OddSIDKick-pico2.dir/Source/reSID16/wave.cc.o
                0x10005884                WaveformGenerator::set_sync_source(WaveformGenerator*)
 .text._ZN17WaveformGenerator14set_chip_modelE10chip_model
                0x1000588c       0x2c CMakeFiles/OddSIDKick-pico2.dir/Source/reSID16/wave.cc.o
                0x1000588c                WaveformGenerator::set_chip_model(chip_model)
 .text._ZN17WaveformGenerator12writeFREQ_LOEj
                0x100058b8       0x10 CMakeFiles/OddSIDKick-pico2.dir/Source/reSID16/wave.cc.o
                0x100058b8                WaveformGenerator::writeFREQ_LO(unsigned int)
 .text._ZN17WaveformGenerator12writeFREQ_HIEj
                0x100058c8        0xc CMakeFiles/OddSIDKick-pico2.dir/Source/reSID16/wave.cc.o
                0x100058c8                WaveformGenerator::writeFREQ_HI(unsigned int)
 .text._ZN17WaveformGenerator10writePW_LOEj
                0x100058d4       0x20 CMakeFiles/OddSIDKick-pico2.dir/Source/reSID16/wave.cc.o
                0x100058d4                WaveformGenerator::writePW_LO(unsigned int)
 .text._ZN17WaveformGenerator10writePW_HIEj
                0x100058f4       0x24 CMakeFiles/OddSIDKick-pico2.dir/Source/reSID16/wave.cc.o
                0x100058f4                WaveformGenerator::writePW_HI(unsigned int)
 .text._ZN17WaveformGenerator16writeCONTROL_REGEj
                0x10005918      0x320 CMakeFiles/OddSIDKick-pico2.dir/Source/reSID16/wave.cc.o
                0x10005918                WaveformGenerator::writeCONTROL_REG(unsigned int)
 .text._ZN17WaveformGenerator7readOSCEv
                0x10005c38        0x8 CMakeFiles/OddSIDKick-pico2.dir/Source/reSID16/wave.cc.o
                0x10005c38                WaveformGenerator::readOSC()
 .text._ZN17WaveformGenerator5resetEv
                0x10005c40       0x54 CMakeFiles/OddSIDKick-pico2.dir/Source/reSID16/wave.cc.o
                0x10005c40                WaveformGenerator::reset()
 .text.gpio_set_function
                0x10005c94       0x3c CMakeFiles/OddSIDKick-pico2.dir/Users/misfit/pico/pico-sdk/src/rp2_common/hardware_gpio/gpio.c.o
                0x10005c94                gpio_set_function
 .text.gpio_set_pulls
                0x10005cd0       0x24 CMakeFiles/OddSIDKick-pico2.dir/Users/misfit/pico/pico-sdk/src/rp2_common/hardware_gpio/gpio.c.o
                0x10005cd0                gpio_set_pulls
 .text.gpio_set_drive_strength
                0x10005cf4       0x20 CMakeFiles/OddSIDKick-pico2.dir/Users/misfit/pico/pico-sdk/src/rp2_common/hardware_gpio/gpio.c.o
                0x10005cf4                gpio_set_drive_strength
 .text.gpio_set_input_enabled
                0x10005d14       0x20 CMakeFiles/OddSIDKick-pico2.dir/Users/misfit/pico/pico-sdk/src/rp2_common/hardware_gpio/gpio.c.o
                0x10005d14                gpio_set_input_enabled
 .text.gpio_init
                0x10005d34       0x4c CMakeFiles/OddSIDKick-pico2.dir/Users/misfit/pico/pico-sdk/src/rp2_common/hardware_gpio/gpio.c.o
                0x10005d34                gpio_init
 .text.panic    0x10005d80       0x30 CMakeFiles/OddSIDKick-pico2.dir/Users/misfit/pico/pico-sdk/src/rp2_common/pico_platform_panic/panic.c.o
                0x10005d80                panic
 .text.hw_claim_lock
                0x10005db0       0x24 CMakeFiles/OddSIDKick-pico2.dir/Users/misfit/pico/pico-sdk/src/common/hardware_claim/claim.c.o
                0x10005db0                hw_claim_lock
 .text.hw_claim_unlock
                0x10005dd4       0x14 CMakeFiles/OddSIDKick-pico2.dir/Users/misfit/pico/pico-sdk/src/common/hardware_claim/claim.c.o
                0x10005dd4                hw_claim_unlock
 .text.hw_claim_or_assert
                0x10005de8       0x58 CMakeFiles/OddSIDKick-pico2.dir/Users/misfit/pico/pico-sdk/src/common/hardware_claim/claim.c.o
                0x10005de8                hw_claim_or_assert
 .text.hw_claim_unused_from_range
                0x10005e40       0x84 CMakeFiles/OddSIDKick-pico2.dir/Users/misfit/pico/pico-sdk/src/common/hardware_claim/claim.c.o
                0x10005e40                hw_claim_unused_from_range
 .text.next_striped_spin_lock_num
                0x10005ec4       0x18 CMakeFiles/OddSIDKick-pico2.dir/Users/misfit/pico/pico-sdk/src/rp2_common/hardware_sync/sync.c.o
                0x10005ec4                next_striped_spin_lock_num
 .text.spin_lock_claim_unused
                0x10005edc       0x24 CMakeFiles/OddSIDKick-pico2.dir/Users/misfit/pico/pico-sdk/src/rp2_common/hardware_sync/sync.c.o
                0x10005edc                spin_lock_claim_unused
 .text.spinlock_set_extexclall
                0x10005f00       0x10 CMakeFiles/OddSIDKick-pico2.dir/Users/misfit/pico/pico-sdk/src/rp2_common/hardware_sync_spin_lock/sync_spin_lock.c.o
 .text.spin_locks_reset
                0x10005f10       0x18 CMakeFiles/OddSIDKick-pico2.dir/Users/misfit/pico/pico-sdk/src/rp2_common/hardware_sync_spin_lock/sync_spin_lock.c.o
                0x10005f10                spin_locks_reset
 .text.spin_lock_init
                0x10005f28       0x10 CMakeFiles/OddSIDKick-pico2.dir/Users/misfit/pico/pico-sdk/src/rp2_common/hardware_sync_spin_lock/sync_spin_lock.c.o
                0x10005f28                spin_lock_init
 .text.runtime_init_per_core_irq_priorities
                0x10005f38       0x40 CMakeFiles/OddSIDKick-pico2.dir/Users/misfit/pico/pico-sdk/src/rp2_common/hardware_irq/irq.c.o
                0x10005f38                runtime_init_per_core_irq_priorities
 .text.irq_set_enabled
                0x10005f78       0x2c CMakeFiles/OddSIDKick-pico2.dir/Users/misfit/pico/pico-sdk/src/rp2_common/hardware_irq/irq.c.o
                0x10005f78                irq_set_enabled
 .text.irq_is_enabled
                0x10005fa4       0x20 CMakeFiles/OddSIDKick-pico2.dir/Users/misfit/pico/pico-sdk/src/rp2_common/hardware_irq/irq.c.o
                0x10005fa4                irq_is_enabled
 .text.irq_set_mask_enabled
                0x10005fc4       0x18 CMakeFiles/OddSIDKick-pico2.dir/Users/misfit/pico/pico-sdk/src/rp2_common/hardware_irq/irq.c.o
                0x10005fc4                irq_set_mask_enabled
 .text.irq_set_exclusive_handler
                0x10005fdc       0x70 CMakeFiles/OddSIDKick-pico2.dir/Users/misfit/pico/pico-sdk/src/rp2_common/hardware_irq/irq.c.o
                0x10005fdc                irq_set_exclusive_handler
 .text.irq_add_shared_handler
                0x1000604c      0x1f4 CMakeFiles/OddSIDKick-pico2.dir/Users/misfit/pico/pico-sdk/src/rp2_common/hardware_irq/irq.c.o
                0x1000604c                irq_add_shared_handler
 .text.irq_add_tail_to_free_list
                0x10006240       0xcc CMakeFiles/OddSIDKick-pico2.dir/Users/misfit/pico/pico-sdk/src/rp2_common/hardware_irq/irq.c.o
                0x10006240                irq_add_tail_to_free_list
 .text.lock_init
                0x1000630c        0xc CMakeFiles/OddSIDKick-pico2.dir/Users/misfit/pico/pico-sdk/src/common/pico_sync/lock_core.c.o
                0x1000630c                lock_init
 .text.runtime_init_mutex
                0x10006318       0x4c CMakeFiles/OddSIDKick-pico2.dir/Users/misfit/pico/pico-sdk/src/common/pico_sync/mutex.c.o
                0x10006318                runtime_init_mutex
 .text.mutex_init
                0x10006364       0x1c CMakeFiles/OddSIDKick-pico2.dir/Users/misfit/pico/pico-sdk/src/common/pico_sync/mutex.c.o
                0x10006364                mutex_init
 .text.critical_section_init
                0x10006380       0x1c CMakeFiles/OddSIDKick-pico2.dir/Users/misfit/pico/pico-sdk/src/common/pico_sync/critical_section.c.o
                0x10006380                critical_section_init
 .text.sleep_until_callback
                0x1000639c       0x3c CMakeFiles/OddSIDKick-pico2.dir/Users/misfit/pico/pico-sdk/src/common/pico_time/time.c.o
 .text.alarm_pool_irq_handler
                0x100063d8      0x2ec CMakeFiles/OddSIDKick-pico2.dir/Users/misfit/pico/pico-sdk/src/common/pico_time/time.c.o
 .text.runtime_init_default_alarm_pool
                0x100066c4      0x104 CMakeFiles/OddSIDKick-pico2.dir/Users/misfit/pico/pico-sdk/src/common/pico_time/time.c.o
                0x100066c4                runtime_init_default_alarm_pool
 .text.alarm_pool_add_alarm_at_force_in_context
                0x100067c8       0xcc CMakeFiles/OddSIDKick-pico2.dir/Users/misfit/pico/pico-sdk/src/common/pico_time/time.c.o
                0x100067c8                alarm_pool_add_alarm_at_force_in_context
 .text.alarm_pool_cancel_alarm
                0x10006894       0x84 CMakeFiles/OddSIDKick-pico2.dir/Users/misfit/pico/pico-sdk/src/common/pico_time/time.c.o
                0x10006894                alarm_pool_cancel_alarm
 .text.sleep_us
                0x10006918       0xd8 CMakeFiles/OddSIDKick-pico2.dir/Users/misfit/pico/pico-sdk/src/common/pico_time/time.c.o
                0x10006918                sleep_us
 .text.best_effort_wfe_or_timeout
                0x100069f0       0xf8 CMakeFiles/OddSIDKick-pico2.dir/Users/misfit/pico/pico-sdk/src/common/pico_time/time.c.o
                0x100069f0                best_effort_wfe_or_timeout
 .text.timer_hardware_alarm_claim
                0x10006ae8       0x24 CMakeFiles/OddSIDKick-pico2.dir/Users/misfit/pico/pico-sdk/src/rp2_common/hardware_timer/timer.c.o
                0x10006ae8                timer_hardware_alarm_claim
 .text.timer_time_us_64
                0x10006b0c       0x10 CMakeFiles/OddSIDKick-pico2.dir/Users/misfit/pico/pico-sdk/src/rp2_common/hardware_timer/timer.c.o
                0x10006b0c                timer_time_us_64
 .text.time_us_64
                0x10006b1c       0x14 CMakeFiles/OddSIDKick-pico2.dir/Users/misfit/pico/pico-sdk/src/rp2_common/hardware_timer/timer.c.o
                0x10006b1c                time_us_64
 .text.busy_wait_us
                0x10006b30       0x60 CMakeFiles/OddSIDKick-pico2.dir/Users/misfit/pico/pico-sdk/src/rp2_common/hardware_timer/timer.c.o
                0x10006b30                busy_wait_us
 .text.busy_wait_until
                0x10006b90       0x24 CMakeFiles/OddSIDKick-pico2.dir/Users/misfit/pico/pico-sdk/src/rp2_common/hardware_timer/timer.c.o
                0x10006b90                busy_wait_until
 .text.uart_init
                0x10006bb4      0x110 CMakeFiles/OddSIDKick-pico2.dir/Users/misfit/pico/pico-sdk/src/rp2_common/hardware_uart/uart.c.o
                0x10006bb4                uart_init
 .text.uart_set_format
                0x10006cc4       0x7c CMakeFiles/OddSIDKick-pico2.dir/Users/misfit/pico/pico-sdk/src/rp2_common/hardware_uart/uart.c.o
                0x10006cc4                uart_set_format
 .text.uart_set_fifo_enabled
                0x10006d40       0x64 CMakeFiles/OddSIDKick-pico2.dir/Users/misfit/pico/pico-sdk/src/rp2_common/hardware_uart/uart.c.o
                0x10006d40                uart_set_fifo_enabled
 .text.clock_configure_undivided
                0x10006da4       0xdc CMakeFiles/OddSIDKick-pico2.dir/Users/misfit/pico/pico-sdk/src/rp2_common/hardware_clocks/clocks.c.o
                0x10006da4                clock_configure_undivided
 .text.clock_get_hz
                0x10006e80        0xc CMakeFiles/OddSIDKick-pico2.dir/Users/misfit/pico/pico-sdk/src/rp2_common/hardware_clocks/clocks.c.o
                0x10006e80                clock_get_hz
 .text.set_sys_clock_pll
                0x10006e8c      0x188 CMakeFiles/OddSIDKick-pico2.dir/Users/misfit/pico/pico-sdk/src/rp2_common/hardware_clocks/clocks.c.o
                0x10006e8c                set_sys_clock_pll
 .text.pll_init
                0x10007014       0x90 CMakeFiles/OddSIDKick-pico2.dir/Users/misfit/pico/pico-sdk/src/rp2_common/hardware_pll/pll.c.o
                0x10007014                pll_init
 .text.vreg_set_voltage
                0x100070a4       0x44 CMakeFiles/OddSIDKick-pico2.dir/Users/misfit/pico/pico-sdk/src/rp2_common/hardware_vreg/vreg.c.o
                0x100070a4                vreg_set_voltage
 .text.watchdog_reboot
                0x100070e8       0xac CMakeFiles/OddSIDKick-pico2.dir/Users/misfit/pico/pico-sdk/src/rp2_common/hardware_watchdog/watchdog.c.o
                0x100070e8                watchdog_reboot
 .text.tick_start
                0x10007194       0x18 CMakeFiles/OddSIDKick-pico2.dir/Users/misfit/pico/pico-sdk/src/rp2_common/hardware_ticks/ticks.c.o
                0x10007194                tick_start
 .text.rom_func_lookup
                0x100071ac       0x18 CMakeFiles/OddSIDKick-pico2.dir/Users/misfit/pico/pico-sdk/src/rp2_common/pico_bootrom/bootrom.c.o
                0x100071ac                rom_func_lookup
 .text.runtime_init_bootrom_locking_enable
                0x100071c4       0x14 CMakeFiles/OddSIDKick-pico2.dir/Users/misfit/pico/pico-sdk/src/rp2_common/pico_bootrom/bootrom_lock.c.o
                0x100071c4                runtime_init_bootrom_locking_enable
 .text.runtime_init_boot_locks_reset
                0x100071d8       0x1c CMakeFiles/OddSIDKick-pico2.dir/Users/misfit/pico/pico-sdk/src/rp2_common/hardware_boot_lock/boot_lock.c.o
                0x100071d8                runtime_init_boot_locks_reset
 .text.xosc_init
                0x100071f4       0x2c CMakeFiles/OddSIDKick-pico2.dir/Users/misfit/pico/pico-sdk/src/rp2_common/hardware_xosc/xosc.c.o
                0x100071f4                xosc_init
 .text.first_per_core_initializer
                0x10007220        0x4 CMakeFiles/OddSIDKick-pico2.dir/Users/misfit/pico/pico-sdk/src/rp2_common/pico_runtime/runtime.c.o
 .text.hard_assertion_failure
                0x10007224        0xc CMakeFiles/OddSIDKick-pico2.dir/Users/misfit/pico/pico-sdk/src/rp2_common/pico_runtime/runtime.c.o
                0x10007224                hard_assertion_failure
 .text.runtime_run_initializers
                0x10007230       0x20 CMakeFiles/OddSIDKick-pico2.dir/Users/misfit/pico/pico-sdk/src/rp2_common/pico_runtime/runtime.c.o
                0x10007230                runtime_run_initializers
 .text.runtime_run_per_core_initializers
                0x10007250       0x20 CMakeFiles/OddSIDKick-pico2.dir/Users/misfit/pico/pico-sdk/src/rp2_common/pico_runtime/runtime.c.o
                0x10007250                runtime_run_per_core_initializers
 .text.runtime_init_early_resets
                0x10007270       0x30 CMakeFiles/OddSIDKick-pico2.dir/Users/misfit/pico/pico-sdk/src/rp2_common/pico_runtime_init/runtime_init.c.o
                0x10007270                runtime_init_early_resets
 .text.runtime_init_usb_power_down
                0x100072a0       0x1c CMakeFiles/OddSIDKick-pico2.dir/Users/misfit/pico/pico-sdk/src/rp2_common/pico_runtime_init/runtime_init.c.o
                0x100072a0                runtime_init_usb_power_down
 .text.runtime_init_per_core_enable_coprocessors
                0x100072bc       0x1c CMakeFiles/OddSIDKick-pico2.dir/Users/misfit/pico/pico-sdk/src/rp2_common/pico_runtime_init/runtime_init.c.o
                0x100072bc                runtime_init_per_core_enable_coprocessors
 .text.runtime_init_post_clock_resets
                0x100072d8       0x20 CMakeFiles/OddSIDKick-pico2.dir/Users/misfit/pico/pico-sdk/src/rp2_common/pico_runtime_init/runtime_init.c.o
                0x100072d8                runtime_init_post_clock_resets
 .text.runtime_init_bootrom_reset
                0x100072f8       0x14 CMakeFiles/OddSIDKick-pico2.dir/Users/misfit/pico/pico-sdk/src/rp2_common/pico_runtime_init/runtime_init.c.o
                0x100072f8                runtime_init_bootrom_reset
 .text.runtime_init_per_core_bootrom_reset
                0x1000730c       0x14 CMakeFiles/OddSIDKick-pico2.dir/Users/misfit/pico/pico-sdk/src/rp2_common/pico_runtime_init/runtime_init.c.o
                0x1000730c                runtime_init_per_core_bootrom_reset
 .text.runtime_init_spin_locks_reset
                0x10007320        0x4 CMakeFiles/OddSIDKick-pico2.dir/Users/misfit/pico/pico-sdk/src/rp2_common/pico_runtime_init/runtime_init.c.o
                0x10007320                runtime_init_spin_locks_reset
 .text.runtime_init_install_ram_vector_table
                0x10007324       0x68 CMakeFiles/OddSIDKick-pico2.dir/Users/misfit/pico/pico-sdk/src/rp2_common/pico_runtime_init/runtime_init.c.o
                0x10007324                runtime_init_install_ram_vector_table
 .text.runtime_init_clocks
                0x1000738c       0xdc CMakeFiles/OddSIDKick-pico2.dir/Users/misfit/pico/pico-sdk/src/rp2_common/pico_runtime_init/runtime_init_clocks.c.o
                0x1000738c                runtime_init_clocks
 .text.__wrap_ceil
                0x10007468       0x78 CMakeFiles/OddSIDKick-pico2.dir/Users/misfit/pico/pico-sdk/src/rp2_common/pico_double/double_math.c.o
                0x10007468                __wrap_ceil
 .text.__rp2350_dcp_engaged_state_save_restore
                0x100074e0       0x3a CMakeFiles/OddSIDKick-pico2.dir/Users/misfit/pico/pico-sdk/src/rp2_common/pico_double/double_aeabi_dcp.S.o
 *fill*         0x1000751a        0x2 
 .text.__wrap___aeabi_dadd
                0x1000751c       0x28 CMakeFiles/OddSIDKick-pico2.dir/Users/misfit/pico/pico-sdk/src/rp2_common/pico_double/double_aeabi_dcp.S.o
                0x10007524                __wrap___aeabi_dadd
 .text.__wrap___aeabi_dsub
                0x10007544       0x28 CMakeFiles/OddSIDKick-pico2.dir/Users/misfit/pico/pico-sdk/src/rp2_common/pico_double/double_aeabi_dcp.S.o
                0x1000754c                __wrap___aeabi_dsub
 .text.__wrap___aeabi_dmul
                0x1000756c       0x4c CMakeFiles/OddSIDKick-pico2.dir/Users/misfit/pico/pico-sdk/src/rp2_common/pico_double/double_aeabi_dcp.S.o
                0x10007574                __wrap___aeabi_dmul
 .text.__wrap___aeabi_ddiv
                0x100075b8       0x9c CMakeFiles/OddSIDKick-pico2.dir/Users/misfit/pico/pico-sdk/src/rp2_common/pico_double/double_aeabi_dcp.S.o
                0x100075c0                __wrap___aeabi_ddiv
 .text.__wrap___aeabi_d2f
                0x10007654       0x1c CMakeFiles/OddSIDKick-pico2.dir/Users/misfit/pico/pico-sdk/src/rp2_common/pico_double/double_aeabi_dcp.S.o
                0x1000765c                double2float
                0x1000765c                __wrap___aeabi_d2f
 .text.__wrap___aeabi_i2d
                0x10007670       0x24 CMakeFiles/OddSIDKick-pico2.dir/Users/misfit/pico/pico-sdk/src/rp2_common/pico_double/double_aeabi_dcp.S.o
                0x10007678                __wrap___aeabi_i2d
                0x10007678                int2double
 .text.__wrap___aeabi_ui2d
                0x10007694       0x24 CMakeFiles/OddSIDKick-pico2.dir/Users/misfit/pico/pico-sdk/src/rp2_common/pico_double/double_aeabi_dcp.S.o
                0x1000769c                __wrap___aeabi_ui2d
                0x1000769c                uint2double
 .text.__wrap___aeabi_d2iz
                0x100076b8       0x24 CMakeFiles/OddSIDKick-pico2.dir/Users/misfit/pico/pico-sdk/src/rp2_common/pico_double/double_aeabi_dcp.S.o
                0x100076c0                __wrap___aeabi_d2iz
                0x100076c0                double2int_z
 .text.__wrap___aeabi_d2uiz
                0x100076dc       0x24 CMakeFiles/OddSIDKick-pico2.dir/Users/misfit/pico/pico-sdk/src/rp2_common/pico_double/double_aeabi_dcp.S.o
                0x100076e4                double2uint_z
                0x100076e4                double2uint
                0x100076e4                __wrap___aeabi_d2uiz
 .text.__wrap___aeabi_dcmpun
                0x10007700       0x24 CMakeFiles/OddSIDKick-pico2.dir/Users/misfit/pico/pico-sdk/src/rp2_common/pico_double/double_aeabi_dcp.S.o
                0x10007708                __wrap___aeabi_dcmpun
 .text.__wrap___aeabi_dcmplt
                0x10007724       0x28 CMakeFiles/OddSIDKick-pico2.dir/Users/misfit/pico/pico-sdk/src/rp2_common/pico_double/double_aeabi_dcp.S.o
                0x1000772c                __wrap___aeabi_dcmplt
 .text.__wrap___aeabi_dcmple
                0x1000774c       0x28 CMakeFiles/OddSIDKick-pico2.dir/Users/misfit/pico/pico-sdk/src/rp2_common/pico_double/double_aeabi_dcp.S.o
                0x10007754                __wrap___aeabi_dcmple
 .text.__wrap___aeabi_dcmpge
                0x10007774       0x28 CMakeFiles/OddSIDKick-pico2.dir/Users/misfit/pico/pico-sdk/src/rp2_common/pico_double/double_aeabi_dcp.S.o
                0x1000777c                __wrap___aeabi_dcmpge
 .text.__wrap___aeabi_dcmpgt
                0x1000779c       0x28 CMakeFiles/OddSIDKick-pico2.dir/Users/misfit/pico/pico-sdk/src/rp2_common/pico_double/double_aeabi_dcp.S.o
                0x100077a4                __wrap___aeabi_dcmpgt
 .text.dpack    0x100077c4       0x58 CMakeFiles/OddSIDKick-pico2.dir/Users/misfit/pico/pico-sdk/src/rp2_common/pico_double/double_sci_m33.S.o
 .text.dreduce  0x1000781c       0x7a CMakeFiles/OddSIDKick-pico2.dir/Users/misfit/pico/pico-sdk/src/rp2_common/pico_double/double_sci_m33.S.o
 *fill*         0x10007896        0x2 
 .text.exptab   0x10007898      0x1fc CMakeFiles/OddSIDKick-pico2.dir/Users/misfit/pico/pico-sdk/src/rp2_common/pico_double/double_sci_m33.S.o
                0x10007898                exptab0
                0x100078f8                exptab1
                0x10007988                exptab2
                0x10007a08                logtab0
 .text.__wrap_exp
                0x10007a94      0x148 CMakeFiles/OddSIDKick-pico2.dir/Users/misfit/pico/pico-sdk/src/rp2_common/pico_double/double_sci_m33.S.o
                0x10007abe                __wrap_exp
 .text.__wrap_log
                0x10007bdc      0x358 CMakeFiles/OddSIDKick-pico2.dir/Users/misfit/pico/pico-sdk/src/rp2_common/pico_double/double_sci_m33.S.o
                0x10007dba                __wrap_log
 .text.fpow_int2
                0x10007f34      0x104 CMakeFiles/OddSIDKick-pico2.dir/Users/misfit/pico/pico-sdk/src/rp2_common/pico_float/float_math.c.o
 .text.fpow_0   0x10008038       0xe8 CMakeFiles/OddSIDKick-pico2.dir/Users/misfit/pico/pico-sdk/src/rp2_common/pico_float/float_math.c.o
 .text.__wrap_powf
                0x10008120      0x1bc CMakeFiles/OddSIDKick-pico2.dir/Users/misfit/pico/pico-sdk/src/rp2_common/pico_float/float_math.c.o
                0x10008120                __wrap_powf
 .text.frrcore_v
                0x100082dc       0x54 CMakeFiles/OddSIDKick-pico2.dir/Users/misfit/pico/pico-sdk/src/rp2_common/pico_float/float_sci_m33_vfp.S.o
 .text.__wrap_logf
                0x10008330      0x188 CMakeFiles/OddSIDKick-pico2.dir/Users/misfit/pico/pico-sdk/src/rp2_common/pico_float/float_sci_m33_vfp.S.o
                0x10008330                __wrap_logf
 .text.__wrap_fsin_fcos
                0x100084b8      0x388 CMakeFiles/OddSIDKick-pico2.dir/Users/misfit/pico/pico-sdk/src/rp2_common/pico_float/float_sci_m33_vfp.S.o
                0x10008594                __wrap_sincosf
                0x10008600                __wrap_sinf
                0x10008606                __wrap_cosf
 .text.__wrap_malloc
                0x10008840       0x38 CMakeFiles/OddSIDKick-pico2.dir/Users/misfit/pico/pico-sdk/src/rp2_common/pico_malloc/malloc.c.o
                0x10008840                __wrap_malloc
 .text.__wrap_calloc
                0x10008878       0x40 CMakeFiles/OddSIDKick-pico2.dir/Users/misfit/pico/pico-sdk/src/rp2_common/pico_malloc/malloc.c.o
                0x10008878                __wrap_calloc
 .text.__wrap_free
                0x100088b8       0x20 CMakeFiles/OddSIDKick-pico2.dir/Users/misfit/pico/pico-sdk/src/rp2_common/pico_malloc/malloc.c.o
                0x100088b8                __wrap_free
 .text._Znwj    0x100088d8        0x4 CMakeFiles/OddSIDKick-pico2.dir/Users/misfit/pico/pico-sdk/src/rp2_common/pico_cxx_options/new_delete.cpp.o
                0x100088d8                operator new(unsigned int)
 .text._Znaj    0x100088dc        0x4 CMakeFiles/OddSIDKick-pico2.dir/Users/misfit/pico/pico-sdk/src/rp2_common/pico_cxx_options/new_delete.cpp.o
                0x100088dc                operator new[](unsigned int)
 .text._ZdaPv   0x100088e0        0x4 CMakeFiles/OddSIDKick-pico2.dir/Users/misfit/pico/pico-sdk/src/rp2_common/pico_cxx_options/new_delete.cpp.o
                0x100088e0                operator delete[](void*)
 .text._out_null
                0x100088e4        0x4 CMakeFiles/OddSIDKick-pico2.dir/Users/misfit/pico/pico-sdk/src/rp2_common/pico_printf/printf.c.o
 .text._out_rev
                0x100088e8       0xa8 CMakeFiles/OddSIDKick-pico2.dir/Users/misfit/pico/pico-sdk/src/rp2_common/pico_printf/printf.c.o
 .text._ntoa_format
                0x10008990      0x1dc CMakeFiles/OddSIDKick-pico2.dir/Users/misfit/pico/pico-sdk/src/rp2_common/pico_printf/printf.c.o
 .text._out_char
                0x10008b6c        0x8 CMakeFiles/OddSIDKick-pico2.dir/Users/misfit/pico/pico-sdk/src/rp2_common/pico_printf/printf.c.o
 .text._out_fct
                0x10008b74        0xc CMakeFiles/OddSIDKick-pico2.dir/Users/misfit/pico/pico-sdk/src/rp2_common/pico_printf/printf.c.o
 .text._ftoa    0x10008b80      0x494 CMakeFiles/OddSIDKick-pico2.dir/Users/misfit/pico/pico-sdk/src/rp2_common/pico_printf/printf.c.o
 *fill*         0x10009014        0x4 
 .text._etoa    0x10009018      0x584 CMakeFiles/OddSIDKick-pico2.dir/Users/misfit/pico/pico-sdk/src/rp2_common/pico_printf/printf.c.o
 .text._vsnprintf
                0x1000959c      0x9d8 CMakeFiles/OddSIDKick-pico2.dir/Users/misfit/pico/pico-sdk/src/rp2_common/pico_printf/printf.c.o
 .text.vfctprintf
                0x10009f74       0x24 CMakeFiles/OddSIDKick-pico2.dir/Users/misfit/pico/pico-sdk/src/rp2_common/pico_printf/printf.c.o
                0x10009f74                vfctprintf
 .text.weak_raw_vprintf
                0x10009f98       0x30 CMakeFiles/OddSIDKick-pico2.dir/Users/misfit/pico/pico-sdk/src/rp2_common/pico_printf/printf.c.o
                0x10009f98                weak_raw_vprintf
 .text._exit    0x10009fc8        0x4 CMakeFiles/OddSIDKick-pico2.dir/Users/misfit/pico/pico-sdk/src/rp2_common/pico_clib_interface/newlib_interface.c.o
                0x10009fc8                _exit
 .text._sbrk    0x10009fcc       0x2c CMakeFiles/OddSIDKick-pico2.dir/Users/misfit/pico/pico-sdk/src/rp2_common/pico_clib_interface/newlib_interface.c.o
                0x10009fcc                _sbrk
 .text.exit     0x10009ff8        0x8 CMakeFiles/OddSIDKick-pico2.dir/Users/misfit/pico/pico-sdk/src/rp2_common/pico_clib_interface/newlib_interface.c.o
                0x10009ff8                exit
 .text.runtime_init
                0x1000a000       0x24 CMakeFiles/OddSIDKick-pico2.dir/Users/misfit/pico/pico-sdk/src/rp2_common/pico_clib_interface/newlib_interface.c.o
                0x1000a000                runtime_init
 .text.stdio_out_chars_no_crlf
                0x1000a024        0x8 CMakeFiles/OddSIDKick-pico2.dir/Users/misfit/pico/pico-sdk/src/rp2_common/pico_stdio/stdio.c.o
 .text.stdio_out_chars_crlf
                0x1000a02c       0xc0 CMakeFiles/OddSIDKick-pico2.dir/Users/misfit/pico/pico-sdk/src/rp2_common/pico_stdio/stdio.c.o
 .text.stdio_buffered_printer
                0x1000a0ec       0x5c CMakeFiles/OddSIDKick-pico2.dir/Users/misfit/pico/pico-sdk/src/rp2_common/pico_stdio/stdio.c.o
 .text.stdio_put_string
                0x1000a148       0xec CMakeFiles/OddSIDKick-pico2.dir/Users/misfit/pico/pico-sdk/src/rp2_common/pico_stdio/stdio.c.o
                0x1000a148                stdio_put_string
 .text.__wrap_putchar
                0x1000a234       0x84 CMakeFiles/OddSIDKick-pico2.dir/Users/misfit/pico/pico-sdk/src/rp2_common/pico_stdio/stdio.c.o
                0x1000a234                stdio_putchar
                0x1000a234                __wrap_putchar
 .text.__wrap_puts
                0x1000a2b8       0x3c CMakeFiles/OddSIDKick-pico2.dir/Users/misfit/pico/pico-sdk/src/rp2_common/pico_stdio/stdio.c.o
                0x1000a2b8                __wrap_puts
                0x1000a2b8                stdio_puts
 .text.__wrap_vprintf
                0x1000a2f4       0xc0 CMakeFiles/OddSIDKick-pico2.dir/Users/misfit/pico/pico-sdk/src/rp2_common/pico_stdio/stdio.c.o
                0x1000a2f4                __wrap_vprintf
                0x1000a2f4                stdio_vprintf
 .text.__wrap_printf
                0x1000a3b4       0x1c CMakeFiles/OddSIDKick-pico2.dir/Users/misfit/pico/pico-sdk/src/rp2_common/pico_stdio/stdio.c.o
                0x1000a3b4                stdio_printf
                0x1000a3b4                __wrap_printf
 .text.core1_trampoline
                0x1000a3d0        0x4 CMakeFiles/OddSIDKick-pico2.dir/Users/misfit/pico/pico-sdk/src/rp2_common/pico_multicore/multicore.c.o
 .text.core1_wrapper
                0x1000a3d4       0x14 CMakeFiles/OddSIDKick-pico2.dir/Users/misfit/pico/pico-sdk/src/rp2_common/pico_multicore/multicore.c.o
                0x1000a3d4                core1_wrapper
 .text.multicore_launch_core1_raw
                0x1000a3e8       0x80 CMakeFiles/OddSIDKick-pico2.dir/Users/misfit/pico/pico-sdk/src/rp2_common/pico_multicore/multicore.c.o
                0x1000a3e8                multicore_launch_core1_raw
 .text.multicore_launch_core1
                0x1000a468       0x48 CMakeFiles/OddSIDKick-pico2.dir/Users/misfit/pico/pico-sdk/src/rp2_common/pico_multicore/multicore.c.o
                0x1000a468                multicore_launch_core1
 .text.adc_init
                0x1000a4b0       0x30 CMakeFiles/OddSIDKick-pico2.dir/Users/misfit/pico/pico-sdk/src/rp2_common/hardware_adc/adc.c.o
                0x1000a4b0                adc_init
 .text.pio_sm_claim
                0x1000a4e0       0x48 CMakeFiles/OddSIDKick-pico2.dir/Users/misfit/pico/pico-sdk/src/rp2_common/hardware_pio/pio.c.o
                0x1000a4e0                pio_sm_claim
 .text.pio_add_program
                0x1000a528      0x108 CMakeFiles/OddSIDKick-pico2.dir/Users/misfit/pico/pico-sdk/src/rp2_common/hardware_pio/pio.c.o
                0x1000a528                pio_add_program
 .text.pio_sm_set_pins
                0x1000a630       0x64 CMakeFiles/OddSIDKick-pico2.dir/Users/misfit/pico/pico-sdk/src/rp2_common/hardware_pio/pio.c.o
                0x1000a630                pio_sm_set_pins
 .text.pio_sm_set_pindirs_with_mask
                0x1000a694       0x74 CMakeFiles/OddSIDKick-pico2.dir/Users/misfit/pico/pico-sdk/src/rp2_common/hardware_pio/pio.c.o
                0x1000a694                pio_sm_set_pindirs_with_mask
 .text.pio_sm_init
                0x1000a708       0xa8 CMakeFiles/OddSIDKick-pico2.dir/Users/misfit/pico/pico-sdk/src/rp2_common/hardware_pio/pio.c.o
                0x1000a708                pio_sm_init
 .text.wrap_consumer_take
                0x1000a7b0       0x54 CMakeFiles/OddSIDKick-pico2.dir/Users/misfit/pico/pico-extras/src/rp2_common/pico_audio_i2s/audio_i2s.c.o
 .text.audio_i2s_setup
                0x1000a804      0x128 CMakeFiles/OddSIDKick-pico2.dir/Users/misfit/pico/pico-extras/src/rp2_common/pico_audio_i2s/audio_i2s.c.o
                0x1000a804                audio_i2s_setup
 .text.audio_i2s_connect
                0x1000a92c       0xa4 CMakeFiles/OddSIDKick-pico2.dir/Users/misfit/pico/pico-extras/src/rp2_common/pico_audio_i2s/audio_i2s.c.o
                0x1000a92c                audio_i2s_connect
 .text.audio_i2s_set_enabled
                0x1000a9d0       0xbc CMakeFiles/OddSIDKick-pico2.dir/Users/misfit/pico/pico-extras/src/rp2_common/pico_audio_i2s/audio_i2s.c.o
                0x1000a9d0                audio_i2s_set_enabled
 .text.dma_channel_claim
                0x1000aa8c       0x14 CMakeFiles/OddSIDKick-pico2.dir/Users/misfit/pico/pico-sdk/src/rp2_common/hardware_dma/dma.c.o
                0x1000aa8c                dma_channel_claim
 .text.producer_pool_give_buffer_default
                0x1000aaa0       0x4c CMakeFiles/OddSIDKick-pico2.dir/Users/misfit/pico/pico-extras/src/common/pico_audio/audio.cpp.o
                0x1000aaa0                producer_pool_give_buffer_default
 .text.producer_pool_take_buffer_default
                0x1000aaec       0x88 CMakeFiles/OddSIDKick-pico2.dir/Users/misfit/pico/pico-extras/src/common/pico_audio/audio.cpp.o
                0x1000aaec                producer_pool_take_buffer_default
 .text.consumer_pool_give_buffer_default
                0x1000ab74       0x40 CMakeFiles/OddSIDKick-pico2.dir/Users/misfit/pico/pico-extras/src/common/pico_audio/audio.cpp.o
                0x1000ab74                consumer_pool_give_buffer_default
 .text.get_full_audio_buffer
                0x1000abb4       0x94 CMakeFiles/OddSIDKick-pico2.dir/Users/misfit/pico/pico-extras/src/common/pico_audio/audio.cpp.o
                0x1000abb4                get_full_audio_buffer
 .text.consumer_pool_take_buffer_default
                0x1000ac48        0x8 CMakeFiles/OddSIDKick-pico2.dir/Users/misfit/pico/pico-extras/src/common/pico_audio/audio.cpp.o
                0x1000ac48                consumer_pool_take_buffer_default
 .text._Z21audio_new_buffer_poolP19audio_buffer_formatii
                0x1000ac50       0xd4 CMakeFiles/OddSIDKick-pico2.dir/Users/misfit/pico/pico-extras/src/common/pico_audio/audio.cpp.o
                0x1000ac50                audio_new_buffer_pool(audio_buffer_format*, int, int)
 .text.audio_new_producer_pool
                0x1000ad24        0xc CMakeFiles/OddSIDKick-pico2.dir/Users/misfit/pico/pico-extras/src/common/pico_audio/audio.cpp.o
                0x1000ad24                audio_new_producer_pool
 .text.audio_new_consumer_pool
                0x1000ad30        0xc CMakeFiles/OddSIDKick-pico2.dir/Users/misfit/pico/pico-extras/src/common/pico_audio/audio.cpp.o
                0x1000ad30                audio_new_consumer_pool
 .text.audio_complete_connection
                0x1000ad3c        0xc CMakeFiles/OddSIDKick-pico2.dir/Users/misfit/pico/pico-extras/src/common/pico_audio/audio.cpp.o
                0x1000ad3c                audio_complete_connection
 .text.give_audio_buffer
                0x1000ad48       0x14 CMakeFiles/OddSIDKick-pico2.dir/Users/misfit/pico/pico-extras/src/common/pico_audio/audio.cpp.o
                0x1000ad48                give_audio_buffer
 .text.take_audio_buffer
                0x1000ad5c       0x10 CMakeFiles/OddSIDKick-pico2.dir/Users/misfit/pico/pico-extras/src/common/pico_audio/audio.cpp.o
                0x1000ad5c                take_audio_buffer
 .text.stereo_to_stereo_consumer_take
                0x1000ad6c      0x1a0 CMakeFiles/OddSIDKick-pico2.dir/Users/misfit/pico/pico-extras/src/common/pico_audio/audio.cpp.o
                0x1000ad6c                stereo_to_stereo_consumer_take
 .text.dcd_init
                0x1000af0c       0x9c CMakeFiles/OddSIDKick-pico2.dir/Users/misfit/pico/pico-sdk/lib/tinyusb/src/portable/raspberrypi/rp2040/dcd_rp2040.c.o
                0x1000af0c                dcd_init
 .text.dcd_int_enable
                0x1000afa8        0x8 CMakeFiles/OddSIDKick-pico2.dir/Users/misfit/pico/pico-sdk/lib/tinyusb/src/portable/raspberrypi/rp2040/dcd_rp2040.c.o
                0x1000afa8                dcd_int_enable
 .text.dcd_set_address
                0x1000afb0       0x10 CMakeFiles/OddSIDKick-pico2.dir/Users/misfit/pico/pico-sdk/lib/tinyusb/src/portable/raspberrypi/rp2040/dcd_rp2040.c.o
                0x1000afb0                dcd_set_address
 .text.dcd_sof_enable
                0x1000afc0       0x1c CMakeFiles/OddSIDKick-pico2.dir/Users/misfit/pico/pico-sdk/lib/tinyusb/src/portable/raspberrypi/rp2040/dcd_rp2040.c.o
                0x1000afc0                dcd_sof_enable
 .text.dcd_edpt0_status_complete
                0x1000afdc       0x1c CMakeFiles/OddSIDKick-pico2.dir/Users/misfit/pico/pico-sdk/lib/tinyusb/src/portable/raspberrypi/rp2040/dcd_rp2040.c.o
                0x1000afdc                dcd_edpt0_status_complete
 .text.dcd_edpt_open
                0x1000aff8      0x10c CMakeFiles/OddSIDKick-pico2.dir/Users/misfit/pico/pico-sdk/lib/tinyusb/src/portable/raspberrypi/rp2040/dcd_rp2040.c.o
                0x1000aff8                dcd_edpt_open
 .text.dcd_edpt_close_all
                0x1000b104        0x4 CMakeFiles/OddSIDKick-pico2.dir/Users/misfit/pico/pico-sdk/lib/tinyusb/src/portable/raspberrypi/rp2040/dcd_rp2040.c.o
                0x1000b104                dcd_edpt_close_all
 .text.dcd_edpt_xfer
                0x1000b108       0x28 CMakeFiles/OddSIDKick-pico2.dir/Users/misfit/pico/pico-sdk/lib/tinyusb/src/portable/raspberrypi/rp2040/dcd_rp2040.c.o
                0x1000b108                dcd_edpt_xfer
 .text.dcd_edpt_stall
                0x1000b130       0x30 CMakeFiles/OddSIDKick-pico2.dir/Users/misfit/pico/pico-sdk/lib/tinyusb/src/portable/raspberrypi/rp2040/dcd_rp2040.c.o
                0x1000b130                dcd_edpt_stall
 .text.dcd_edpt_clear_stall
                0x1000b160       0x24 CMakeFiles/OddSIDKick-pico2.dir/Users/misfit/pico/pico-sdk/lib/tinyusb/src/portable/raspberrypi/rp2040/dcd_rp2040.c.o
                0x1000b160                dcd_edpt_clear_stall
 .text.rp2040_usb_init
                0x1000b184       0x40 CMakeFiles/OddSIDKick-pico2.dir/Users/misfit/pico/pico-sdk/lib/tinyusb/src/portable/raspberrypi/rp2040/rp2040_usb.c.o
                0x1000b184                rp2040_usb_init
 .text.hw_endpoint_xfer_start
                0x1000b1c4       0x40 CMakeFiles/OddSIDKick-pico2.dir/Users/misfit/pico/pico-sdk/lib/tinyusb/src/portable/raspberrypi/rp2040/rp2040_usb.c.o
                0x1000b1c4                hw_endpoint_xfer_start
 .text.tud_vendor_control_xfer_cb
                0x1000b204        0x4 CMakeFiles/OddSIDKick-pico2.dir/Users/misfit/pico/pico-sdk/lib/tinyusb/src/device/usbd.c.o
                0x1000b204                tud_vendor_control_xfer_cb
 .text.configuration_reset
                0x1000b208       0x8c CMakeFiles/OddSIDKick-pico2.dir/Users/misfit/pico/pico-sdk/lib/tinyusb/src/device/usbd.c.o
 .text.tud_event_hook_cb
                0x1000b294        0x4 CMakeFiles/OddSIDKick-pico2.dir/Users/misfit/pico/pico-sdk/lib/tinyusb/src/device/usbd.c.o
                0x1000b294                tud_event_hook_cb
 .text.tud_sof_cb
                0x1000b298        0x4 CMakeFiles/OddSIDKick-pico2.dir/Users/misfit/pico/pico-sdk/lib/tinyusb/src/device/usbd.c.o
                0x1000b298                tud_sof_cb
 .text.tud_descriptor_bos_cb
                0x1000b29c        0x4 CMakeFiles/OddSIDKick-pico2.dir/Users/misfit/pico/pico-sdk/lib/tinyusb/src/device/usbd.c.o
                0x1000b29c                tud_descriptor_bos_cb
 .text.tud_descriptor_device_qualifier_cb
                0x1000b2a0        0x4 CMakeFiles/OddSIDKick-pico2.dir/Users/misfit/pico/pico-sdk/lib/tinyusb/src/device/usbd.c.o
                0x1000b2a0                tud_descriptor_device_qualifier_cb
 .text.tud_descriptor_other_speed_configuration_cb
                0x1000b2a4        0x4 CMakeFiles/OddSIDKick-pico2.dir/Users/misfit/pico/pico-sdk/lib/tinyusb/src/device/usbd.c.o
                0x1000b2a4                tud_descriptor_other_speed_configuration_cb
 .text.tud_mount_cb
                0x1000b2a8        0x4 CMakeFiles/OddSIDKick-pico2.dir/Users/misfit/pico/pico-sdk/lib/tinyusb/src/device/usbd.c.o
                0x1000b2a8                tud_mount_cb
 .text.tud_umount_cb
                0x1000b2ac        0x4 CMakeFiles/OddSIDKick-pico2.dir/Users/misfit/pico/pico-sdk/lib/tinyusb/src/device/usbd.c.o
                0x1000b2ac                tud_umount_cb
 .text.tud_suspend_cb
                0x1000b2b0        0x4 CMakeFiles/OddSIDKick-pico2.dir/Users/misfit/pico/pico-sdk/lib/tinyusb/src/device/usbd.c.o
                0x1000b2b0                tud_suspend_cb
 .text.tud_resume_cb
                0x1000b2b4        0x4 CMakeFiles/OddSIDKick-pico2.dir/Users/misfit/pico/pico-sdk/lib/tinyusb/src/device/usbd.c.o
                0x1000b2b4                tud_resume_cb
 .text.tud_rhport_init
                0x1000b2b8       0xec CMakeFiles/OddSIDKick-pico2.dir/Users/misfit/pico/pico-sdk/lib/tinyusb/src/device/usbd.c.o
                0x1000b2b8                tud_rhport_init
 .text.tud_task_ext
                0x1000b3a4      0x78c CMakeFiles/OddSIDKick-pico2.dir/Users/misfit/pico/pico-sdk/lib/tinyusb/src/device/usbd.c.o
                0x1000b3a4                tud_task_ext
 .text.usbd_edpt_open
                0x1000bb30       0x5c CMakeFiles/OddSIDKick-pico2.dir/Users/misfit/pico/pico-sdk/lib/tinyusb/src/device/usbd.c.o
                0x1000bb30                usbd_edpt_open
 .text.usbd_edpt_claim
                0x1000bb8c       0x24 CMakeFiles/OddSIDKick-pico2.dir/Users/misfit/pico/pico-sdk/lib/tinyusb/src/device/usbd.c.o
                0x1000bb8c                usbd_edpt_claim
 .text.usbd_edpt_release
                0x1000bbb0       0x24 CMakeFiles/OddSIDKick-pico2.dir/Users/misfit/pico/pico-sdk/lib/tinyusb/src/device/usbd.c.o
                0x1000bbb0                usbd_edpt_release
 .text.usbd_edpt_xfer
                0x1000bbd4       0x70 CMakeFiles/OddSIDKick-pico2.dir/Users/misfit/pico/pico-sdk/lib/tinyusb/src/device/usbd.c.o
                0x1000bbd4                usbd_edpt_xfer
 .text.tud_control_status
                0x1000bc44       0x38 CMakeFiles/OddSIDKick-pico2.dir/Users/misfit/pico/pico-sdk/lib/tinyusb/src/device/usbd_control.c.o
                0x1000bc44                tud_control_status
 .text.tud_control_xfer
                0x1000bc7c       0xb4 CMakeFiles/OddSIDKick-pico2.dir/Users/misfit/pico/pico-sdk/lib/tinyusb/src/device/usbd_control.c.o
                0x1000bc7c                tud_control_xfer
 .text.usbd_control_reset
                0x1000bd30       0x14 CMakeFiles/OddSIDKick-pico2.dir/Users/misfit/pico/pico-sdk/lib/tinyusb/src/device/usbd_control.c.o
                0x1000bd30                usbd_control_reset
 .text.usbd_control_set_complete_callback
                0x1000bd44        0xc CMakeFiles/OddSIDKick-pico2.dir/Users/misfit/pico/pico-sdk/lib/tinyusb/src/device/usbd_control.c.o
                0x1000bd44                usbd_control_set_complete_callback
 .text.usbd_control_set_request
                0x1000bd50       0x1c CMakeFiles/OddSIDKick-pico2.dir/Users/misfit/pico/pico-sdk/lib/tinyusb/src/device/usbd_control.c.o
                0x1000bd50                usbd_control_set_request
 .text.usbd_control_xfer_cb
                0x1000bd6c      0x104 CMakeFiles/OddSIDKick-pico2.dir/Users/misfit/pico/pico-sdk/lib/tinyusb/src/device/usbd_control.c.o
                0x1000bd6c                usbd_control_xfer_cb
 .text.write_flush
                0x1000be70       0x70 CMakeFiles/OddSIDKick-pico2.dir/Users/misfit/pico/pico-sdk/lib/tinyusb/src/class/midi/midi_device.c.o
 .text.tud_midi_n_available
                0x1000bee0       0x28 CMakeFiles/OddSIDKick-pico2.dir/Users/misfit/pico/pico-sdk/lib/tinyusb/src/class/midi/midi_device.c.o
                0x1000bee0                tud_midi_n_available
 .text.tud_midi_n_packet_read
                0x1000bf08       0x78 CMakeFiles/OddSIDKick-pico2.dir/Users/misfit/pico/pico-sdk/lib/tinyusb/src/class/midi/midi_device.c.o
                0x1000bf08                tud_midi_n_packet_read
 .text.midid_init
                0x1000bf80       0x60 CMakeFiles/OddSIDKick-pico2.dir/Users/misfit/pico/pico-sdk/lib/tinyusb/src/class/midi/midi_device.c.o
                0x1000bf80                midid_init
 .text.midid_deinit
                0x1000bfe0       0x30 CMakeFiles/OddSIDKick-pico2.dir/Users/misfit/pico/pico-sdk/lib/tinyusb/src/class/midi/midi_device.c.o
                0x1000bfe0                midid_deinit
 .text.midid_reset
                0x1000c010       0x28 CMakeFiles/OddSIDKick-pico2.dir/Users/misfit/pico/pico-sdk/lib/tinyusb/src/class/midi/midi_device.c.o
                0x1000c010                midid_reset
 .text.midid_open
                0x1000c038      0x124 CMakeFiles/OddSIDKick-pico2.dir/Users/misfit/pico/pico-sdk/lib/tinyusb/src/class/midi/midi_device.c.o
                0x1000c038                midid_open
 .text.midid_control_xfer_cb
                0x1000c15c        0x4 CMakeFiles/OddSIDKick-pico2.dir/Users/misfit/pico/pico-sdk/lib/tinyusb/src/class/midi/midi_device.c.o
                0x1000c15c                midid_control_xfer_cb
 .text.midid_xfer_cb
                0x1000c160       0xc8 CMakeFiles/OddSIDKick-pico2.dir/Users/misfit/pico/pico-sdk/lib/tinyusb/src/class/midi/midi_device.c.o
                0x1000c160                midid_xfer_cb
 .text.tusb_rhport_init
                0x1000c228       0x6c CMakeFiles/OddSIDKick-pico2.dir/Users/misfit/pico/pico-sdk/lib/tinyusb/src/tusb.c.o
                0x1000c228                tusb_rhport_init
 .text.tu_edpt_claim
                0x1000c294       0x60 CMakeFiles/OddSIDKick-pico2.dir/Users/misfit/pico/pico-sdk/lib/tinyusb/src/tusb.c.o
                0x1000c294                tu_edpt_claim
 .text.tu_edpt_release
                0x1000c2f4       0x38 CMakeFiles/OddSIDKick-pico2.dir/Users/misfit/pico/pico-sdk/lib/tinyusb/src/tusb.c.o
                0x1000c2f4                tu_edpt_release
 .text.tu_edpt_validate
                0x1000c32c       0x60 CMakeFiles/OddSIDKick-pico2.dir/Users/misfit/pico/pico-sdk/lib/tinyusb/src/tusb.c.o
                0x1000c32c                tu_edpt_validate
 .text.tu_edpt_bind_driver
                0x1000c38c       0x54 CMakeFiles/OddSIDKick-pico2.dir/Users/misfit/pico/pico-sdk/lib/tinyusb/src/tusb.c.o
                0x1000c38c                tu_edpt_bind_driver
 .text.tu_fifo_config
                0x1000c3e0       0x60 CMakeFiles/OddSIDKick-pico2.dir/Users/misfit/pico/pico-sdk/lib/tinyusb/src/common/tusb_fifo.c.o
                0x1000c3e0                tu_fifo_config
 .text.tu_fifo_count
                0x1000c440       0x20 CMakeFiles/OddSIDKick-pico2.dir/Users/misfit/pico/pico-sdk/lib/tinyusb/src/common/tusb_fifo.c.o
                0x1000c440                tu_fifo_count
 .text.tu_fifo_remaining
                0x1000c460       0x24 CMakeFiles/OddSIDKick-pico2.dir/Users/misfit/pico/pico-sdk/lib/tinyusb/src/common/tusb_fifo.c.o
                0x1000c460                tu_fifo_remaining
 .text.tu_fifo_read
                0x1000c484       0x9c CMakeFiles/OddSIDKick-pico2.dir/Users/misfit/pico/pico-sdk/lib/tinyusb/src/common/tusb_fifo.c.o
                0x1000c484                tu_fifo_read
 .text.tu_fifo_read_n
                0x1000c520       0xe0 CMakeFiles/OddSIDKick-pico2.dir/Users/misfit/pico/pico-sdk/lib/tinyusb/src/common/tusb_fifo.c.o
                0x1000c520                tu_fifo_read_n
 .text.tu_fifo_write
                0x1000c600       0xa8 CMakeFiles/OddSIDKick-pico2.dir/Users/misfit/pico/pico-sdk/lib/tinyusb/src/common/tusb_fifo.c.o
                0x1000c600                tu_fifo_write
 .text.tu_fifo_write_n
                0x1000c6a8      0x150 CMakeFiles/OddSIDKick-pico2.dir/Users/misfit/pico/pico-sdk/lib/tinyusb/src/common/tusb_fifo.c.o
                0x1000c6a8                tu_fifo_write_n
 .text.tu_fifo_clear
                0x1000c7f8       0x38 CMakeFiles/OddSIDKick-pico2.dir/Users/misfit/pico/pico-sdk/lib/tinyusb/src/common/tusb_fifo.c.o
                0x1000c7f8                tu_fifo_clear
 .text.board_init
                0x1000c830       0x14 CMakeFiles/OddSIDKick-pico2.dir/Users/misfit/pico/pico-sdk/lib/tinyusb/hw/bsp/rp2040/family.c.o
                0x1000c830                board_init
 .text.startup._retrieve_unique_id_on_boot
                0x1000c844       0x2c CMakeFiles/OddSIDKick-pico2.dir/Users/misfit/pico/pico-sdk/src/rp2_common/pico_unique_id/unique_id.c.o
 .text.calloc   0x1000c870       0x10 /Applications/ArmGNUToolchain/15.2.rel1/arm-none-eabi/bin/../lib/gcc/arm-none-eabi/15.2.1/../../../../arm-none-eabi/lib/thumb/v8-m.main+fp/softfp/libg.a(libc_a-calloc.o)
                0x1000c870                calloc
 .text._calloc_r
                0x1000c880       0x7c /Applications/ArmGNUToolchain/15.2.rel1/arm-none-eabi/bin/../lib/gcc/arm-none-eabi/15.2.1/../../../../arm-none-eabi/lib/thumb/v8-m.main+fp/softfp/libg.a(libc_a-callocr.o)
                0x1000c880                _calloc_r
 .text.malloc   0x1000c8fc       0x10 /Applications/ArmGNUToolchain/15.2.rel1/arm-none-eabi/bin/../lib/gcc/arm-none-eabi/15.2.1/../../../../arm-none-eabi/lib/thumb/v8-m.main+fp/softfp/libg.a(libc_a-malloc.o)
                0x1000c8fc                malloc
 .text.free     0x1000c90c       0x10 /Applications/ArmGNUToolchain/15.2.rel1/arm-none-eabi/bin/../lib/gcc/arm-none-eabi/15.2.1/../../../../arm-none-eabi/lib/thumb/v8-m.main+fp/softfp/libg.a(libc_a-malloc.o)
                0x1000c90c                free
 .text._malloc_r
                0x1000c91c      0x5a8 /Applications/ArmGNUToolchain/15.2.rel1/arm-none-eabi/bin/../lib/gcc/arm-none-eabi/15.2.1/../../../../arm-none-eabi/lib/thumb/v8-m.main+fp/softfp/libg.a(libc_a-mallocr.o)
                0x1000c91c                _malloc_r
 .text.__malloc_lock
                0x1000cec4        0xc /Applications/ArmGNUToolchain/15.2.rel1/arm-none-eabi/bin/../lib/gcc/arm-none-eabi/15.2.1/../../../../arm-none-eabi/lib/thumb/v8-m.main+fp/softfp/libg.a(libc_a-mlock.o)
                0x1000cec4                __malloc_lock
 .text.__malloc_unlock
                0x1000ced0        0xc /Applications/ArmGNUToolchain/15.2.rel1/arm-none-eabi/bin/../lib/gcc/arm-none-eabi/15.2.1/../../../../arm-none-eabi/lib/thumb/v8-m.main+fp/softfp/libg.a(libc_a-mlock.o)
                0x1000ced0                __malloc_unlock
 .text.memset   0x1000cedc       0x88 /Applications/ArmGNUToolchain/15.2.rel1/arm-none-eabi/bin/../lib/gcc/arm-none-eabi/15.2.1/../../../../arm-none-eabi/lib/thumb/v8-m.main+fp/softfp/libg.a(libc_a-memset.o)
                0x1000cedc                memset
 .text._sbrk_r  0x1000cf64       0x24 /Applications/ArmGNUToolchain/15.2.rel1/arm-none-eabi/bin/../lib/gcc/arm-none-eabi/15.2.1/../../../../arm-none-eabi/lib/thumb/v8-m.main+fp/softfp/libg.a(libc_a-sbrkr.o)
                0x1000cf64                _sbrk_r
 .text.__errno  0x1000cf88        0xc /Applications/ArmGNUToolchain/15.2.rel1/arm-none-eabi/bin/../lib/gcc/arm-none-eabi/15.2.1/../../../../arm-none-eabi/lib/thumb/v8-m.main+fp/softfp/libg.a(libc_a-errno.o)
                0x1000cf88                __errno
 .text.sysconf  0x1000cf94       0x1c /Applications/ArmGNUToolchain/15.2.rel1/arm-none-eabi/bin/../lib/gcc/arm-none-eabi/15.2.1/../../../../arm-none-eabi/lib/thumb/v8-m.main+fp/softfp/libg.a(libc_a-sysconf.o)
                0x1000cf94                sysconf
 .text.__retarget_lock_acquire_recursive
                0x1000cfb0        0x4 /Applications/ArmGNUToolchain/15.2.rel1/arm-none-eabi/bin/../lib/gcc/arm-none-eabi/15.2.1/../../../../arm-none-eabi/lib/thumb/v8-m.main+fp/softfp/libg.a(libc_a-lock.o)
                0x1000cfb0                __retarget_lock_acquire_recursive
 .text.__retarget_lock_release_recursive
                0x1000cfb4        0x4 /Applications/ArmGNUToolchain/15.2.rel1/arm-none-eabi/bin/../lib/gcc/arm-none-eabi/15.2.1/../../../../arm-none-eabi/lib/thumb/v8-m.main+fp/softfp/libg.a(libc_a-lock.o)
                0x1000cfb4                __retarget_lock_release_recursive
 .text          0x1000cfb8       0xec /Applications/ArmGNUToolchain/15.2.rel1/arm-none-eabi/bin/../lib/gcc/arm-none-eabi/15.2.1/../../../../arm-none-eabi/lib/thumb/v8-m.main+fp/softfp/libg.a(libc_a-memcpy.o)
                0x1000cfb8                memcpy
 .text.strlen   0x1000d0a4       0x5c /Applications/ArmGNUToolchain/15.2.rel1/arm-none-eabi/bin/../lib/gcc/arm-none-eabi/15.2.1/../../../../arm-none-eabi/lib/thumb/v8-m.main+fp/softfp/libg.a(libc_a-strlen-stub.o)
                0x1000d0a4                strlen
 .text._malloc_trim_r
                0x1000d100       0xac /Applications/ArmGNUToolchain/15.2.rel1/arm-none-eabi/bin/../lib/gcc/arm-none-eabi/15.2.1/../../../../arm-none-eabi/lib/thumb/v8-m.main+fp/softfp/libg.a(libc_a-freer.o)
                0x1000d100                _malloc_trim_r
 .text._free_r  0x1000d1ac      0x208 /Applications/ArmGNUToolchain/15.2.rel1/arm-none-eabi/bin/../lib/gcc/arm-none-eabi/15.2.1/../../../../arm-none-eabi/lib/thumb/v8-m.main+fp/softfp/libg.a(libc_a-freer.o)
                0x1000d1ac                _free_r
 *(.fini)
 .fini          0x1000d3b4        0x4 /Applications/ArmGNUToolchain/15.2.rel1/arm-none-eabi/bin/../lib/gcc/arm-none-eabi/15.2.1/thumb/v8-m.main+fp/softfp/crti.o
                0x1000d3b4                _fini
 .fini.__stub   0x1000d3b8       0x70 linker stubs
 *crtbegin.o(.ctors)
 *crtbegin?.o(.ctors)
 *(EXCLUDE_FILE(*crtend.o *crtend?.o) .ctors)
 *(SORT_BY_NAME(.ctors.*))
 *(.ctors)
 *crtbegin.o(.dtors)
 *crtbegin?.o(.dtors)
 *(EXCLUDE_FILE(*crtend.o *crtend?.o) .dtors)
 *(SORT_BY_NAME(.dtors.*))
 *(.dtors)
                0x1000d428                        . = ALIGN (0x4)
                0x1000d428                        PROVIDE (__preinit_array_start = .)
 *(SORT_BY_NAME(.preinit_array.*))
 .preinit_array.00050
                0x1000d428        0x4 CMakeFiles/OddSIDKick-pico2.dir/Users/misfit/pico/pico-sdk/src/rp2_common/pico_runtime_init/runtime_init.c.o
                0x1000d428                __pre_init_runtime_init_bootrom_reset
 .preinit_array.00100
                0x1000d42c        0x4 CMakeFiles/OddSIDKick-pico2.dir/Users/misfit/pico/pico-sdk/src/rp2_common/pico_runtime_init/runtime_init.c.o
                0x1000d42c                __pre_init_runtime_init_early_resets
 .preinit_array.00101
                0x1000d430        0x4 CMakeFiles/OddSIDKick-pico2.dir/Users/misfit/pico/pico-sdk/src/rp2_common/pico_runtime_init/runtime_init.c.o
                0x1000d430                __pre_init_runtime_init_usb_power_down
 .preinit_array.00500
                0x1000d434        0x4 CMakeFiles/OddSIDKick-pico2.dir/Users/misfit/pico/pico-sdk/src/rp2_common/pico_runtime_init/runtime_init.c.o
                0x1000d434                __pre_init_runtime_init_clocks
 .preinit_array.00600
                0x1000d438        0x4 CMakeFiles/OddSIDKick-pico2.dir/Users/misfit/pico/pico-sdk/src/rp2_common/pico_runtime_init/runtime_init.c.o
                0x1000d438                __pre_init_runtime_init_post_clock_resets
 .preinit_array.01000
                0x1000d43c        0x4 CMakeFiles/OddSIDKick-pico2.dir/Users/misfit/pico/pico-sdk/src/rp2_common/hardware_boot_lock/boot_lock.c.o
                0x1000d43c                __pre_init_runtime_init_boot_locks_reset
 .preinit_array.01000
                0x1000d440        0x4 CMakeFiles/OddSIDKick-pico2.dir/Users/misfit/pico/pico-sdk/src/rp2_common/pico_runtime_init/runtime_init.c.o
                0x1000d440                __pre_init_runtime_init_spin_locks_reset
 .preinit_array.01010
                0x1000d444        0x4 CMakeFiles/OddSIDKick-pico2.dir/Users/misfit/pico/pico-sdk/src/rp2_common/pico_bootrom/bootrom_lock.c.o
                0x1000d444                __pre_init_runtime_init_bootrom_locking_enable
 .preinit_array.01100
                0x1000d448        0x4 CMakeFiles/OddSIDKick-pico2.dir/Users/misfit/pico/pico-sdk/src/common/pico_sync/mutex.c.o
                0x1000d448                __pre_init_runtime_init_mutex
 .preinit_array.10080
                0x1000d44c        0x4 CMakeFiles/OddSIDKick-pico2.dir/Users/misfit/pico/pico-sdk/src/rp2_common/pico_runtime_init/runtime_init.c.o
                0x1000d44c                __pre_init_runtime_init_install_ram_vector_table
 .preinit_array.11000
                0x1000d450        0x4 CMakeFiles/OddSIDKick-pico2.dir/Users/misfit/pico/pico-sdk/src/common/pico_time/time.c.o
                0x1000d450                __pre_init_runtime_init_default_alarm_pool
 .preinit_array.YYYYY
                0x1000d454        0x4 CMakeFiles/OddSIDKick-pico2.dir/Users/misfit/pico/pico-sdk/src/rp2_common/pico_runtime/runtime.c.o
                0x1000d454                __pre_init_first_per_core_initializer
 .preinit_array.ZZZZZ.00051
                0x1000d458        0x4 CMakeFiles/OddSIDKick-pico2.dir/Users/misfit/pico/pico-sdk/src/rp2_common/pico_runtime_init/runtime_init.c.o
                0x1000d458                __pre_init_runtime_init_per_core_bootrom_reset
 .preinit_array.ZZZZZ.00200
                0x1000d45c        0x4 CMakeFiles/OddSIDKick-pico2.dir/Users/misfit/pico/pico-sdk/src/rp2_common/pico_runtime_init/runtime_init.c.o
                0x1000d45c                __pre_init_runtime_init_per_core_enable_coprocessors
 .preinit_array.ZZZZZ.01000
                0x1000d460        0x4 CMakeFiles/OddSIDKick-pico2.dir/Users/misfit/pico/pico-sdk/src/rp2_common/hardware_sync_spin_lock/sync_spin_lock.c.o
                0x1000d460                __pre_init_spinlock_set_extexclall
 .preinit_array.ZZZZZ.01200
                0x1000d464        0x4 CMakeFiles/OddSIDKick-pico2.dir/Users/misfit/pico/pico-sdk/src/rp2_common/hardware_irq/irq.c.o
                0x1000d464                __pre_init_runtime_init_per_core_irq_priorities
 *(.preinit_array)
                0x1000d468                        PROVIDE (__preinit_array_end = .)
                0x1000d468                        . = ALIGN (0x4)
                0x1000d468                        PROVIDE (__init_array_start = .)
 *(SORT_BY_NAME(.init_array.*))
 .init_array.01000
                0x1000d468        0x4 CMakeFiles/OddSIDKick-pico2.dir/Users/misfit/pico/pico-sdk/src/rp2_common/pico_unique_id/unique_id.c.o
 *(.init_array)
 .init_array    0x1000d46c        0x4 /Applications/ArmGNUToolchain/15.2.rel1/arm-none-eabi/bin/../lib/gcc/arm-none-eabi/15.2.1/thumb/v8-m.main+fp/softfp/crtbegin.o
                0x1000d470                        PROVIDE (__init_array_end = .)
                0x1000d470                        . = ALIGN (0x4)
                [!provide]                        PROVIDE (__fini_array_start = .)
 *(SORT_BY_NAME(.fini_array.*))
 *(.fini_array)
                [!provide]                        PROVIDE (__fini_array_end = .)
 *(.eh_frame*)
 .eh_frame      0x1000d470        0x0 /Applications/ArmGNUToolchain/15.2.rel1/arm-none-eabi/bin/../lib/gcc/arm-none-eabi/15.2.1/thumb/v8-m.main+fp/softfp/crtbegin.o
                0x1000d470                        . = ALIGN (0x4)

.glue_7         0x1000d470        0x0
 .glue_7        0x1000d470        0x0 linker stubs

.glue_7t        0x1000d470        0x0
 .glue_7t       0x1000d470        0x0 linker stubs

.vfp11_veneer   0x1000d470        0x0
 .vfp11_veneer  0x1000d470        0x0 linker stubs

.v4_bx          0x1000d470        0x0
 .v4_bx         0x1000d470        0x0 linker stubs

.iplt           0x1000d470        0x0
 .iplt          0x1000d470        0x0 /Applications/ArmGNUToolchain/15.2.rel1/arm-none-eabi/bin/../lib/gcc/arm-none-eabi/15.2.1/thumb/v8-m.main+fp/softfp/crtbegin.o

.boot2          0x1000d470        0x0
                0x1000d470                        __boot2_start__ = .
 *(.boot2)
                0x1000d470                        __boot2_end__ = .
                0x00000001                        ASSERT (((__boot2_end__ - __boot2_start__) <= 0x100), ERROR: Pico second stage bootloader must be no more than 256 bytes in size)

.rodata         0x1000e000    0x23000
 *(EXCLUDE_FILE(*libm.a: *libc.a:*lib_a-mem*.o *libgcc.a:) .rodata*)
 .rodata.runEmulation.str1.4
                0x1000e000      0x258 CMakeFiles/OddSIDKick-pico2.dir/Source/SKpico.c.o
                                  0xd (size before relaxing)
 .rodata.prgCodeCompressed
                0x1000e258     0x28eb CMakeFiles/OddSIDKick-pico2.dir/Source/SKpico.c.o
                0x1000e258                prgCodeCompressed
 *fill*         0x10010b43        0x1 
 .rodata        0x10010b44        0x4 CMakeFiles/OddSIDKick-pico2.dir/Source/SKpico.c.o
 .rodata.voice_base
                0x10010b48        0x3 CMakeFiles/OddSIDKick-pico2.dir/Source/midi_sid.c.o
 .rodata.str1.4
                0x10010b4b        0x0 CMakeFiles/OddSIDKick-pico2.dir/Source/usb_descriptors.c.o
                                 0x29 (size before relaxing)
 *fill*         0x10010b4b        0x1 
 .rodata.__compound_literal.0
                0x10010b4c        0x2 CMakeFiles/OddSIDKick-pico2.dir/Source/usb_descriptors.c.o
 *fill*         0x10010b4e        0x2 
 .rodata.desc_configuration
                0x10010b50       0x65 CMakeFiles/OddSIDKick-pico2.dir/Source/usb_descriptors.c.o
                0x10010b50                desc_configuration
 *fill*         0x10010bb5        0x3 
 .rodata.desc_device
                0x10010bb8       0x12 CMakeFiles/OddSIDKick-pico2.dir/Source/usb_descriptors.c.o
                0x10010bb8                desc_device
 *fill*         0x10010bca        0x2 
 .rodata._ZL14reSID_LUTs_exo
                0x10010bcc      0x753 CMakeFiles/OddSIDKick-pico2.dir/Source/reSIDWrapper.cc.o
 *fill*         0x1001131f        0x1 
 .rodata        0x10011320        0xc CMakeFiles/OddSIDKick-pico2.dir/Source/reSIDWrapper.cc.o
 .rodata.prgDirectory_Flash
                0x1001132c     0x1000 CMakeFiles/OddSIDKick-pico2.dir/Source/oddsid_stubs.c.o
                0x1001132c                prgDirectory_Flash
 .rodata.model_dac1_8
                0x1001232c       0x40 CMakeFiles/OddSIDKick-pico2.dir/Source/reSID16/wave.cc.o
                0x1001232c                model_dac1_8
 .rodata.model_dac0_8
                0x1001236c       0x40 CMakeFiles/OddSIDKick-pico2.dir/Source/reSID16/wave.cc.o
                0x1001236c                model_dac0_8
 .rodata._ZL11model_wave8
                0x100123ac     0x8000 CMakeFiles/OddSIDKick-pico2.dir/Source/reSID16/wave.cc.o
 .rodata.panic.str1.4
                0x1001a3ac        0x0 CMakeFiles/OddSIDKick-pico2.dir/Users/misfit/pico/pico-sdk/src/rp2_common/pico_platform_panic/panic.c.o
                                 0x12 (size before relaxing)
 .rodata.spin_lock_claim_unused.str1.4
                0x1001a3ac        0x0 CMakeFiles/OddSIDKick-pico2.dir/Users/misfit/pico/pico-sdk/src/rp2_common/hardware_sync/sync.c.o
                                 0x1b (size before relaxing)
 .rodata.timer_hardware_alarm_claim.str1.4
                0x1001a3ac        0x0 CMakeFiles/OddSIDKick-pico2.dir/Users/misfit/pico/pico-sdk/src/rp2_common/hardware_timer/timer.c.o
                                 0x22 (size before relaxing)
 .rodata.hard_assertion_failure.str1.4
                0x1001a3ac        0x0 CMakeFiles/OddSIDKick-pico2.dir/Users/misfit/pico/pico-sdk/src/rp2_common/pico_runtime/runtime.c.o
                                  0xc (size before relaxing)
 .rodata.__wrap_malloc.str1.4
                0x1001a3ac        0x0 CMakeFiles/OddSIDKick-pico2.dir/Users/misfit/pico/pico-sdk/src/rp2_common/pico_malloc/malloc.c.o
                                  0xe (size before relaxing)
 .rodata.str1.4
                0x1001a3ac        0x0 CMakeFiles/OddSIDKick-pico2.dir/Users/misfit/pico/pico-sdk/src/rp2_common/pico_standard_binary_info/standard_binary_info.c.o
                                 0x48 (size before relaxing)
 .rodata.__bi_84
                0x1001a3ac        0xc CMakeFiles/OddSIDKick-pico2.dir/Users/misfit/pico/pico-sdk/src/rp2_common/pico_standard_binary_info/standard_binary_info.c.o
 .rodata.__bi_78
                0x1001a3b8        0xc CMakeFiles/OddSIDKick-pico2.dir/Users/misfit/pico/pico-sdk/src/rp2_common/pico_standard_binary_info/standard_binary_info.c.o
 .rodata.__bi_54
                0x1001a3c4        0xc CMakeFiles/OddSIDKick-pico2.dir/Users/misfit/pico/pico-sdk/src/rp2_common/pico_standard_binary_info/standard_binary_info.c.o
 .rodata.__bi_48
                0x1001a3d0        0xc CMakeFiles/OddSIDKick-pico2.dir/Users/misfit/pico/pico-sdk/src/rp2_common/pico_standard_binary_info/standard_binary_info.c.o
 .rodata.__bi_42
                0x1001a3dc        0xc CMakeFiles/OddSIDKick-pico2.dir/Users/misfit/pico/pico-sdk/src/rp2_common/pico_standard_binary_info/standard_binary_info.c.o
 .rodata.__bi_34
                0x1001a3e8        0xc CMakeFiles/OddSIDKick-pico2.dir/Users/misfit/pico/pico-sdk/src/rp2_common/pico_standard_binary_info/standard_binary_info.c.o
 .rodata.__bi_26
                0x1001a3f4        0xc CMakeFiles/OddSIDKick-pico2.dir/Users/misfit/pico/pico-sdk/src/rp2_common/pico_standard_binary_info/standard_binary_info.c.o
 .rodata._ftoa.str1.4
                0x1001a400        0x0 CMakeFiles/OddSIDKick-pico2.dir/Users/misfit/pico/pico-sdk/src/rp2_common/pico_printf/printf.c.o
                                 0x15 (size before relaxing)
 .rodata.pow10.0
                0x1001a400       0x50 CMakeFiles/OddSIDKick-pico2.dir/Users/misfit/pico/pico-sdk/src/rp2_common/pico_printf/printf.c.o
 .rodata.crlf_str.0
                0x1001a450        0x2 CMakeFiles/OddSIDKick-pico2.dir/Users/misfit/pico/pico-sdk/src/rp2_common/pico_stdio/stdio.c.o
 .rodata.pio_sm_claim.str1.4
                0x1001a452        0x0 CMakeFiles/OddSIDKick-pico2.dir/Users/misfit/pico/pico-sdk/src/rp2_common/hardware_pio/pio.c.o
                                 0x62 (size before relaxing)
 .rodata.audio_i2s_connect_thru.str1.4
                0x1001a452        0x0 CMakeFiles/OddSIDKick-pico2.dir/Users/misfit/pico/pico-extras/src/rp2_common/pico_audio_i2s/audio_i2s.c.o
                                 0x64 (size before relaxing)
 *fill*         0x1001a452        0x2 
 .rodata.audio_i2s_program
                0x1001a454        0x8 CMakeFiles/OddSIDKick-pico2.dir/Users/misfit/pico/pico-extras/src/rp2_common/pico_audio_i2s/audio_i2s.c.o
 .rodata.audio_i2s_program_instructions
                0x1001a45c       0x10 CMakeFiles/OddSIDKick-pico2.dir/Users/misfit/pico/pico-extras/src/rp2_common/pico_audio_i2s/audio_i2s.c.o
 .rodata.dma_channel_claim.str1.4
                0x1001a46c        0x0 CMakeFiles/OddSIDKick-pico2.dir/Users/misfit/pico/pico-sdk/src/rp2_common/hardware_dma/dma.c.o
                                 0x22 (size before relaxing)
 .rodata.str1.4
                0x1001a46c        0x0 CMakeFiles/OddSIDKick-pico2.dir/Users/misfit/pico/pico-sdk/lib/tinyusb/src/portable/raspberrypi/rp2040/dcd_rp2040.c.o
                                 0x14 (size before relaxing)
 .rodata.str1.4
                0x1001a46c        0x0 CMakeFiles/OddSIDKick-pico2.dir/Users/misfit/pico/pico-sdk/lib/tinyusb/src/portable/raspberrypi/rp2040/rp2040_usb.c.o
                                 0x48 (size before relaxing)
 .rodata._usbd_driver
                0x1001a46c       0x20 CMakeFiles/OddSIDKick-pico2.dir/Users/misfit/pico/pico-sdk/lib/tinyusb/src/device/usbd.c.o
 .rodata.str1.4
                0x1001a48c        0x0 CMakeFiles/OddSIDKick-pico2.dir/Users/misfit/pico/pico-sdk/lib/tinyusb/hw/bsp/rp2040/family.c.o
                                  0x4 (size before relaxing)
 .rodata.__bi_153.0
                0x1001a48c        0xc CMakeFiles/OddSIDKick-pico2.dir/Users/misfit/pico/pico-sdk/lib/tinyusb/hw/bsp/rp2040/family.c.o
 *(.srodata*)
                0x1001a498                        . = ALIGN (0x4)
 *(SORT_BY_ALIGNMENT(SORT_BY_NAME(.flashdata*)))
 *fill*         0x1001a498      0xb68 
 .flashdata.    0x1001b000     0x1000 CMakeFiles/OddSIDKick-pico2.dir/Source/SKpico.c.o
                0x1001b000                busTimings
 .flashdata.section_config
                0x1001c000     0x1000 CMakeFiles/OddSIDKick-pico2.dir/Source/SKpico.c.o
                0x1001c000                flashCFG
 .flashdata.FILTERLUT
                0x1001d000    0x14000 CMakeFiles/OddSIDKick-pico2.dir/Source/reSIDWrapper.cc.o
                0x1001d000                filterLUT6581
                0x10031000                        . = ALIGN (0x4)

.ARM.extab
 *(.ARM.extab* .gnu.linkonce.armextab.*)
                0x10031000                        __exidx_start = .

.ARM.exidx      0x10031000        0x8
 *(.ARM.exidx* .gnu.linkonce.armexidx.*)
 .ARM.exidx     0x10031000        0x8 /Applications/ArmGNUToolchain/15.2.rel1/arm-none-eabi/bin/../lib/gcc/arm-none-eabi/15.2.1/../../../../arm-none-eabi/lib/thumb/v8-m.main+fp/softfp/libg.a(libc_a-memcpy.o)
 .ARM.exidx.text.__udivmoddi4
                0x10031008        0x0 /Applications/ArmGNUToolchain/15.2.rel1/arm-none-eabi/bin/../lib/gcc/arm-none-eabi/15.2.1/thumb/v8-m.main+fp/softfp/libgcc.a(_udivmoddi4.o)
                                  0x8 (size before relaxing)
                0x10031008                        __exidx_end = .
                0x10031008                        . = ALIGN (0x4)
                0x10031008                        __binary_info_start = .

.binary_info    0x10031008       0x20
 *(.binary_info.keep.*)
 .binary_info.keep.__bi_ptr84
                0x10031008        0x4 CMakeFiles/OddSIDKick-pico2.dir/Users/misfit/pico/pico-sdk/src/rp2_common/pico_standard_binary_info/standard_binary_info.c.o
 .binary_info.keep.__bi_ptr78
                0x1003100c        0x4 CMakeFiles/OddSIDKick-pico2.dir/Users/misfit/pico/pico-sdk/src/rp2_common/pico_standard_binary_info/standard_binary_info.c.o
 .binary_info.keep.__bi_ptr54
                0x10031010        0x4 CMakeFiles/OddSIDKick-pico2.dir/Users/misfit/pico/pico-sdk/src/rp2_common/pico_standard_binary_info/standard_binary_info.c.o
 .binary_info.keep.__bi_ptr48
                0x10031014        0x4 CMakeFiles/OddSIDKick-pico2.dir/Users/misfit/pico/pico-sdk/src/rp2_common/pico_standard_binary_info/standard_binary_info.c.o
 .binary_info.keep.__bi_ptr42
                0x10031018        0x4 CMakeFiles/OddSIDKick-pico2.dir/Users/misfit/pico/pico-sdk/src/rp2_common/pico_standard_binary_info/standard_binary_info.c.o
 .binary_info.keep.__bi_ptr34
                0x1003101c        0x4 CMakeFiles/OddSIDKick-pico2.dir/Users/misfit/pico/pico-sdk/src/rp2_common/pico_standard_binary_info/standard_binary_info.c.o
 .binary_info.keep.__bi_ptr26
                0x10031020        0x4 CMakeFiles/OddSIDKick-pico2.dir/Users/misfit/pico/pico-sdk/src/rp2_common/pico_standard_binary_info/standard_binary_info.c.o
 .binary_info.keep.__bi_ptr153
                0x10031024        0x4 CMakeFiles/OddSIDKick-pico2.dir/Users/misfit/pico/pico-sdk/lib/tinyusb/hw/bsp/rp2040/family.c.o
 *(.binary_info.*)
                0x10031028                        __binary_info_end = .
                0x10031028                        . = ALIGN (0x4)

.ram_vector_table
                0x20000000      0x110
 *(.ram_vector_table)
 .ram_vector_table
                0x20000000      0x110 CMakeFiles/OddSIDKick-pico2.dir/Users/misfit/pico/pico-sdk/src/rp2_common/pico_runtime_init/runtime_init.c.o
                0x20000000                ram_vector_table

.uninitialized_data
                0x20000110        0x0
                0x20000110                        . = ALIGN (0x4)
 *(.uninitialized_data*)

.data           0x20000110     0x2480 load address 0x10031028
                0x20000110                        __data_start__ = .
 *(vtable)
 *(.time_critical*)
 .time_critical.mydata
                0x20000110       0x40 CMakeFiles/OddSIDKick-pico2.dir/Source/SKpico.c.o
                0x20000110                jmpCode
                0x20000114                sidFlags
 .time_critical.fmopl9
                0x20000150       0x80 CMakeFiles/OddSIDKick-pico2.dir/Source/fmopl.c.o
 .time_critical.fmopl8
                0x200001d0       0xd2 CMakeFiles/OddSIDKick-pico2.dir/Source/fmopl.c.o
 *fill*         0x200002a2        0x2 
 .time_critical.fmopl7
                0x200002a4       0x10 CMakeFiles/OddSIDKick-pico2.dir/Source/fmopl.c.o
 .time_critical.fmopl6
                0x200002b4       0x60 CMakeFiles/OddSIDKick-pico2.dir/Source/fmopl.c.o
 .time_critical.fmopl5
                0x20000314       0x60 CMakeFiles/OddSIDKick-pico2.dir/Source/fmopl.c.o
 .time_critical.fmopl4
                0x20000374       0x78 CMakeFiles/OddSIDKick-pico2.dir/Source/fmopl.c.o
 .time_critical.fmopl3
                0x200003ec       0x10 CMakeFiles/OddSIDKick-pico2.dir/Source/fmopl.c.o
 .time_critical.fmopl2
                0x200003fc       0x80 CMakeFiles/OddSIDKick-pico2.dir/Source/fmopl.c.o
 .time_critical.fmopl1
                0x2000047c       0x20 CMakeFiles/OddSIDKick-pico2.dir/Source/fmopl.c.o
 .time_critical.mutex_enter_blocking
                0x2000049c       0x80 CMakeFiles/OddSIDKick-pico2.dir/Users/misfit/pico/pico-sdk/src/common/pico_sync/mutex.c.o
                0x2000049c                mutex_enter_blocking
 .time_critical.mutex_enter_block_until
                0x2000051c       0x6c CMakeFiles/OddSIDKick-pico2.dir/Users/misfit/pico/pico-sdk/src/common/pico_sync/mutex.c.o
                0x2000051c                mutex_enter_block_until
 .time_critical.mutex_try_enter_block_until
                0x20000588       0x68 CMakeFiles/OddSIDKick-pico2.dir/Users/misfit/pico/pico-sdk/src/common/pico_sync/mutex.c.o
                0x20000588                mutex_try_enter_block_until
 .time_critical.mutex_enter_timeout_ms
                0x200005f0       0x38 CMakeFiles/OddSIDKick-pico2.dir/Users/misfit/pico/pico-sdk/src/common/pico_sync/mutex.c.o
                0x200005f0                mutex_enter_timeout_ms
 .time_critical.mutex_exit
                0x20000628       0x3c CMakeFiles/OddSIDKick-pico2.dir/Users/misfit/pico/pico-sdk/src/common/pico_sync/mutex.c.o
                0x20000628                mutex_exit
 .time_critical.flash_init_boot2_copyout
                0x20000664       0x34 CMakeFiles/OddSIDKick-pico2.dir/Users/misfit/pico/pico-sdk/src/rp2_common/hardware_flash/flash.c.o
 .time_critical.flash_enable_xip_via_boot2
                0x20000698        0x8 CMakeFiles/OddSIDKick-pico2.dir/Users/misfit/pico/pico-sdk/src/rp2_common/hardware_flash/flash.c.o
 .time_critical.flash_rp2350_save_qmi_cs1
                0x200006a0       0x14 CMakeFiles/OddSIDKick-pico2.dir/Users/misfit/pico/pico-sdk/src/rp2_common/hardware_flash/flash.c.o
 .time_critical.flash_devinfo_ptr
                0x200006b4       0x14 CMakeFiles/OddSIDKick-pico2.dir/Users/misfit/pico/pico-sdk/src/rp2_common/hardware_flash/flash.c.o
 .time_critical.flash_save_hardware_state
                0x200006c8       0x34 CMakeFiles/OddSIDKick-pico2.dir/Users/misfit/pico/pico-sdk/src/rp2_common/hardware_flash/flash.c.o
 .time_critical.flash_devinfo_get_cs_size