Archive member included to satisfy reference by file (symbol)

/Applications/ArmGNUToolchain/15.2.rel1/arm-none-eabi/bin/../lib/gcc/arm-none-eabi/15.2.1/../../../../arm-none-eabi/lib/thumb/v8-m.main+fp/softfp/libm.a(libm_a-wf_sqrt.o)
                              CMakeFiles/OddSIDKick-pico2.dir/Users/misfit/pico/pico-sdk/src/rp2_common/pico_float/float_math.c.o (sqrtf)
/Applications/ArmGNUToolchain/15.2.rel1/arm-none-eabi/bin/../lib/gcc/arm-none-eabi/15.2.1/../../../../arm-none-eabi/lib/thumb/v8-m.main+fp/softfp/libm.a(libm_a-ef_sqrt.o)
                              /Applications/ArmGNUToolchain/15.2.rel1/arm-none-eabi/bin/../lib/gcc/arm-none-eabi/15.2.1/../../../../arm-none-eabi/lib/thumb/v8-m.main+fp/softfp/libm.a(libm_a-wf_sqrt.o) (__ieee754_sqrtf)
/Applications/ArmGNUToolchain/15.2.rel1/arm-none-eabi/bin/../lib/gcc/arm-none-eabi/15.2.1/thumb/v8-m.main+fp/softfp/libgcc.a(_arm_addsubdf3.o)
                              CMakeFiles/OddSIDKick-pico2.dir/Source/reSID16/sid.cc.o (__aeabi_f2d)
/Applications/ArmGNUToolchain/15.2.rel1/arm-none-eabi/bin/../lib/gcc/arm-none-eabi/15.2.1/thumb/v8-m.main+fp/softfp/libgcc.a(_aeabi_ldivmod.o)
                              CMakeFiles/OddSIDKick-pico2.dir/Source/reSID16/filter.cc.o (__aeabi_ldivmod)
/Applications/ArmGNUToolchain/15.2.rel1/arm-none-eabi/bin/../lib/gcc/arm-none-eabi/15.2.1/thumb/v8-m.main+fp/softfp/libgcc.a(_aeabi_uldivmod.o)
                              CMakeFiles/OddSIDKick-pico2.dir/Users/misfit/pico/pico-sdk/src/rp2_common/hardware_clocks/clocks.c.o (__aeabi_uldivmod)
/Applications/ArmGNUToolchain/15.2.rel1/arm-none-eabi/bin/../lib/gcc/arm-none-eabi/15.2.1/thumb/v8-m.main+fp/softfp/libgcc.a(_udivmoddi4.o)
                              /Applications/ArmGNUToolchain/15.2.rel1/arm-none-eabi/bin/../lib/gcc/arm-none-eabi/15.2.1/thumb/v8-m.main+fp/softfp/libgcc.a(_aeabi_ldivmod.o) (__udivmoddi4)
/Applications/ArmGNUToolchain/15.2.rel1/arm-none-eabi/bin/../lib/gcc/arm-none-eabi/15.2.1/thumb/v8-m.main+fp/softfp/libgcc.a(_dvmd_tls.o)
                              /Applications/ArmGNUToolchain/15.2.rel1/arm-none-eabi/bin/../lib/gcc/arm-none-eabi/15.2.1/thumb/v8-m.main+fp/softfp/libgcc.a(_aeabi_ldivmod.o) (__aeabi_ldiv0)
/Applications/ArmGNUToolchain/15.2.rel1/arm-none-eabi/bin/../lib/gcc/arm-none-eabi/15.2.1/../../../../arm-none-eabi/lib/thumb/v8-m.main+fp/softfp/libg.a(libc_a-calloc.o)
                              CMakeFiles/OddSIDKick-pico2.dir/Users/misfit/pico/pico-sdk/src/rp2_common/pico_malloc/malloc.c.o (calloc)
/Applications/ArmGNUToolchain/15.2.rel1/arm-none-eabi/bin/../lib/gcc/arm-none-eabi/15.2.1/../../../../arm-none-eabi/lib/thumb/v8-m.main+fp/softfp/libg.a(libc_a-callocr.o)
                              /Applications/ArmGNUToolchain/15.2.rel1/arm-none-eabi/bin/../lib/gcc/arm-none-eabi/15.2.1/../../../../arm-none-eabi/lib/thumb/v8-m.main+fp/softfp/libg.a(libc_a-calloc.o) (_calloc_r)
/Applications/ArmGNUToolchain/15.2.rel1/arm-none-eabi/bin/../lib/gcc/arm-none-eabi/15.2.1/../../../../arm-none-eabi/lib/thumb/v8-m.main+fp/softfp/libg.a(libc_a-malloc.o)
                              CMakeFiles/OddSIDKick-pico2.dir/Users/misfit/pico/pico-sdk/src/rp2_common/pico_malloc/malloc.c.o (malloc)
/Applications/ArmGNUToolchain/15.2.rel1/arm-none-eabi/bin/../lib/gcc/arm-none-eabi/15.2.1/../../../../arm-none-eabi/lib/thumb/v8-m.main+fp/softfp/libg.a(libc_a-mallocr.o)
                              /Applications/ArmGNUToolchain/15.2.rel1/arm-none-eabi/bin/../lib/gcc/arm-none-eabi/15.2.1/../../../../arm-none-eabi/lib/thumb/v8-m.main+fp/softfp/libg.a(libc_a-callocr.o) (_malloc_r)
/Applications/ArmGNUToolchain/15.2.rel1/arm-none-eabi/bin/../lib/gcc/arm-none-eabi/15.2.1/../../../../arm-none-eabi/lib/thumb/v8-m.main+fp/softfp/libg.a(libc_a-mlock.o)
                              /Applications/ArmGNUToolchain/15.2.rel1/arm-none-eabi/bin/../lib/gcc/arm-none-eabi/15.2.1/../../../../arm-none-eabi/lib/thumb/v8-m.main+fp/softfp/libg.a(libc_a-mallocr.o) (__malloc_lock)
/Applications/ArmGNUToolchain/15.2.rel1/arm-none-eabi/bin/../lib/gcc/arm-none-eabi/15.2.1/../../../../arm-none-eabi/lib/thumb/v8-m.main+fp/softfp/libg.a(libc_a-realloc.o)
                              CMakeFiles/OddSIDKick-pico2.dir/Users/misfit/pico/pico-sdk/src/rp2_common/pico_malloc/malloc.c.o (realloc)
/Applications/ArmGNUToolchain/15.2.rel1/arm-none-eabi/bin/../lib/gcc/arm-none-eabi/15.2.1/../../../../arm-none-eabi/lib/thumb/v8-m.main+fp/softfp/libg.a(libc_a-reallocr.o)
                              /Applications/ArmGNUToolchain/15.2.rel1/arm-none-eabi/bin/../lib/gcc/arm-none-eabi/15.2.1/../../../../arm-none-eabi/lib/thumb/v8-m.main+fp/softfp/libg.a(libc_a-realloc.o) (_realloc_r)
/Applications/ArmGNUToolchain/15.2.rel1/arm-none-eabi/bin/../lib/gcc/arm-none-eabi/15.2.1/../../../../arm-none-eabi/lib/thumb/v8-m.main+fp/softfp/libg.a(libc_a-memcmp.o)
                              CMakeFiles/OddSIDKick-pico2.dir/Users/misfit/pico/pico-sdk/src/rp2_common/pico_atomic/atomic.c.o (memcmp)
[...]
Memory Configuration

Name             Origin             Length             Attributes
FLASH            0x10000000         0x00400000         xr
RAM              0x20000000         0x00080000         xrw
SCRATCH_X        0x20080000         0x00001000         xrw
SCRATCH_Y        0x20081000         0x00001000         xrw
*default*        0x00000000         0xffffffff

Linker script and memory map

LOAD /Applications/ArmGNUToolchain/15.2.rel1/arm-none-eabi/bin/../lib/gcc/arm-none-eabi/15.2.1/thumb/v8-m.main+fp/softfp/crti.o
LOAD /Applications/ArmGNUToolchain/15.2.rel1/arm-none-eabi/bin/../lib/gcc/arm-none-eabi/15.2.1/thumb/v8-m.main+fp/softfp/crtbegin.o
LOAD /Applications/ArmGNUToolchain/15.2.rel1/arm-none-eabi/bin/../lib/gcc/arm-none-eabi/15.2.1/../../../../arm-none-eabi/lib/thumb/v8-m.main+fp/softfp/crt0.o

.flash_begin    0x10000000        0x0
                0x10000000                        __flash_binary_start = .

.text           0x10000000     0xb31c
                0x10000000                        __logical_binary_start = .
 *(.vectors)
 .vectors       0x10000000      0x124 CMakeFiles/OddSIDKick-pico2.dir/Users/misfit/pico/pico-sdk/src/rp2_common/pico_crt0/crt0.S.o
                0x10000000                __VECTOR_TABLE
                0x10000000                __vectors
                0x10000110                __unhandled_user_irq
                0x10000110                isr_irq49
                0x10000110                isr_irq13
                0x10000110                isr_irq43
                0x10000110                isr_irq45
                0x10000110                isr_irq27
                0x10000110                isr_irq32
                0x10000110                isr_irq31
                0x10000110                isr_irq5
                0x10000110                isr_irq11
                0x10000110                isr_irq23
                0x10000110                isr_usagefault
                0x10000110                isr_irq48
                0x10000110                isr_irq35
                0x10000110                isr_irq18
                0x10000110                isr_irq50
                0x10000110                isr_irq9
                0x10000110                isr_irq30
                0x10000110                isr_irq16
                0x10000110                isr_irq44
                0x10000110                isr_irq29
                0x10000110                isr_irq26
                0x10000110                isr_irq33
                0x10000110                isr_irq3
                0x10000110                isr_irq12
                0x10000110                isr_securefault
                0x10000110                isr_irq40
                0x10000110                isr_irq28
                0x10000110                isr_irq19
                0x10000110                isr_irq36
                0x10000110                isr_irq41
                0x10000110                isr_irq0
                0x10000110                isr_irq6
                0x10000110                isr_memmanage
                0x10000110                isr_irq37
                0x10000110                isr_irq42
                0x10000110                isr_irq22
                0x10000110                isr_irq17
                0x10000110                isr_irq38
                0x10000110                isr_irq14
                0x10000110                __vectors_end
                0x10000110                __default_isrs_start
                0x10000110                isr_irq2
                0x10000110                isr_irq10
                0x10000110                isr_irq8
                0x10000110                isr_debugmonitor
                0x10000110                isr_irq24
                0x10000110                isr_irq46
                0x10000110                isr_irq1
                0x10000110                isr_irq47
                0x10000110                isr_irq51
                0x10000110                isr_irq7
                0x10000110                isr_irq21
                0x10000110                isr_irq39
                0x10000110                isr_irq20
                0x10000110                isr_irq15
                0x10000110                isr_irq25
                0x10000110                isr_irq34
                0x10000110                isr_irq4
                0x10000110                isr_busfault
                0x10000116                unhandled_user_irq_num_in_r0
                0x10000118                isr_invalid
                0x1000011a                isr_nmi
                0x1000011c                isr_hardfault
                0x1000011e                isr_svcall
                0x10000120                isr_pendsv
                0x10000122                isr_systick
                0x10000124                __default_isrs_end
 *(.binary_info_header)
 .binary_info_header
                0x10000124       0x14 CMakeFiles/OddSIDKick-pico2.dir/Users/misfit/pico/pico-sdk/src/rp2_common/pico_crt0/crt0.S.o
                0x10000138                        __binary_info_header_end = .
 *(.embedded_block)
 .embedded_block
                0x10000138       0x14 CMakeFiles/OddSIDKick-pico2.dir/Users/misfit/pico/pico-sdk/src/rp2_common/pico_crt0/crt0.S.o
                0x1000014c                        __embedded_block_end = .
 *(.reset)
 .reset         0x1000014c       0x98 CMakeFiles/OddSIDKick-pico2.dir/Users/misfit/pico/pico-sdk/src/rp2_common/pico_crt0/crt0.S.o
                0x1000014c                _entry_point
 *(.init)
 .init          0x100001e4        0x4 /Applications/ArmGNUToolchain/15.2.rel1/arm-none-eabi/bin/../lib/gcc/arm-none-eabi/15.2.1/thumb/v8-m.main+fp/softfp/crti.o
                0x100001e4                _init
 SORT_BY_NAME(REVERSE(*libgcc.a:cmse_nonsecure_call.o))()
 *(EXCLUDE_FILE(*libm.a: *libc.a:*lib_a-mem*.o *libgcc.a:) .text*)
 .text.register_tm_clones
                0x100001e8       0x28 /Applications/ArmGNUToolchain/15.2.rel1/arm-none-eabi/bin/../lib/gcc/arm-none-eabi/15.2.1/thumb/v8-m.main+fp/softfp/crtbegin.o
 .text.frame_dummy
                0x10000210       0x24 /Applications/ArmGNUToolchain/15.2.rel1/arm-none-eabi/bin/../lib/gcc/arm-none-eabi/15.2.1/thumb/v8-m.main+fp/softfp/crtbegin.o
 .text.initGPIOs
                0x10000234       0x38 CMakeFiles/OddSIDKick-pico2.dir/Source/SKpico.c.o
                0x10000234                initGPIOs
 .text.initPotGPIOs
                0x1000026c       0xbc CMakeFiles/OddSIDKick-pico2.dir/Source/SKpico.c.o
                0x1000026c                initPotGPIOs
 .text.initI2S  0x10000328       0x5c CMakeFiles/OddSIDKick-pico2.dir/Source/SKpico.c.o
                0x10000328                initI2S
 .text.resetEverything
                0x10000384       0x14 CMakeFiles/OddSIDKick-pico2.dir/Source/SKpico.c.o
                0x10000384                resetEverything
 .text.updateEmulationParameters
                0x10000398       0x68 CMakeFiles/OddSIDKick-pico2.dir/Source/SKpico.c.o
                0x10000398                updateEmulationParameters
 .text.handleSerialSID
                0x10000400      0x104 CMakeFiles/OddSIDKick-pico2.dir/Source/SKpico.c.o
                0x10000400                handleSerialSID
 .text.readConfiguration
                0x10000504       0x90 CMakeFiles/OddSIDKick-pico2.dir/Source/SKpico.c.o
                0x10000504                readConfiguration
 .text.writeConfiguration
                0x10000594       0xd8 CMakeFiles/OddSIDKick-pico2.dir/Source/SKpico.c.o
                0x10000594                writeConfiguration
 *fill*         0x1000066c        0x4 
 .text.runEmulation
                0x10000670      0xd40 CMakeFiles/OddSIDKick-pico2.dir/Source/SKpico.c.o
                0x10000670                runEmulation
 .text.startup.main
                0x100013b0       0x3c CMakeFiles/OddSIDKick-pico2.dir/Source/SKpico.c.o
                0x100013b0                main
 .text.read_bits
                0x100013ec       0x60 CMakeFiles/OddSIDKick-pico2.dir/Source/exodecr.c.o
 .text.exo_decrunch
                0x1000144c      0x140 CMakeFiles/OddSIDKick-pico2.dir/Source/exodecr.c.o
                0x1000144c                exo_decrunch
 .text.setDefaultConfiguration
                0x1000158c       0x54 CMakeFiles/OddSIDKick-pico2.dir/Source/reSIDWrapper.cc.o
                0x1000158c                setDefaultConfiguration
 .text.updateConfiguration
                0x100015e0      0x440 CMakeFiles/OddSIDKick-pico2.dir/Source/reSIDWrapper.cc.o
                0x100015e0                updateConfiguration
 .text.initReSID
                0x10001a20      0x120 CMakeFiles/OddSIDKick-pico2.dir/Source/reSIDWrapper.cc.o
                0x10001a20                initReSID
 .text.emulateCyclesReSID
                0x10001b40       0x28 CMakeFiles/OddSIDKick-pico2.dir/Source/reSIDWrapper.cc.o
                0x10001b40                emulateCyclesReSID
 .text.emulateCyclesReSIDSingle
                0x10001b68       0x10 CMakeFiles/OddSIDKick-pico2.dir/Source/reSIDWrapper.cc.o
                0x10001b68                emulateCyclesReSIDSingle
 .text.writeReSID
                0x10001b78       0x14 CMakeFiles/OddSIDKick-pico2.dir/Source/reSIDWrapper.cc.o
                0x10001b78                writeReSID
 .text.writeReSID2
                0x10001b8c       0x14 CMakeFiles/OddSIDKick-pico2.dir/Source/reSIDWrapper.cc.o
                0x10001b8c                writeReSID2
 .text.outputDigi
                0x10001ba0       0x14 CMakeFiles/OddSIDKick-pico2.dir/Source/reSIDWrapper.cc.o
                0x10001ba0                outputDigi
 .text.outputReSID
                0x10001bb4       0x64 CMakeFiles/OddSIDKick-pico2.dir/Source/reSIDWrapper.cc.o
                0x10001bb4                outputReSID
 .text.outputReSIDFM
                0x10001c18       0x74 CMakeFiles/OddSIDKick-pico2.dir/Source/reSIDWrapper.cc.o
                0x10001c18                outputReSIDFM
 .text.readRegs
                0x10001c8c       0x24 CMakeFiles/OddSIDKick-pico2.dir/Source/reSIDWrapper.cc.o
                0x10001c8c                readRegs
 .text.OPLWriteReg
                0x10001cb0      0x854 CMakeFiles/OddSIDKick-pico2.dir/Source/fmopl.c.o
 .text.OPLResetChip
                0x10002504      0x17c CMakeFiles/OddSIDKick-pico2.dir/Source/fmopl.c.o
 .text.OPL_CALC_CH
                0x10002680      0x158 CMakeFiles/OddSIDKick-pico2.dir/Source/fmopl.c.o
                0x10002680                OPL_CALC_CH
 .text.OPL_CALC_RH
                0x100027d8      0x468 CMakeFiles/OddSIDKick-pico2.dir/Source/fmopl.c.o
                0x100027d8                OPL_CALC_RH
 .text.ym3812_init
                0x10002c40      0x210 CMakeFiles/OddSIDKick-pico2.dir/Source/fmopl.c.o
                0x10002c40                ym3812_init
 .text.ym3812_write
                0x10002e50       0x2c CMakeFiles/OddSIDKick-pico2.dir/Source/fmopl.c.o
                0x10002e50                ym3812_write
 .text.ym3812_update_one
                0x10002e7c      0x420 CMakeFiles/OddSIDKick-pico2.dir/Source/fmopl.c.o
                0x10002e7c                ym3812_update_one
 .text._ZN17EnvelopeGeneratorC2Ev
                0x1000329c       0x40 CMakeFiles/OddSIDKick-pico2.dir/Source/reSID16/envelope.cc.o
                0x1000329c                EnvelopeGenerator::EnvelopeGenerator()
                0x1000329c                EnvelopeGenerator::EnvelopeGenerator()
 .text._ZN17EnvelopeGenerator5resetEv
                0x100032dc       0x44 CMakeFiles/OddSIDKick-pico2.dir/Source/reSID16/envelope.cc.o
                0x100032dc                EnvelopeGenerator::reset()
 .text._ZN17EnvelopeGenerator14set_chip_modelE10chip_model
                0x10003320        0x8 CMakeFiles/OddSIDKick-pico2.dir/Source/reSID16/envelope.cc.o
                0x10003320                EnvelopeGenerator::set_chip_model(chip_model)
 .text._ZN17EnvelopeGenerator16writeCONTROL_REGEj
                0x10003328       0x1c CMakeFiles/OddSIDKick-pico2.dir/Source/reSID16/envelope.cc.o
                0x10003328                EnvelopeGenerator::writeCONTROL_REG(unsigned int)
 .text._ZN17EnvelopeGenerator17writeATTACK_DECAYEj
                0x10003344       0x30 CMakeFiles/OddSIDKick-pico2.dir/Source/reSID16/envelope.cc.o
                0x10003344                EnvelopeGenerator::writeATTACK_DECAY(unsigned int)
 .text._ZN17EnvelopeGenerator20writeSUSTAIN_RELEASEEj
                0x10003374       0x24 CMakeFiles/OddSIDKick-pico2.dir/Source/reSID16/envelope.cc.o
                0x10003374                EnvelopeGenerator::writeSUSTAIN_RELEASE(unsigned int)
 .text._ZN17EnvelopeGenerator7readENVEv
                0x10003398        0x4 CMakeFiles/OddSIDKick-pico2.dir/Source/reSID16/envelope.cc.o
                0x10003398                EnvelopeGenerator::readENV()
 .text._ZN14ExternalFilterC2Ev
                0x1000339c       0x20 CMakeFiles/OddSIDKick-pico2.dir/Source/reSID16/extfilt.cc.o
                0x1000339c                ExternalFilter::ExternalFilter()
                0x1000339c                ExternalFilter::ExternalFilter()
 .text._ZN14ExternalFilter20setCutoffFrequenciesEii
                0x100033bc       0x20 CMakeFiles/OddSIDKick-pico2.dir/Source/reSID16/extfilt.cc.o
                0x100033bc                ExternalFilter::setCutoffFrequencies(int, int)
 .text._ZN14ExternalFilter13enable_filterEb
                0x100033dc        0x4 CMakeFiles/OddSIDKick-pico2.dir/Source/reSID16/extfilt.cc.o
                0x100033dc                ExternalFilter::enable_filter(bool)
 .text._ZN14ExternalFilter14set_chip_modelE10chip_model
                0x100033e0       0x10 CMakeFiles/OddSIDKick-pico2.dir/Source/reSID16/extfilt.cc.o
                0x100033e0                ExternalFilter::set_chip_model(chip_model)
 .text._ZN14ExternalFilter5resetEv
                0x100033f0        0xc CMakeFiles/OddSIDKick-pico2.dir/Source/reSID16/extfilt.cc.o
                0x100033f0                ExternalFilter::reset()
 .text._ZN6FilterC2Ev
                0x100033fc      0x888 CMakeFiles/OddSIDKick-pico2.dir/Source/reSID16/filter.cc.o
                0x100033fc                Filter::Filter()
                0x100033fc                Filter::Filter()
 .text._ZN6Filter19set8580FilterCoeffsEii
                0x10003c84       0xa4 CMakeFiles/OddSIDKick-pico2.dir/Source/reSID16/filter.cc.o
                0x10003c84                Filter::set8580FilterCoeffs(int, int)
 .text._ZN6Filter19set6581FilterCoeffsEPKsiii
                0x10003d28       0x9c CMakeFiles/OddSIDKick-pico2.dir/Source/reSID16/filter.cc.o
                0x10003d28                Filter::set6581FilterCoeffs(short const*, int, int, int)
 .text._ZN6Filter14set_chip_modelE10chip_model
                0x10003dc4       0x94 CMakeFiles/OddSIDKick-pico2.dir/Source/reSID16/filter.cc.o
                0x10003dc4                Filter::set_chip_model(chip_model)
 .text._ZN6Filter5resetEv
                0x10003e58       0x54 CMakeFiles/OddSIDKick-pico2.dir/Source/reSID16/filter.cc.o
                0x10003e58                Filter::reset()
 .text._ZN6Filter10writeFC_LOEj
                0x10003eac       0x44 CMakeFiles/OddSIDKick-pico2.dir/Source/reSID16/filter.cc.o
                0x10003eac                Filter::writeFC_LO(unsigned int)
 .text._ZN6Filter10writeFC_HIEj
                0x10003ef0       0x48 CMakeFiles/OddSIDKick-pico2.dir/Source/reSID16/filter.cc.o
                0x10003ef0                Filter::writeFC_HI(unsigned int)
 .text._ZN6Filter13writeRES_FILTEj
                0x10003f38       0x38 CMakeFiles/OddSIDKick-pico2.dir/Source/reSID16/filter.cc.o
                0x10003f38                Filter::writeRES_FILT(unsigned int)
 .text._ZN6Filter13writeMODE_VOLEj
                0x10003f70       0x14 CMakeFiles/OddSIDKick-pico2.dir/Source/reSID16/filter.cc.o
                0x10003f70                Filter::writeMODE_VOL(unsigned int)
 .text._ZN5SID16C2Ev
                0x10003f84       0x90 CMakeFiles/OddSIDKick-pico2.dir/Source/reSID16/sid.cc.o
                0x10003f84                SID16::SID16()
                0x10003f84                SID16::SID16()
 .text._ZN5SID1614set_chip_modelE10chip_model
                0x10004014       0x32 CMakeFiles/OddSIDKick-pico2.dir/Source/reSID16/sid.cc.o
                0x10004014                SID16::set_chip_model(chip_model)
 .text._ZN5SID165resetEv
                0x10004046       0x40 CMakeFiles/OddSIDKick-pico2.dir/Source/reSID16/sid.cc.o
                0x10004046                SID16::reset()
 *fill*         0x10004086        0x2 
 .text._ZN5SID165inputEi
                0x10004088        0xc CMakeFiles/OddSIDKick-pico2.dir/Source/reSID16/sid.cc.o
                0x10004088                SID16::input(int)
 .text._ZN5SID1615forceDigiOutputEii
                0x10004094        0xc CMakeFiles/OddSIDKick-pico2.dir/Source/reSID16/sid.cc.o
                0x10004094                SID16::forceDigiOutput(int, int)
 .text._ZN5SID166outputEv
                0x100040a0       0x20 CMakeFiles/OddSIDKick-pico2.dir/Source/reSID16/sid.cc.o
                0x100040a0                SID16::output()
 .text._ZN5SID1613readRegistersEPh
                0x100040c0       0x20 CMakeFiles/OddSIDKick-pico2.dir/Source/reSID16/sid.cc.o
                0x100040c0                SID16::readRegisters(unsigned char*)
 .text._ZN5SID165writeEjj
                0x100040e0      0x108 CMakeFiles/OddSIDKick-pico2.dir/Source/reSID16/sid.cc.o
                0x100040e0                SID16::write(unsigned int, unsigned int)
 .text._ZN5SID1622enable_external_filterEb
                0x100041e8        0x8 CMakeFiles/OddSIDKick-pico2.dir/Source/reSID16/sid.cc.o
                0x100041e8                SID16::enable_external_filter(bool)
 .text._ZN5SID1623set_sampling_parametersEf15sampling_methodfff
                0x100041f0      0x4a0 CMakeFiles/OddSIDKick-pico2.dir/Source/reSID16/sid.cc.o
                0x100041f0                SID16::set_sampling_parameters(float, sampling_method, float, float, float)
 .text._ZN5SID165clockEi
                0x10004690      0xb10 CMakeFiles/OddSIDKick-pico2.dir/Source/reSID16/sid.cc.o
                0x10004690                SID16::clock(int)
 .text._ZN5VoiceC2Ev
                0x100051a0       0x34 CMakeFiles/OddSIDKick-pico2.dir/Source/reSID16/voice.cc.o
                0x100051a0                Voice::Voice()
                0x100051a0                Voice::Voice()
 .text._ZN5Voice14set_chip_modelE10chip_model
                0x100051d4       0x30 CMakeFiles/OddSIDKick-pico2.dir/Source/reSID16/voice.cc.o
                0x100051d4                Voice::set_chip_model(chip_model)
 .text._ZN5Voice15set_sync_sourceEPS_
                0x10005204        0x4 CMakeFiles/OddSIDKick-pico2.dir/Source/reSID16/voice.cc.o
                0x10005204                Voice::set_sync_source(Voice*)
 .text._ZN5Voice16writeCONTROL_REGEj
                0x10005208       0x1c CMakeFiles/OddSIDKick-pico2.dir/Source/reSID16/voice.cc.o
                0x10005208                Voice::writeCONTROL_REG(unsigned int)
 .text._ZN5Voice5resetEv
                0x10005224       0x18 CMakeFiles/OddSIDKick-pico2.dir/Source/reSID16/voice.cc.o
                0x10005224                Voice::reset()
 .text._ZN17WaveformGeneratorC2Ev
                0x1000523c       0x60 CMakeFiles/OddSIDKick-pico2.dir/Source/reSID16/wave.cc.o
                0x1000523c                WaveformGenerator::WaveformGenerator()
                0x1000523c                WaveformGenerator::WaveformGenerator()
 .text._ZN17WaveformGenerator15set_sync_sourceEPS_
                0x1000529c        0x8 CMakeFiles/OddSIDKick-pico2.dir/Source/reSID16/wave.cc.o
                0x1000529c                WaveformGenerator::set_sync_source(WaveformGenerator*)
 .text._ZN17WaveformGenerator14set_chip_modelE10chip_model
                0x100052a4       0x2c CMakeFiles/OddSIDKick-pico2.dir/Source/reSID16/wave.cc.o
                0x100052a4                WaveformGenerator::set_chip_model(chip_model)
 .text._ZN17WaveformGenerator12writeFREQ_LOEj
                0x100052d0       0x10 CMakeFiles/OddSIDKick-pico2.dir/Source/reSID16/wave.cc.o
                0x100052d0                WaveformGenerator::writeFREQ_LO(unsigned int)
 .text._ZN17WaveformGenerator12writeFREQ_HIEj
                0x100052e0        0xc CMakeFiles/OddSIDKick-pico2.dir/Source/reSID16/wave.cc.o
                0x100052e0                WaveformGenerator::writeFREQ_HI(unsigned int)
 .text._ZN17WaveformGenerator10writePW_LOEj
                0x100052ec       0x20 CMakeFiles/OddSIDKick-pico2.dir/Source/reSID16/wave.cc.o
                0x100052ec                WaveformGenerator::writePW_LO(unsigned int)
 .text._ZN17WaveformGenerator10writePW_HIEj
                0x1000530c       0x24 CMakeFiles/OddSIDKick-pico2.dir/Source/reSID16/wave.cc.o
                0x1000530c                WaveformGenerator::writePW_HI(unsigned int)
 .text._ZN17WaveformGenerator16writeCONTROL_REGEj
                0x10005330      0x320 CMakeFiles/OddSIDKick-pico2.dir/Source/reSID16/wave.cc.o
                0x10005330                WaveformGenerator::writeCONTROL_REG(unsigned int)
 .text._ZN17WaveformGenerator7readOSCEv
                0x10005650        0x8 CMakeFiles/OddSIDKick-pico2.dir/Source/reSID16/wave.cc.o
                0x10005650                WaveformGenerator::readOSC()
 .text._ZN17WaveformGenerator5resetEv
                0x10005658       0x54 CMakeFiles/OddSIDKick-pico2.dir/Source/reSID16/wave.cc.o
                0x10005658                WaveformGenerator::reset()
 .text.gpio_set_function
                0x100056ac       0x3c CMakeFiles/OddSIDKick-pico2.dir/Users/misfit/pico/pico-sdk/src/rp2_common/hardware_gpio/gpio.c.o
                0x100056ac                gpio_set_function
 .text.gpio_set_pulls
                0x100056e8       0x24 CMakeFiles/OddSIDKick-pico2.dir/Users/misfit/pico/pico-sdk/src/rp2_common/hardware_gpio/gpio.c.o
                0x100056e8                gpio_set_pulls
 .text.gpio_set_drive_strength
                0x1000570c       0x20 CMakeFiles/OddSIDKick-pico2.dir/Users/misfit/pico/pico-sdk/src/rp2_common/hardware_gpio/gpio.c.o
                0x1000570c                gpio_set_drive_strength
 .text.gpio_set_input_enabled
                0x1000572c       0x20 CMakeFiles/OddSIDKick-pico2.dir/Users/misfit/pico/pico-sdk/src/rp2_common/hardware_gpio/gpio.c.o
                0x1000572c                gpio_set_input_enabled
 .text.gpio_init
                0x1000574c       0x4c CMakeFiles/OddSIDKick-pico2.dir/Users/misfit/pico/pico-sdk/src/rp2_common/hardware_gpio/gpio.c.o
                0x1000574c                gpio_init
 .text.panic    0x10005798       0x30 CMakeFiles/OddSIDKick-pico2.dir/Users/misfit/pico/pico-sdk/src/rp2_common/pico_platform_panic/panic.c.o
                0x10005798                panic
 .text.hw_claim_lock
                0x100057c8       0x24 CMakeFiles/OddSIDKick-pico2.dir/Users/misfit/pico/pico-sdk/src/common/hardware_claim/claim.c.o
                0x100057c8                hw_claim_lock
 .text.hw_claim_unlock
                0x100057ec       0x14 CMakeFiles/OddSIDKick-pico2.dir/Users/misfit/pico/pico-sdk/src/common/hardware_claim/claim.c.o
                0x100057ec                hw_claim_unlock
 .text.hw_claim_or_assert
                0x10005800       0x58 CMakeFiles/OddSIDKick-pico2.dir/Users/misfit/pico/pico-sdk/src/common/hardware_claim/claim.c.o
                0x10005800                hw_claim_or_assert
 .text.next_striped_spin_lock_num
                0x10005858       0x18 CMakeFiles/OddSIDKick-pico2.dir/Users/misfit/pico/pico-sdk/src/rp2_common/hardware_sync/sync.c.o
                0x10005858                next_striped_spin_lock_num
 .text.spinlock_set_extexclall
                0x10005870       0x10 CMakeFiles/OddSIDKick-pico2.dir/Users/misfit/pico/pico-sdk/src/rp2_common/hardware_sync_spin_lock/sync_spin_lock.c.o
 .text.spin_locks_reset
                0x10005880       0x18 CMakeFiles/OddSIDKick-pico2.dir/Users/misfit/pico/pico-sdk/src/rp2_common/hardware_sync_spin_lock/sync_spin_lock.c.o
                0x10005880                spin_locks_reset
 .text.spin_lock_init
                0x10005898       0x10 CMakeFiles/OddSIDKick-pico2.dir/Users/misfit/pico/pico-sdk/src/rp2_common/hardware_sync_spin_lock/sync_spin_lock.c.o
                0x10005898                spin_lock_init
 .text.runtime_init_per_core_irq_priorities
                0x100058a8       0x40 CMakeFiles/OddSIDKick-pico2.dir/Users/misfit/pico/pico-sdk/src/rp2_common/hardware_irq/irq.c.o
                0x100058a8                runtime_init_per_core_irq_priorities
 .text.irq_set_enabled
                0x100058e8       0x2c CMakeFiles/OddSIDKick-pico2.dir/Users/misfit/pico/pico-sdk/src/rp2_common/hardware_irq/irq.c.o
                0x100058e8                irq_set_enabled
 .text.irq_is_enabled
                0x10005914       0x20 CMakeFiles/OddSIDKick-pico2.dir/Users/misfit/pico/pico-sdk/src/rp2_common/hardware_irq/irq.c.o
                0x10005914                irq_is_enabled
 .text.irq_set_mask_enabled
                0x10005934       0x18 CMakeFiles/OddSIDKick-pico2.dir/Users/misfit/pico/pico-sdk/src/rp2_common/hardware_irq/irq.c.o
                0x10005934                irq_set_mask_enabled
 .text.irq_set_exclusive_handler
                0x1000594c       0x70 CMakeFiles/OddSIDKick-pico2.dir/Users/misfit/pico/pico-sdk/src/rp2_common/hardware_irq/irq.c.o
                0x1000594c                irq_set_exclusive_handler
 .text.irq_add_shared_handler
                0x100059bc      0x1f4 CMakeFiles/OddSIDKick-pico2.dir/Users/misfit/pico/pico-sdk/src/rp2_common/hardware_irq/irq.c.o
                0x100059bc                irq_add_shared_handler
 .text.irq_add_tail_to_free_list
                0x10005bb0       0xcc CMakeFiles/OddSIDKick-pico2.dir/Users/misfit/pico/pico-sdk/src/rp2_common/hardware_irq/irq.c.o
                0x10005bb0                irq_add_tail_to_free_list
 .text.lock_init
                0x10005c7c        0xc CMakeFiles/OddSIDKick-pico2.dir/Users/misfit/pico/pico-sdk/src/common/pico_sync/lock_core.c.o
                0x10005c7c                lock_init
 .text.runtime_init_mutex
                0x10005c88       0x4c CMakeFiles/OddSIDKick-pico2.dir/Users/misfit/pico/pico-sdk/src/common/pico_sync/mutex.c.o
                0x10005c88                runtime_init_mutex
 .text.sleep_until_callback
                0x10005cd4       0x3c CMakeFiles/OddSIDKick-pico2.dir/Users/misfit/pico/pico-sdk/src/common/pico_time/time.c.o
 .text.alarm_pool_irq_handler
                0x10005d10      0x2ec CMakeFiles/OddSIDKick-pico2.dir/Users/misfit/pico/pico-sdk/src/common/pico_time/time.c.o
 .text.runtime_init_default_alarm_pool
                0x10005ffc      0x104 CMakeFiles/OddSIDKick-pico2.dir/Users/misfit/pico/pico-sdk/src/common/pico_time/time.c.o
                0x10005ffc                runtime_init_default_alarm_pool
 .text.alarm_pool_add_alarm_at_force_in_context
                0x10006100       0xcc CMakeFiles/OddSIDKick-pico2.dir/Users/misfit/pico/pico-sdk/src/common/pico_time/time.c.o
                0x10006100                alarm_pool_add_alarm_at_force_in_context
 .text.alarm_pool_cancel_alarm
                0x100061cc       0x84 CMakeFiles/OddSIDKick-pico2.dir/Users/misfit/pico/pico-sdk/src/common/pico_time/time.c.o
                0x100061cc                alarm_pool_cancel_alarm
 .text.best_effort_wfe_or_timeout
                0x10006250       0xf8 CMakeFiles/OddSIDKick-pico2.dir/Users/misfit/pico/pico-sdk/src/common/pico_time/time.c.o
                0x10006250                best_effort_wfe_or_timeout
 .text.timer_hardware_alarm_claim
                0x10006348       0x24 CMakeFiles/OddSIDKick-pico2.dir/Users/misfit/pico/pico-sdk/src/rp2_common/hardware_timer/timer.c.o
                0x10006348                timer_hardware_alarm_claim
 .text.timer_time_us_64
                0x1000636c       0x10 CMakeFiles/OddSIDKick-pico2.dir/Users/misfit/pico/pico-sdk/src/rp2_common/hardware_timer/timer.c.o
                0x1000636c                timer_time_us_64
 .text.time_us_64
                0x1000637c       0x14 CMakeFiles/OddSIDKick-pico2.dir/Users/misfit/pico/pico-sdk/src/rp2_common/hardware_timer/timer.c.o
                0x1000637c                time_us_64
 .text.busy_wait_us
                0x10006390       0x60 CMakeFiles/OddSIDKick-pico2.dir/Users/misfit/pico/pico-sdk/src/rp2_common/hardware_timer/timer.c.o
                0x10006390                busy_wait_us
 .text.uart_init
                0x100063f0      0x110 CMakeFiles/OddSIDKick-pico2.dir/Users/misfit/pico/pico-sdk/src/rp2_common/hardware_uart/uart.c.o
                0x100063f0                uart_init
 .text.uart_set_format
                0x10006500       0x7c CMakeFiles/OddSIDKick-pico2.dir/Users/misfit/pico/pico-sdk/src/rp2_common/hardware_uart/uart.c.o
                0x10006500                uart_set_format
 .text.uart_set_fifo_enabled
                0x1000657c       0x64 CMakeFiles/OddSIDKick-pico2.dir/Users/misfit/pico/pico-sdk/src/rp2_common/hardware_uart/uart.c.o
                0x1000657c                uart_set_fifo_enabled
 .text.clock_configure_undivided
                0x100065e0       0xdc CMakeFiles/OddSIDKick-pico2.dir/Users/misfit/pico/pico-sdk/src/rp2_common/hardware_clocks/clocks.c.o
                0x100065e0                clock_configure_undivided
 .text.clock_get_hz
                0x100066bc        0xc CMakeFiles/OddSIDKick-pico2.dir/Users/misfit/pico/pico-sdk/src/rp2_common/hardware_clocks/clocks.c.o
                0x100066bc                clock_get_hz
 .text.set_sys_clock_pll
                0x100066c8      0x188 CMakeFiles/OddSIDKick-pico2.dir/Users/misfit/pico/pico-sdk/src/rp2_common/hardware_clocks/clocks.c.o
                0x100066c8                set_sys_clock_pll
 .text.pll_init
                0x10006850       0x90 CMakeFiles/OddSIDKick-pico2.dir/Users/misfit/pico/pico-sdk/src/rp2_common/hardware_pll/pll.c.o
                0x10006850                pll_init
 .text.vreg_set_voltage
                0x100068e0       0x44 CMakeFiles/OddSIDKick-pico2.dir/Users/misfit/pico/pico-sdk/src/rp2_common/hardware_vreg/vreg.c.o
                0x100068e0                vreg_set_voltage
 .text.watchdog_reboot
                0x10006924       0xac CMakeFiles/OddSIDKick-pico2.dir/Users/misfit/pico/pico-sdk/src/rp2_common/hardware_watchdog/watchdog.c.o
                0x10006924                watchdog_reboot
 .text.tick_start
                0x100069d0       0x18 CMakeFiles/OddSIDKick-pico2.dir/Users/misfit/pico/pico-sdk/src/rp2_common/hardware_ticks/ticks.c.o
                0x100069d0                tick_start
 .text.rom_func_lookup
                0x100069e8       0x18 CMakeFiles/OddSIDKick-pico2.dir/Users/misfit/pico/pico-sdk/src/rp2_common/pico_bootrom/bootrom.c.o
                0x100069e8                rom_func_lookup
 .text.runtime_init_bootrom_locking_enable
                0x10006a00       0x14 CMakeFiles/OddSIDKick-pico2.dir/Users/misfit/pico/pico-sdk/src/rp2_common/pico_bootrom/bootrom_lock.c.o
                0x10006a00                runtime_init_bootrom_locking_enable
 .text.runtime_init_boot_locks_reset
                0x10006a14       0x1c CMakeFiles/OddSIDKick-pico2.dir/Users/misfit/pico/pico-sdk/src/rp2_common/hardware_boot_lock/boot_lock.c.o
                0x10006a14                runtime_init_boot_locks_reset
 .text.xosc_init
                0x10006a30       0x2c CMakeFiles/OddSIDKick-pico2.dir/Users/misfit/pico/pico-sdk/src/rp2_common/hardware_xosc/xosc.c.o
                0x10006a30                xosc_init
 .text.first_per_core_initializer
                0x10006a5c        0x4 CMakeFiles/OddSIDKick-pico2.dir/Users/misfit/pico/pico-sdk/src/rp2_common/pico_runtime/runtime.c.o
 .text.hard_assertion_failure
                0x10006a60        0xc CMakeFiles/OddSIDKick-pico2.dir/Users/misfit/pico/pico-sdk/src/rp2_common/pico_runtime/runtime.c.o
                0x10006a60                hard_assertion_failure
 .text.runtime_run_initializers
                0x10006a6c       0x20 CMakeFiles/OddSIDKick-pico2.dir/Users/misfit/pico/pico-sdk/src/rp2_common/pico_runtime/runtime.c.o
                0x10006a6c                runtime_run_initializers
 .text.runtime_run_per_core_initializers
                0x10006a8c       0x20 CMakeFiles/OddSIDKick-pico2.dir/Users/misfit/pico/pico-sdk/src/rp2_common/pico_runtime/runtime.c.o
                0x10006a8c                runtime_run_per_core_initializers
 .text.runtime_init_early_resets
                0x10006aac       0x30 CMakeFiles/OddSIDKick-pico2.dir/Users/misfit/pico/pico-sdk/src/rp2_common/pico_runtime_init/runtime_init.c.o
                0x10006aac                runtime_init_early_resets
 .text.runtime_init_usb_power_down
                0x10006adc       0x1c CMakeFiles/OddSIDKick-pico2.dir/Users/misfit/pico/pico-sdk/src/rp2_common/pico_runtime_init/runtime_init.c.o
                0x10006adc                runtime_init_usb_power_down
 .text.runtime_init_per_core_enable_coprocessors
                0x10006af8       0x1c CMakeFiles/OddSIDKick-pico2.dir/Users/misfit/pico/pico-sdk/src/rp2_common/pico_runtime_init/runtime_init.c.o
                0x10006af8                runtime_init_per_core_enable_coprocessors
 .text.runtime_init_post_clock_resets
                0x10006b14       0x20 CMakeFiles/OddSIDKick-pico2.dir/Users/misfit/pico/pico-sdk/src/rp2_common/pico_runtime_init/runtime_init.c.o
                0x10006b14                runtime_init_post_clock_resets
 .text.runtime_init_bootrom_reset
                0x10006b34       0x14 CMakeFiles/OddSIDKick-pico2.dir/Users/misfit/pico/pico-sdk/src/rp2_common/pico_runtime_init/runtime_init.c.o
                0x10006b34                runtime_init_bootrom_reset
 .text.runtime_init_per_core_bootrom_reset
                0x10006b48       0x14 CMakeFiles/OddSIDKick-pico2.dir/Users/misfit/pico/pico-sdk/src/rp2_common/pico_runtime_init/runtime_init.c.o
                0x10006b48                runtime_init_per_core_bootrom_reset
 .text.runtime_init_spin_locks_reset
                0x10006b5c        0x4 CMakeFiles/OddSIDKick-pico2.dir/Users/misfit/pico/pico-sdk/src/rp2_common/pico_runtime_init/runtime_init.c.o
                0x10006b5c                runtime_init_spin_locks_reset
 .text.runtime_init_install_ram_vector_table
                0x10006b60       0x68 CMakeFiles/OddSIDKick-pico2.dir/Users/misfit/pico/pico-sdk/src/rp2_common/pico_runtime_init/runtime_init.c.o
                0x10006b60                runtime_init_install_ram_vector_table
 .text.runtime_init_clocks
                0x10006bc8       0xdc CMakeFiles/OddSIDKick-pico2.dir/Users/misfit/pico/pico-sdk/src/rp2_common/pico_runtime_init/runtime_init_clocks.c.o
                0x10006bc8                runtime_init_clocks
 .text.__wrap_ceil
                0x10006ca4       0x78 CMakeFiles/OddSIDKick-pico2.dir/Users/misfit/pico/pico-sdk/src/rp2_common/pico_double/double_math.c.o
                0x10006ca4                __wrap_ceil
 .text.__rp2350_dcp_engaged_state_save_restore
                0x10006d1c       0x3a CMakeFiles/OddSIDKick-pico2.dir/Users/misfit/pico/pico-sdk/src/rp2_common/pico_double/double_aeabi_dcp.S.o
 *fill*         0x10006d56        0x2 
 .text.__wrap___aeabi_dadd
                0x10006d58       0x28 CMakeFiles/OddSIDKick-pico2.dir/Users/misfit/pico/pico-sdk/src/rp2_common/pico_double/double_aeabi_dcp.S.o
                0x10006d60                __wrap___aeabi_dadd
 .text.__wrap___aeabi_dsub
                0x10006d80       0x28 CMakeFiles/OddSIDKick-pico2.dir/Users/misfit/pico/pico-sdk/src/rp2_common/pico_double/double_aeabi_dcp.S.o
                0x10006d88                __wrap___aeabi_dsub
 .text.__wrap___aeabi_dmul
                0x10006da8       0x4c CMakeFiles/OddSIDKick-pico2.dir/Users/misfit/pico/pico-sdk/src/rp2_common/pico_double/double_aeabi_dcp.S.o
                0x10006db0                __wrap___aeabi_dmul
 .text.__wrap___aeabi_ddiv
                0x10006df4       0x9c CMakeFiles/OddSIDKick-pico2.dir/Users/misfit/pico/pico-sdk/src/rp2_common/pico_double/double_aeabi_dcp.S.o
                0x10006dfc                __wrap___aeabi_ddiv
 .text.__wrap___aeabi_d2f
                0x10006e90       0x1c CMakeFiles/OddSIDKick-pico2.dir/Users/misfit/pico/pico-sdk/src/rp2_common/pico_double/double_aeabi_dcp.S.o
                0x10006e98                double2float
                0x10006e98                __wrap___aeabi_d2f
 .text.__wrap___aeabi_i2d
                0x10006eac       0x24 CMakeFiles/OddSIDKick-pico2.dir/Users/misfit/pico/pico-sdk/src/rp2_common/pico_double/double_aeabi_dcp.S.o
                0x10006eb4                __wrap___aeabi_i2d
                0x10006eb4                int2double
 .text.__wrap___aeabi_ui2d
                0x10006ed0       0x24 CMakeFiles/OddSIDKick-pico2.dir/Users/misfit/pico/pico-sdk/src/rp2_common/pico_double/double_aeabi_dcp.S.o
                0x10006ed8                __wrap___aeabi_ui2d
                0x10006ed8                uint2double
 .text.__wrap___aeabi_d2iz
                0x10006ef4       0x24 CMakeFiles/OddSIDKick-pico2.dir/Users/misfit/pico/pico-sdk/src/rp2_common/pico_double/double_aeabi_dcp.S.o
                0x10006efc                __wrap___aeabi_d2iz
                0x10006efc                double2int_z
 .text.__wrap___aeabi_d2uiz
                0x10006f18       0x24 CMakeFiles/OddSIDKick-pico2.dir/Users/misfit/pico/pico-sdk/src/rp2_common/pico_double/double_aeabi_dcp.S.o
                0x10006f20                double2uint_z
                0x10006f20                double2uint
                0x10006f20                __wrap___aeabi_d2uiz
 .text.__wrap___aeabi_dcmpun
                0x10006f3c       0x24 CMakeFiles/OddSIDKick-pico2.dir/Users/misfit/pico/pico-sdk/src/rp2_common/pico_double/double_aeabi_dcp.S.o
                0x10006f44                __wrap___aeabi_dcmpun
 .text.__wrap___aeabi_dcmplt
                0x10006f60       0x28 CMakeFiles/OddSIDKick-pico2.dir/Users/misfit/pico/pico-sdk/src/rp2_common/pico_double/double_aeabi_dcp.S.o
                0x10006f68                __wrap___aeabi_dcmplt
 .text.__wrap___aeabi_dcmple
                0x10006f88       0x28 CMakeFiles/OddSIDKick-pico2.dir/Users/misfit/pico/pico-sdk/src/rp2_common/pico_double/double_aeabi_dcp.S.o
                0x10006f90                __wrap___aeabi_dcmple
 .text.__wrap___aeabi_dcmpge
                0x10006fb0       0x28 CMakeFiles/OddSIDKick-pico2.dir/Users/misfit/pico/pico-sdk/src/rp2_common/pico_double/double_aeabi_dcp.S.o
                0x10006fb8                __wrap___aeabi_dcmpge
 .text.__wrap___aeabi_dcmpgt
                0x10006fd8       0x28 CMakeFiles/OddSIDKick-pico2.dir/Users/misfit/pico/pico-sdk/src/rp2_common/pico_double/double_aeabi_dcp.S.o
                0x10006fe0                __wrap___aeabi_dcmpgt
 .text.dpack    0x10007000       0x58 CMakeFiles/OddSIDKick-pico2.dir/Users/misfit/pico/pico-sdk/src/rp2_common/pico_double/double_sci_m33.S.o
 .text.dreduce  0x10007058       0x7a CMakeFiles/OddSIDKick-pico2.dir/Users/misfit/pico/pico-sdk/src/rp2_common/pico_double/double_sci_m33.S.o
 *fill*         0x100070d2        0x2 
 .text.exptab   0x100070d4      0x1fc CMakeFiles/OddSIDKick-pico2.dir/Users/misfit/pico/pico-sdk/src/rp2_common/pico_double/double_sci_m33.S.o
                0x100070d4                exptab0
                0x10007134                exptab1
                0x100071c4                exptab2
                0x10007244                logtab0
 .text.__wrap_exp
                0x100072d0      0x148 CMakeFiles/OddSIDKick-pico2.dir/Users/misfit/pico/pico-sdk/src/rp2_common/pico_double/double_sci_m33.S.o
                0x100072fa                __wrap_exp
 .text.__wrap_log
                0x10007418      0x358 CMakeFiles/OddSIDKick-pico2.dir/Users/misfit/pico/pico-sdk/src/rp2_common/pico_double/double_sci_m33.S.o
                0x100075f6                __wrap_log
 .text.fpow_int2
                0x10007770      0x104 CMakeFiles/OddSIDKick-pico2.dir/Users/misfit/pico/pico-sdk/src/rp2_common/pico_float/float_math.c.o
 .text.fpow_0   0x10007874       0xe8 CMakeFiles/OddSIDKick-pico2.dir/Users/misfit/pico/pico-sdk/src/rp2_common/pico_float/float_math.c.o
 .text.__wrap_powf
                0x1000795c      0x1bc CMakeFiles/OddSIDKick-pico2.dir/Users/misfit/pico/pico-sdk/src/rp2_common/pico_float/float_math.c.o
                0x1000795c                __wrap_powf
 .text.frrcore_v
                0x10007b18       0x54 CMakeFiles/OddSIDKick-pico2.dir/Users/misfit/pico/pico-sdk/src/rp2_common/pico_float/float_sci_m33_vfp.S.o
 *fill*         0x10007b6c        0x4 
 .text.__wrap_logf
                0x10007b70      0x188 CMakeFiles/OddSIDKick-pico2.dir/Users/misfit/pico/pico-sdk/src/rp2_common/pico_float/float_sci_m33_vfp.S.o
                0x10007b70                __wrap_logf
 .text.__wrap_fsin_fcos
                0x10007cf8      0x388 CMakeFiles/OddSIDKick-pico2.dir/Users/misfit/pico/pico-sdk/src/rp2_common/pico_float/float_sci_m33_vfp.S.o
                0x10007dd4                __wrap_sincosf
                0x10007e40                __wrap_sinf
                0x10007e46                __wrap_cosf
 .text.__wrap_malloc
                0x10008080       0x38 CMakeFiles/OddSIDKick-pico2.dir/Users/misfit/pico/pico-sdk/src/rp2_common/pico_malloc/malloc.c.o
                0x10008080                __wrap_malloc
 .text.__wrap_calloc
                0x100080b8       0x40 CMakeFiles/OddSIDKick-pico2.dir/Users/misfit/pico/pico-sdk/src/rp2_common/pico_malloc/malloc.c.o
                0x100080b8                __wrap_calloc
 .text.__wrap_free
                0x100080f8       0x20 CMakeFiles/OddSIDKick-pico2.dir/Users/misfit/pico/pico-sdk/src/rp2_common/pico_malloc/malloc.c.o
                0x100080f8                __wrap_free
 .text._Znwj    0x10008118        0x4 CMakeFiles/OddSIDKick-pico2.dir/Users/misfit/pico/pico-sdk/src/rp2_common/pico_cxx_options/new_delete.cpp.o
                0x10008118                operator new(unsigned int)
 .text._Znaj    0x1000811c        0x4 CMakeFiles/OddSIDKick-pico2.dir/Users/misfit/pico/pico-sdk/src/rp2_common/pico_cxx_options/new_delete.cpp.o
                0x1000811c                operator new[](unsigned int)
 .text._ZdaPv   0x10008120        0x4 CMakeFiles/OddSIDKick-pico2.dir/Users/misfit/pico/pico-sdk/src/rp2_common/pico_cxx_options/new_delete.cpp.o
                0x10008120                operator delete[](void*)
 .text._out_null
                0x10008124        0x4 CMakeFiles/OddSIDKick-pico2.dir/Users/misfit/pico/pico-sdk/src/rp2_common/pico_printf/printf.c.o
 .text._out_rev
                0x10008128       0xa8 CMakeFiles/OddSIDKick-pico2.dir/Users/misfit/pico/pico-sdk/src/rp2_common/pico_printf/printf.c.o
 .text._ntoa_format
                0x100081d0      0x1dc CMakeFiles/OddSIDKick-pico2.dir/Users/misfit/pico/pico-sdk/src/rp2_common/pico_printf/printf.c.o
 .text._out_char
                0x100083ac        0x8 CMakeFiles/OddSIDKick-pico2.dir/Users/misfit/pico/pico-sdk/src/rp2_common/pico_printf/printf.c.o
 .text._out_fct
                0x100083b4        0xc CMakeFiles/OddSIDKick-pico2.dir/Users/misfit/pico/pico-sdk/src/rp2_common/pico_printf/printf.c.o
 .text._ftoa    0x100083c0      0x494 CMakeFiles/OddSIDKick-pico2.dir/Users/misfit/pico/pico-sdk/src/rp2_common/pico_printf/printf.c.o
 *fill*         0x10008854        0x4 
 .text._etoa    0x10008858      0x584 CMakeFiles/OddSIDKick-pico2.dir/Users/misfit/pico/pico-sdk/src/rp2_common/pico_printf/printf.c.o
 .text._vsnprintf
                0x10008ddc      0x9d8 CMakeFiles/OddSIDKick-pico2.dir/Users/misfit/pico/pico-sdk/src/rp2_common/pico_printf/printf.c.o
 .text.vfctprintf
                0x100097b4       0x24 CMakeFiles/OddSIDKick-pico2.dir/Users/misfit/pico/pico-sdk/src/rp2_common/pico_printf/printf.c.o
                0x100097b4                vfctprintf
 .text.weak_raw_vprintf
                0x100097d8       0x30 CMakeFiles/OddSIDKick-pico2.dir/Users/misfit/pico/pico-sdk/src/rp2_common/pico_printf/printf.c.o
                0x100097d8                weak_raw_vprintf
 .text._exit    0x10009808        0x4 CMakeFiles/OddSIDKick-pico2.dir/Users/misfit/pico/pico-sdk/src/rp2_common/pico_clib_interface/newlib_interface.c.o
                0x10009808                _exit
 .text._sbrk    0x1000980c       0x2c CMakeFiles/OddSIDKick-pico2.dir/Users/misfit/pico/pico-sdk/src/rp2_common/pico_clib_interface/newlib_interface.c.o
                0x1000980c                _sbrk
 .text.exit     0x10009838        0x8 CMakeFiles/OddSIDKick-pico2.dir/Users/misfit/pico/pico-sdk/src/rp2_common/pico_clib_interface/newlib_interface.c.o
                0x10009838                exit
 .text.runtime_init
                0x10009840       0x24 CMakeFiles/OddSIDKick-pico2.dir/Users/misfit/pico/pico-sdk/src/rp2_common/pico_clib_interface/newlib_interface.c.o
                0x10009840                runtime_init
 .text.stdio_out_chars_no_crlf
                0x10009864        0x8 CMakeFiles/OddSIDKick-pico2.dir/Users/misfit/pico/pico-sdk/src/rp2_common/pico_stdio/stdio.c.o
 .text.stdio_out_chars_crlf
                0x1000986c       0xc0 CMakeFiles/OddSIDKick-pico2.dir/Users/misfit/pico/pico-sdk/src/rp2_common/pico_stdio/stdio.c.o
 .text.stdio_buffered_printer
                0x1000992c       0x5c CMakeFiles/OddSIDKick-pico2.dir/Users/misfit/pico/pico-sdk/src/rp2_common/pico_stdio/stdio.c.o
 .text.stdio_put_string
                0x10009988       0xec CMakeFiles/OddSIDKick-pico2.dir/Users/misfit/pico/pico-sdk/src/rp2_common/pico_stdio/stdio.c.o
                0x10009988                stdio_put_string
 .text.__wrap_putchar
                0x10009a74       0x84 CMakeFiles/OddSIDKick-pico2.dir/Users/misfit/pico/pico-sdk/src/rp2_common/pico_stdio/stdio.c.o
                0x10009a74                stdio_putchar
                0x10009a74                __wrap_putchar
 .text.__wrap_puts
                0x10009af8       0x3c CMakeFiles/OddSIDKick-pico2.dir/Users/misfit/pico/pico-sdk/src/rp2_common/pico_stdio/stdio.c.o
                0x10009af8                __wrap_puts
                0x10009af8                stdio_puts
 .text.__wrap_vprintf
                0x10009b34       0xc0 CMakeFiles/OddSIDKick-pico2.dir/Users/misfit/pico/pico-sdk/src/rp2_common/pico_stdio/stdio.c.o
                0x10009b34                __wrap_vprintf
                0x10009b34                stdio_vprintf
 .text.__wrap_printf
                0x10009bf4       0x1c CMakeFiles/OddSIDKick-pico2.dir/Users/misfit/pico/pico-sdk/src/rp2_common/pico_stdio/stdio.c.o
                0x10009bf4                stdio_printf
                0x10009bf4                __wrap_printf
 .text.core1_trampoline
                0x10009c10        0x4 CMakeFiles/OddSIDKick-pico2.dir/Users/misfit/pico/pico-sdk/src/rp2_common/pico_multicore/multicore.c.o
 .text.core1_wrapper
                0x10009c14       0x14 CMakeFiles/OddSIDKick-pico2.dir/Users/misfit/pico/pico-sdk/src/rp2_common/pico_multicore/multicore.c.o
                0x10009c14                core1_wrapper
 .text.multicore_launch_core1_raw
                0x10009c28       0x80 CMakeFiles/OddSIDKick-pico2.dir/Users/misfit/pico/pico-sdk/src/rp2_common/pico_multicore/multicore.c.o
                0x10009c28                multicore_launch_core1_raw
 .text.multicore_launch_core1
                0x10009ca8       0x48 CMakeFiles/OddSIDKick-pico2.dir/Users/misfit/pico/pico-sdk/src/rp2_common/pico_multicore/multicore.c.o
                0x10009ca8                multicore_launch_core1
 .text.adc_init
                0x10009cf0       0x30 CMakeFiles/OddSIDKick-pico2.dir/Users/misfit/pico/pico-sdk/src/rp2_common/hardware_adc/adc.c.o
                0x10009cf0                adc_init
 .text.pio_sm_claim
                0x10009d20       0x48 CMakeFiles/OddSIDKick-pico2.dir/Users/misfit/pico/pico-sdk/src/rp2_common/hardware_pio/pio.c.o
                0x10009d20                pio_sm_claim
 .text.pio_add_program
                0x10009d68      0x108 CMakeFiles/OddSIDKick-pico2.dir/Users/misfit/pico/pico-sdk/src/rp2_common/hardware_pio/pio.c.o
                0x10009d68                pio_add_program
 .text.pio_sm_set_pins
                0x10009e70       0x64 CMakeFiles/OddSIDKick-pico2.dir/Users/misfit/pico/pico-sdk/src/rp2_common/hardware_pio/pio.c.o
                0x10009e70                pio_sm_set_pins
 .text.pio_sm_set_pindirs_with_mask
                0x10009ed4       0x74 CMakeFiles/OddSIDKick-pico2.dir/Users/misfit/pico/pico-sdk/src/rp2_common/hardware_pio/pio.c.o
                0x10009ed4                pio_sm_set_pindirs_with_mask
 .text.pio_sm_init
                0x10009f48       0xa8 CMakeFiles/OddSIDKick-pico2.dir/Users/misfit/pico/pico-sdk/src/rp2_common/hardware_pio/pio.c.o
                0x10009f48                pio_sm_init
 .text.wrap_consumer_take
                0x10009ff0       0x54 CMakeFiles/OddSIDKick-pico2.dir/Users/misfit/pico/pico-extras/src/rp2_common/pico_audio_i2s/audio_i2s.c.o
 .text.audio_i2s_setup
                0x1000a044      0x128 CMakeFiles/OddSIDKick-pico2.dir/Users/misfit/pico/pico-extras/src/rp2_common/pico_audio_i2s/audio_i2s.c.o
                0x1000a044                audio_i2s_setup
 .text.audio_i2s_connect
                0x1000a16c       0xa4 CMakeFiles/OddSIDKick-pico2.dir/Users/misfit/pico/pico-extras/src/rp2_common/pico_audio_i2s/audio_i2s.c.o
                0x1000a16c                audio_i2s_connect
 .text.audio_i2s_set_enabled
                0x1000a210       0xbc CMakeFiles/OddSIDKick-pico2.dir/Users/misfit/pico/pico-extras/src/rp2_common/pico_audio_i2s/audio_i2s.c.o
                0x1000a210                audio_i2s_set_enabled
 .text.dma_channel_claim
                0x1000a2cc       0x14 CMakeFiles/OddSIDKick-pico2.dir/Users/misfit/pico/pico-sdk/src/rp2_common/hardware_dma/dma.c.o
                0x1000a2cc                dma_channel_claim
 .text.producer_pool_give_buffer_default
                0x1000a2e0       0x4c CMakeFiles/OddSIDKick-pico2.dir/Users/misfit/pico/pico-extras/src/common/pico_audio/audio.cpp.o
                0x1000a2e0                producer_pool_give_buffer_default
 .text.producer_pool_take_buffer_default
                0x1000a32c       0x88 CMakeFiles/OddSIDKick-pico2.dir/Users/misfit/pico/pico-extras/src/common/pico_audio/audio.cpp.o
                0x1000a32c                producer_pool_take_buffer_default
 .text.consumer_pool_give_buffer_default
                0x1000a3b4       0x40 CMakeFiles/OddSIDKick-pico2.dir/Users/misfit/pico/pico-extras/src/common/pico_audio/audio.cpp.o
                0x1000a3b4                consumer_pool_give_buffer_default
 .text.get_full_audio_buffer
                0x1000a3f4       0x94 CMakeFiles/OddSIDKick-pico2.dir/Users/misfit/pico/pico-extras/src/common/pico_audio/audio.cpp.o
                0x1000a3f4                get_full_audio_buffer
 .text.consumer_pool_take_buffer_default
                0x1000a488        0x8 CMakeFiles/OddSIDKick-pico2.dir/Users/misfit/pico/pico-extras/src/common/pico_audio/audio.cpp.o
                0x1000a488                consumer_pool_take_buffer_default
 .text._Z21audio_new_buffer_poolP19audio_buffer_formatii
                0x1000a490       0xd4 CMakeFiles/OddSIDKick-pico2.dir/Users/misfit/pico/pico-extras/src/common/pico_audio/audio.cpp.o
                0x1000a490                audio_new_buffer_pool(audio_buffer_format*, int, int)
 .text.audio_new_producer_pool
                0x1000a564        0xc CMakeFiles/OddSIDKick-pico2.dir/Users/misfit/pico/pico-extras/src/common/pico_audio/audio.cpp.o
                0x1000a564                audio_new_producer_pool
 .text.audio_new_consumer_pool
                0x1000a570        0xc CMakeFiles/OddSIDKick-pico2.dir/Users/misfit/pico/pico-extras/src/common/pico_audio/audio.cpp.o
                0x1000a570                audio_new_consumer_pool
 .text.audio_complete_connection
                0x1000a57c        0xc CMakeFiles/OddSIDKick-pico2.dir/Users/misfit/pico/pico-extras/src/common/pico_audio/audio.cpp.o
                0x1000a57c                audio_complete_connection
 .text.give_audio_buffer
                0x1000a588       0x14 CMakeFiles/OddSIDKick-pico2.dir/Users/misfit/pico/pico-extras/src/common/pico_audio/audio.cpp.o
                0x1000a588                give_audio_buffer
 .text.take_audio_buffer
                0x1000a59c       0x10 CMakeFiles/OddSIDKick-pico2.dir/Users/misfit/pico/pico-extras/src/common/pico_audio/audio.cpp.o
                0x1000a59c                take_audio_buffer
 .text.stereo_to_stereo_consumer_take
                0x1000a5ac      0x1a0 CMakeFiles/OddSIDKick-pico2.dir/Users/misfit/pico/pico-extras/src/common/pico_audio/audio.cpp.o
                0x1000a5ac                stereo_to_stereo_consumer_take
 .text.calloc   0x1000a74c       0x10 /Applications/ArmGNUToolchain/15.2.rel1/arm-none-eabi/bin/../lib/gcc/arm-none-eabi/15.2.1/../../../../arm-none-eabi/lib/thumb/v8-m.main+fp/softfp/libg.a(libc_a-calloc.o)
                0x1000a74c                calloc
 .text._calloc_r
                0x1000a75c       0x7c /Applications/ArmGNUToolchain/15.2.rel1/arm-none-eabi/bin/../lib/gcc/arm-none-eabi/15.2.1/../../../../arm-none-eabi/lib/thumb/v8-m.main+fp/softfp/libg.a(libc_a-callocr.o)
                0x1000a75c                _calloc_r
 .text.malloc   0x1000a7d8       0x10 /Applications/ArmGNUToolchain/15.2.rel1/arm-none-eabi/bin/../lib/gcc/arm-none-eabi/15.2.1/../../../../arm-none-eabi/lib/thumb/v8-m.main+fp/softfp/libg.a(libc_a-malloc.o)
                0x1000a7d8                malloc
 .text.free     0x1000a7e8       0x10 /Applications/ArmGNUToolchain/15.2.rel1/arm-none-eabi/bin/../lib/gcc/arm-none-eabi/15.2.1/../../../../arm-none-eabi/lib/thumb/v8-m.main+fp/softfp/libg.a(libc_a-malloc.o)
                0x1000a7e8                free
 .text._malloc_r
                0x1000a7f8      0x5a8 /Applications/ArmGNUToolchain/15.2.rel1/arm-none-eabi/bin/../lib/gcc/arm-none-eabi/15.2.1/../../../../arm-none-eabi/lib/thumb/v8-m.main+fp/softfp/libg.a(libc_a-mallocr.o)
                0x1000a7f8                _malloc_r
 .text.__malloc_lock
                0x1000ada0        0xc /Applications/ArmGNUToolchain/15.2.rel1/arm-none-eabi/bin/../lib/gcc/arm-none-eabi/15.2.1/../../../../arm-none-eabi/lib/thumb/v8-m.main+fp/softfp/libg.a(libc_a-mlock.o)
                0x1000ada0                __malloc_lock
 .text.__malloc_unlock
                0x1000adac        0xc /Applications/ArmGNUToolchain/15.2.rel1/arm-none-eabi/bin/../lib/gcc/arm-none-eabi/15.2.1/../../../../arm-none-eabi/lib/thumb/v8-m.main+fp/softfp/libg.a(libc_a-mlock.o)
                0x1000adac                __malloc_unlock
 .text.memset   0x1000adb8       0x88 /Applications/ArmGNUToolchain/15.2.rel1/arm-none-eabi/bin/../lib/gcc/arm-none-eabi/15.2.1/../../../../arm-none-eabi/lib/thumb/v8-m.main+fp/softfp/libg.a(libc_a-memset.o)
                0x1000adb8                memset
 .text._sbrk_r  0x1000ae40       0x24 /Applications/ArmGNUToolchain/15.2.rel1/arm-none-eabi/bin/../lib/gcc/arm-none-eabi/15.2.1/../../../../arm-none-eabi/lib/thumb/v8-m.main+fp/softfp/libg.a(libc_a-sbrkr.o)
                0x1000ae40                _sbrk_r
 .text.__errno  0x1000ae64        0xc /Applications/ArmGNUToolchain/15.2.rel1/arm-none-eabi/bin/../lib/gcc/arm-none-eabi/15.2.1/../../../../arm-none-eabi/lib/thumb/v8-m.main+fp/softfp/libg.a(libc_a-errno.o)
                0x1000ae64                __errno
 .text.sysconf  0x1000ae70       0x1c /Applications/ArmGNUToolchain/15.2.rel1/arm-none-eabi/bin/../lib/gcc/arm-none-eabi/15.2.1/../../../../arm-none-eabi/lib/thumb/v8-m.main+fp/softfp/libg.a(libc_a-sysconf.o)
                0x1000ae70                sysconf
 .text.__retarget_lock_acquire_recursive
                0x1000ae8c        0x4 /Applications/ArmGNUToolchain/15.2.rel1/arm-none-eabi/bin/../lib/gcc/arm-none-eabi/15.2.1/../../../../arm-none-eabi/lib/thumb/v8-m.main+fp/softfp/libg.a(libc_a-lock.o)
                0x1000ae8c                __retarget_lock_acquire_recursive
 .text.__retarget_lock_release_recursive
                0x1000ae90        0x4 /Applications/ArmGNUToolchain/15.2.rel1/arm-none-eabi/bin/../lib/gcc/arm-none-eabi/15.2.1/../../../../arm-none-eabi/lib/thumb/v8-m.main+fp/softfp/libg.a(libc_a-lock.o)
                0x1000ae90                __retarget_lock_release_recursive
 .text          0x1000ae94       0xec /Applications/ArmGNUToolchain/15.2.rel1/arm-none-eabi/bin/../lib/gcc/arm-none-eabi/15.2.1/../../../../arm-none-eabi/lib/thumb/v8-m.main+fp/softfp/libg.a(libc_a-memcpy.o)
                0x1000ae94                memcpy
 .text.strlen   0x1000af80       0x5c /Applications/ArmGNUToolchain/15.2.rel1/arm-none-eabi/bin/../lib/gcc/arm-none-eabi/15.2.1/../../../../arm-none-eabi/lib/thumb/v8-m.main+fp/softfp/libg.a(libc_a-strlen-stub.o)
                0x1000af80                strlen
 .text._malloc_trim_r
                0x1000afdc       0xac /Applications/ArmGNUToolchain/15.2.rel1/arm-none-eabi/bin/../lib/gcc/arm-none-eabi/15.2.1/../../../../arm-none-eabi/lib/thumb/v8-m.main+fp/softfp/libg.a(libc_a-freer.o)
                0x1000afdc                _malloc_trim_r
 .text._free_r  0x1000b088      0x208 /Applications/ArmGNUToolchain/15.2.rel1/arm-none-eabi/bin/../lib/gcc/arm-none-eabi/15.2.1/../../../../arm-none-eabi/lib/thumb/v8-m.main+fp/softfp/libg.a(libc_a-freer.o)
                0x1000b088                _free_r
 *(.fini)
 .fini          0x1000b290        0x4 /Applications/ArmGNUToolchain/15.2.rel1/arm-none-eabi/bin/../lib/gcc/arm-none-eabi/15.2.1/thumb/v8-m.main+fp/softfp/crti.o
                0x1000b290                _fini
 *fill*         0x1000b294        0x4 
 .fini.__stub   0x1000b298       0x40 linker stubs
 *crtbegin.o(.ctors)
 *crtbegin?.o(.ctors)
 *(EXCLUDE_FILE(*crtend.o *crtend?.o) .ctors)
 *(SORT_BY_NAME(.ctors.*))
 *(.ctors)
 *crtbegin.o(.dtors)
 *crtbegin?.o(.dtors)
 *(EXCLUDE_FILE(*crtend.o *crtend?.o) .dtors)
 *(SORT_BY_NAME(.dtors.*))
 *(.dtors)
                0x1000b2d8                        . = ALIGN (0x4)
                0x1000b2d8                        PROVIDE (__preinit_array_start = .)
 *(SORT_BY_NAME(.preinit_array.*))
 .preinit_array.00050
                0x1000b2d8        0x4 CMakeFiles/OddSIDKick-pico2.dir/Users/misfit/pico/pico-sdk/src/rp2_common/pico_runtime_init/runtime_init.c.o
                0x1000b2d8                __pre_init_runtime_init_bootrom_reset
 .preinit_array.00100
                0x1000b2dc        0x4 CMakeFiles/OddSIDKick-pico2.dir/Users/misfit/pico/pico-sdk/src/rp2_common/pico_runtime_init/runtime_init.c.o
                0x1000b2dc                __pre_init_runtime_init_early_resets
 .preinit_array.00101
                0x1000b2e0        0x4 CMakeFiles/OddSIDKick-pico2.dir/Users/misfit/pico/pico-sdk/src/rp2_common/pico_runtime_init/runtime_init.c.o
                0x1000b2e0                __pre_init_runtime_init_usb_power_down
 .preinit_array.00500
                0x1000b2e4        0x4 CMakeFiles/OddSIDKick-pico2.dir/Users/misfit/pico/pico-sdk/src/rp2_common/pico_runtime_init/runtime_init.c.o
                0x1000b2e4                __pre_init_runtime_init_clocks
 .preinit_array.00600
                0x1000b2e8        0x4 CMakeFiles/OddSIDKick-pico2.dir/Users/misfit/pico/pico-sdk/src/rp2_common/pico_runtime_init/runtime_init.c.o
                0x1000b2e8                __pre_init_runtime_init_post_clock_resets
 .preinit_array.01000
                0x1000b2ec        0x4 CMakeFiles/OddSIDKick-pico2.dir/Users/misfit/pico/pico-sdk/src/rp2_common/hardware_boot_lock/boot_lock.c.o
                0x1000b2ec                __pre_init_runtime_init_boot_locks_reset
 .preinit_array.01000
                0x1000b2f0        0x4 CMakeFiles/OddSIDKick-pico2.dir/Users/misfit/pico/pico-sdk/src/rp2_common/pico_runtime_init/runtime_init.c.o
                0x1000b2f0                __pre_init_runtime_init_spin_locks_reset
 .preinit_array.01010
                0x1000b2f4        0x4 CMakeFiles/OddSIDKick-pico2.dir/Users/misfit/pico/pico-sdk/src/rp2_common/pico_bootrom/bootrom_lock.c.o
                0x1000b2f4                __pre_init_runtime_init_bootrom_locking_enable
 .preinit_array.01100
                0x1000b2f8        0x4 CMakeFiles/OddSIDKick-pico2.dir/Users/misfit/pico/pico-sdk/src/common/pico_sync/mutex.c.o
                0x1000b2f8                __pre_init_runtime_init_mutex
 .preinit_array.10080
                0x1000b2fc        0x4 CMakeFiles/OddSIDKick-pico2.dir/Users/misfit/pico/pico-sdk/src/rp2_common/pico_runtime_init/runtime_init.c.o
                0x1000b2fc                __pre_init_runtime_init_install_ram_vector_table
 .preinit_array.11000
                0x1000b300        0x4 CMakeFiles/OddSIDKick-pico2.dir/Users/misfit/pico/pico-sdk/src/common/pico_time/time.c.o
                0x1000b300                __pre_init_runtime_init_default_alarm_pool
 .preinit_array.YYYYY
                0x1000b304        0x4 CMakeFiles/OddSIDKick-pico2.dir/Users/misfit/pico/pico-sdk/src/rp2_common/pico_runtime/runtime.c.o
                0x1000b304                __pre_init_first_per_core_initializer
 .preinit_array.ZZZZZ.00051
                0x1000b308        0x4 CMakeFiles/OddSIDKick-pico2.dir/Users/misfit/pico/pico-sdk/src/rp2_common/pico_runtime_init/runtime_init.c.o
                0x1000b308                __pre_init_runtime_init_per_core_bootrom_reset
 .preinit_array.ZZZZZ.00200
                0x1000b30c        0x4 CMakeFiles/OddSIDKick-pico2.dir/Users/misfit/pico/pico-sdk/src/rp2_common/pico_runtime_init/runtime_init.c.o
                0x1000b30c                __pre_init_runtime_init_per_core_enable_coprocessors
 .preinit_array.ZZZZZ.01000
                0x1000b310        0x4 CMakeFiles/OddSIDKick-pico2.dir/Users/misfit/pico/pico-sdk/src/rp2_common/hardware_sync_spin_lock/sync_spin_lock.c.o
                0x1000b310                __pre_init_spinlock_set_extexclall
 .preinit_array.ZZZZZ.01200
                0x1000b314        0x4 CMakeFiles/OddSIDKick-pico2.dir/Users/misfit/pico/pico-sdk/src/rp2_common/hardware_irq/irq.c.o
                0x1000b314                __pre_init_runtime_init_per_core_irq_priorities
 *(.preinit_array)
                0x1000b318                        PROVIDE (__preinit_array_end = .)
                0x1000b318                        . = ALIGN (0x4)
                0x1000b318                        PROVIDE (__init_array_start = .)
 *(SORT_BY_NAME(.init_array.*))
 *(.init_array)
 .init_array    0x1000b318        0x4 /Applications/ArmGNUToolchain/15.2.rel1/arm-none-eabi/bin/../lib/gcc/arm-none-eabi/15.2.1/thumb/v8-m.main+fp/softfp/crtbegin.o
                0x1000b31c                        PROVIDE (__init_array_end = .)
                0x1000b31c                        . = ALIGN (0x4)
                [!provide]                        PROVIDE (__fini_array_start = .)
 *(SORT_BY_NAME(.fini_array.*))
 *(.fini_array)
                [!provide]                        PROVIDE (__fini_array_end = .)
 *(.eh_frame*)
 .eh_frame      0x1000b31c        0x0 /Applications/ArmGNUToolchain/15.2.rel1/arm-none-eabi/bin/../lib/gcc/arm-none-eabi/15.2.1/thumb/v8-m.main+fp/softfp/crtbegin.o
                0x1000b31c                        . = ALIGN (0x4)

.glue_7         0x1000b31c        0x0
 .glue_7        0x1000b31c        0x0 linker stubs

.glue_7t        0x1000b31c        0x0
 .glue_7t       0x1000b31c        0x0 linker stubs

.vfp11_veneer   0x1000b31c        0x0
 .vfp11_veneer  0x1000b31c        0x0 linker stubs

.v4_bx          0x1000b31c        0x0
 .v4_bx         0x1000b31c        0x0 linker stubs

.iplt           0x1000b31c        0x0
 .iplt          0x1000b31c        0x0 /Applications/ArmGNUToolchain/15.2.rel1/arm-none-eabi/bin/../lib/gcc/arm-none-eabi/15.2.1/thumb/v8-m.main+fp/softfp/crtbegin.o

.boot2          0x1000b31c        0x0
                0x1000b31c                        __boot2_start__ = .
 *(.boot2)
                0x1000b31c                        __boot2_end__ = .
                0x00000001                        ASSERT (((__boot2_end__ - __boot2_start__) <= 0x100), ERROR: Pico second stage bootloader must be no more than 256 bytes in size)

.rodata         0x1000c000    0x23000
 *(EXCLUDE_FILE(*libm.a: *libc.a:*lib_a-mem*.o *libgcc.a:) .rodata*)
 .rodata.runEmulation.str1.4
                0x1000c000      0x1ae CMakeFiles/OddSIDKick-pico2.dir/Source/SKpico.c.o
                                  0xd (size before relaxing)
 *fill*         0x1000c1ae        0x2 
 .rodata.prgCodeCompressed
                0x1000c1b0     0x28eb CMakeFiles/OddSIDKick-pico2.dir/Source/SKpico.c.o
                0x1000c1b0                prgCodeCompressed
 *fill*         0x1000ea9b        0x1 
 .rodata        0x1000ea9c        0x4 CMakeFiles/OddSIDKick-pico2.dir/Source/SKpico.c.o
 .rodata._ZL14reSID_LUTs_exo
                0x1000eaa0      0x753 CMakeFiles/OddSIDKick-pico2.dir/Source/reSIDWrapper.cc.o
 *fill*         0x1000f1f3        0x1 
 .rodata        0x1000f1f4        0xc CMakeFiles/OddSIDKick-pico2.dir/Source/reSIDWrapper.cc.o
 .rodata.prgDirectory_Flash
                0x1000f200     0x1000 CMakeFiles/OddSIDKick-pico2.dir/Source/oddsid_stubs.c.o
                0x1000f200                prgDirectory_Flash
 .rodata.model_dac1_8
                0x10010200       0x40 CMakeFiles/OddSIDKick-pico2.dir/Source/reSID16/wave.cc.o
                0x10010200                model_dac1_8
 .rodata.model_dac0_8
                0x10010240       0x40 CMakeFiles/OddSIDKick-pico2.dir/Source/reSID16/wave.cc.o
                0x10010240                model_dac0_8
 .rodata._ZL11model_wave8
                0x10010280     0x8000 CMakeFiles/OddSIDKick-pico2.dir/Source/reSID16/wave.cc.o
 .rodata.panic.str1.4
                0x10018280        0x0 CMakeFiles/OddSIDKick-pico2.dir/Users/misfit/pico/pico-sdk/src/rp2_common/pico_platform_panic/panic.c.o
                                 0x12 (size before relaxing)
 .rodata.timer_hardware_alarm_claim.str1.4
                0x10018280        0x0 CMakeFiles/OddSIDKick-pico2.dir/Users/misfit/pico/pico-sdk/src/rp2_common/hardware_timer/timer.c.o
                                 0x22 (size before relaxing)
 .rodata.hard_assertion_failure.str1.4
                0x10018280        0x0 CMakeFiles/OddSIDKick-pico2.dir/Users/misfit/pico/pico-sdk/src/rp2_common/pico_runtime/runtime.c.o
                                  0xc (size before relaxing)
 .rodata.__wrap_malloc.str1.4
                0x10018280        0x0 CMakeFiles/OddSIDKick-pico2.dir/Users/misfit/pico/pico-sdk/src/rp2_common/pico_malloc/malloc.c.o
                                  0xe (size before relaxing)
 .rodata.str1.4
                0x10018280        0x0 CMakeFiles/OddSIDKick-pico2.dir/Users/misfit/pico/pico-sdk/src/rp2_common/pico_standard_binary_info/standard_binary_info.c.o
                                 0x48 (size before relaxing)
 .rodata.__bi_84
                0x10018280        0xc CMakeFiles/OddSIDKick-pico2.dir/Users/misfit/pico/pico-sdk/src/rp2_common/pico_standard_binary_info/standard_binary_info.c.o
 .rodata.__bi_78
                0x1001828c        0xc CMakeFiles/OddSIDKick-pico2.dir/Users/misfit/pico/pico-sdk/src/rp2_common/pico_standard_binary_info/standard_binary_info.c.o
 .rodata.__bi_54
                0x10018298        0xc CMakeFiles/OddSIDKick-pico2.dir/Users/misfit/pico/pico-sdk/src/rp2_common/pico_standard_binary_info/standard_binary_info.c.o
 .rodata.__bi_48
                0x100182a4        0xc CMakeFiles/OddSIDKick-pico2.dir/Users/misfit/pico/pico-sdk/src/rp2_common/pico_standard_binary_info/standard_binary_info.c.o
 .rodata.__bi_42
                0x100182b0        0xc CMakeFiles/OddSIDKick-pico2.dir/Users/misfit/pico/pico-sdk/src/rp2_common/pico_standard_binary_info/standard_binary_info.c.o
 .rodata.__bi_34
                0x100182bc        0xc CMakeFiles/OddSIDKick-pico2.dir/Users/misfit/pico/pico-sdk/src/rp2_common/pico_standard_binary_info/standard_binary_info.c.o
 .rodata.__bi_26
                0x100182c8        0xc CMakeFiles/OddSIDKick-pico2.dir/Users/misfit/pico/pico-sdk/src/rp2_common/pico_standard_binary_info/standard_binary_info.c.o
 .rodata._ftoa.str1.4
                0x100182d4        0x0 CMakeFiles/OddSIDKick-pico2.dir/Users/misfit/pico/pico-sdk/src/rp2_common/pico_printf/printf.c.o
                                 0x15 (size before relaxing)
 *fill*         0x100182d4        0x4 
 .rodata.pow10.0
                0x100182d8       0x50 CMakeFiles/OddSIDKick-pico2.dir/Users/misfit/pico/pico-sdk/src/rp2_common/pico_printf/printf.c.o
 .rodata.crlf_str.0
                0x10018328        0x2 CMakeFiles/OddSIDKick-pico2.dir/Users/misfit/pico/pico-sdk/src/rp2_common/pico_stdio/stdio.c.o
 .rodata.pio_sm_claim.str1.4
                0x1001832a        0x0 CMakeFiles/OddSIDKick-pico2.dir/Users/misfit/pico/pico-sdk/src/rp2_common/hardware_pio/pio.c.o
                                 0x62 (size before relaxing)
 .rodata.audio_i2s_connect_thru.str1.4
                0x1001832a        0x0 CMakeFiles/OddSIDKick-pico2.dir/Users/misfit/pico/pico-extras/src/rp2_common/pico_audio_i2s/audio_i2s.c.o
                                 0x64 (size before relaxing)
 *fill*         0x1001832a        0x2 
 .rodata.audio_i2s_program
                0x1001832c        0x8 CMakeFiles/OddSIDKick-pico2.dir/Users/misfit/pico/pico-extras/src/rp2_common/pico_audio_i2s/audio_i2s.c.o
 .rodata.audio_i2s_program_instructions
                0x10018334       0x10 CMakeFiles/OddSIDKick-pico2.dir/Users/misfit/pico/pico-extras/src/rp2_common/pico_audio_i2s/audio_i2s.c.o
 .rodata.dma_channel_claim.str1.4
                0x10018344        0x0 CMakeFiles/OddSIDKick-pico2.dir/Users/misfit/pico/pico-sdk/src/rp2_common/hardware_dma/dma.c.o
                                 0x22 (size before relaxing)
 *(.srodata*)
                0x10018344                        . = ALIGN (0x4)
 *(SORT_BY_ALIGNMENT(SORT_BY_NAME(.flashdata*)))
 *fill*         0x10018344      0xcbc 
 .flashdata.    0x10019000     0x1000 CMakeFiles/OddSIDKick-pico2.dir/Source/SKpico.c.o
                0x10019000                busTimings
 .flashdata.section_config
                0x1001a000     0x1000 CMakeFiles/OddSIDKick-pico2.dir/Source/SKpico.c.o
                0x1001a000                flashCFG
 .flashdata.FILTERLUT
                0x1001b000    0x14000 CMakeFiles/OddSIDKick-pico2.dir/Source/reSIDWrapper.cc.o
                0x1001b000                filterLUT6581
                0x1002f000                        . = ALIGN (0x4)

.ARM.extab
 *(.ARM.extab* .gnu.linkonce.armextab.*)
                0x1002f000                        __exidx_start = .

.ARM.exidx      0x1002f000        0x8
 *(.ARM.exidx* .gnu.linkonce.armexidx.*)
 .ARM.exidx     0x1002f000        0x8 /Applications/ArmGNUToolchain/15.2.rel1/arm-none-eabi/bin/../lib/gcc/arm-none-eabi/15.2.1/../../../../arm-none-eabi/lib/thumb/v8-m.main+fp/softfp/libg.a(libc_a-memcpy.o)
 .ARM.exidx.text.__udivmoddi4
                0x1002f008        0x0 /Applications/ArmGNUToolchain/15.2.rel1/arm-none-eabi/bin/../lib/gcc/arm-none-eabi/15.2.1/thumb/v8-m.main+fp/softfp/libgcc.a(_udivmoddi4.o)
                                  0x8 (size before relaxing)
                0x1002f008                        __exidx_end = .
                0x1002f008                        . = ALIGN (0x4)
                0x1002f008                        __binary_info_start = .

.binary_info    0x1002f008       0x1c
 *(.binary_info.keep.*)
 .binary_info.keep.__bi_ptr84
                0x1002f008        0x4 CMakeFiles/OddSIDKick-pico2.dir/Users/misfit/pico/pico-sdk/src/rp2_common/pico_standard_binary_info/standard_binary_info.c.o
 .binary_info.keep.__bi_ptr78
                0x1002f00c        0x4 CMakeFiles/OddSIDKick-pico2.dir/Users/misfit/pico/pico-sdk/src/rp2_common/pico_standard_binary_info/standard_binary_info.c.o
 .binary_info.keep.__bi_ptr54
                0x1002f010        0x4 CMakeFiles/OddSIDKick-pico2.dir/Users/misfit/pico/pico-sdk/src/rp2_common/pico_standard_binary_info/standard_binary_info.c.o
 .binary_info.keep.__bi_ptr48
                0x1002f014        0x4 CMakeFiles/OddSIDKick-pico2.dir/Users/misfit/pico/pico-sdk/src/rp2_common/pico_standard_binary_info/standard_binary_info.c.o
 .binary_info.keep.__bi_ptr42
                0x1002f018        0x4 CMakeFiles/OddSIDKick-pico2.dir/Users/misfit/pico/pico-sdk/src/rp2_common/pico_standard_binary_info/standard_binary_info.c.o
 .binary_info.keep.__bi_ptr34
                0x1002f01c        0x4 CMakeFiles/OddSIDKick-pico2.dir/Users/misfit/pico/pico-sdk/src/rp2_common/pico_standard_binary_info/standard_binary_info.c.o
 .binary_info.keep.__bi_ptr26
                0x1002f020        0x4 CMakeFiles/OddSIDKick-pico2.dir/Users/misfit/pico/pico-sdk/src/rp2_common/pico_standard_binary_info/standard_binary_info.c.o
 *(.binary_info.*)
                0x1002f024                        __binary_info_end = .
                0x1002f024                        . = ALIGN (0x4)

.ram_vector_table
                0x20000000      0x110
 *(.ram_vector_table)
 .ram_vector_table
                0x20000000      0x110 CMakeFiles/OddSIDKick-pico2.dir/Users/misfit/pico/pico-sdk/src/rp2_common/pico_runtime_init/runtime_init.c.o
                0x20000000                ram_vector_table

.uninitialized_data
                0x20000110        0x0
                0x20000110                        . = ALIGN (0x4)
 *(.uninitialized_data*)

.data           0x20000110     0x18f0 load address 0x1002f024
                0x20000110                        __data_start__ = .
 *(vtable)
 *(.time_critical*)
 .time_critical.mydata
                0x20000110       0x40 CMakeFiles/OddSIDKick-pico2.dir/Source/SKpico.c.o
                0x20000110                jmpCode
                0x20000114                sidFlags
 .time_critical.fmopl9
                0x20000150       0x80 CMakeFiles/OddSIDKick-pico2.dir/Source/fmopl.c.o
 .time_critical.fmopl8
                0x200001d0       0xd2 CMakeFiles/OddSIDKick-pico2.dir/Source/fmopl.c.o
 *fill*         0x200002a2        0x2 
 .time_critical.fmopl7
                0x200002a4       0x10 CMakeFiles/OddSIDKick-pico2.dir/Source/fmopl.c.o
 .time_critical.fmopl6
                0x200002b4       0x60 CMakeFiles/OddSIDKick-pico2.dir/Source/fmopl.c.o
 .time_critical.fmopl5
                0x20000314       0x60 CMakeFiles/OddSIDKick-pico2.dir/Source/fmopl.c.o
 .time_critical.fmopl4
                0x20000374       0x78 CMakeFiles/OddSIDKick-pico2.dir/Source/fmopl.c.o
 .time_critical.fmopl3
                0x200003ec       0x10 CMakeFiles/OddSIDKick-pico2.dir/Source/fmopl.c.o
 .time_critical.fmopl2
                0x200003fc       0x80 CMakeFiles/OddSIDKick-pico2.dir/Source/fmopl.c.o
 .time_critical.fmopl1
                0x2000047c       0x20 CMakeFiles/OddSIDKick-pico2.dir/Source/fmopl.c.o
 .time_critical.mutex_enter_blocking
                0x2000049c       0x80 CMakeFiles/OddSIDKick-pico2.dir/Users/misfit/pico/pico-sdk/src/common/pico_sync/mutex.c.o
                0x2000049c                mutex_enter_blocking
 .time_critical.mutex_enter_block_until
                0x2000051c       0x6c CMakeFiles/OddSIDKick-pico2.dir/Users/misfit/pico/pico-sdk/src/common/pico_sync/mutex.c.o
                0x2000051c                mutex_enter_block_until
 .time_critical.mutex_try_enter_block_until
                0x20000588       0x68 CMakeFiles/OddSIDKick-pico2.dir/Users/misfit/pico/pico-sdk/src/common/pico_sync/mutex.c.o
                0x20000588                mutex_try_enter_block_until
 .time_critical.mutex_exit
                0x200005f0       0x3c CMakeFiles/OddSIDKick-pico2.dir/Users/misfit/pico/pico-sdk/src/common/pico_sync/mutex.c.o
                0x200005f0                mutex_exit
 .time_critical.flash_init_boot2_copyout
                0x2000062c       0x34 CMakeFiles/OddSIDKick-pico2.dir/Users/misfit/pico/pico-sdk/src/rp2_common/hardware_flash/flash.c.o
 .time_critical.flash_enable_xip_via_boot2
                0x20000660        0x8 CMakeFiles/OddSIDKick-pico2.dir/Users/misfit/pico/pico-sdk/src/rp2_common/hardware_flash/flash.c.o
 .time_critical.flash_rp2350_save_qmi_cs1
                0x20000668       0x14 CMakeFiles/OddSIDKick-pico2.dir/Users/misfit/pico/pico-sdk/src/rp2_common/hardware_flash/flash.c.o
 .time_critical.flash_devinfo_ptr
                0x2000067c       0x14 CMakeFiles/OddSIDKick-pico2.dir/Users/misfit/pico/pico-sdk/src/rp2_common/hardware_flash/flash.c.o
 .time_critical.flash_save_hardware_state
                0x20000690       0x34 CMakeFiles/OddSIDKick-pico2.dir/Users/misfit/pico/pico-sdk/src/rp2_common/hardware_flash/flash.c.o
 .time_critical.flash_devinfo_get_cs_size
                0x200006c4       0x18 CMakeFiles/OddSIDKick-pico2.dir/Users/misfit/pico/pico-sdk/src/rp2_common/hardware_flash/flash.c.o
                0x200006c4                flash_devinfo_get_cs_size
 .time_critical.flash_rp2350_restore_qmi_cs1
                0x200006dc       0x30 CMakeFiles/OddSIDKick-pico2.dir/Users/misfit/pico/pico-sdk/src/rp2_common/hardware_flash/flash.c.o
 .time_critical.flash_restore_hardware_state
                0x2000070c       0x24 CMakeFiles/OddSIDKick-pico2.dir/Users/misfit/pico/pico-sdk/src/rp2_common/hardware_flash/flash.c.o
 .time_critical.flash_range_erase
                0x20000730       0xac CMakeFiles/OddSIDKick-pico2.dir/Users/misfit/pico/pico-sdk/src/rp2_common/hardware_flash/flash.c.o
                0x20000730                flash_range_erase
 .time_critical.flash_range_program
                0x200007dc       0xac CMakeFiles/OddSIDKick-pico2.dir/Users/misfit/pico/pico-sdk/src/rp2_common/hardware_flash/flash.c.o
                0x200007dc                flash_range_program
 .time_critical.xip_cache_maintain
                0x20000888       0x20 CMakeFiles/OddSIDKick-pico2.dir/Users/misfit/pico/pico-sdk/src/rp2_common/hardware_xip_cache/xip_cache.c.o
 .time_critical.xip_cache_clean_all
                0x200008a8       0x10 CMakeFiles/OddSIDKick-pico2.dir/Users/misfit/pico/pico-sdk/src/rp2_common/hardware_xip_cache/xip_cache.c.o
                0x200008a8                xip_cache_clean_all
 .time_critical.audio_i2s_dma_irq_handler
                0x200008b8       0x88 CMakeFiles/OddSIDKick-pico2.dir/Users/misfit/pico/pico-extras/src/rp2_common/pico_audio_i2s/audio_i2s.c.o
 *(.text*)
 .text          0x20000940      0x378 /Applications/ArmGNUToolchain/15.2.rel1/arm-none-eabi/bin/../lib/gcc/arm-none-eabi/15.2.1/thumb/v8-m.main+fp/softfp/libgcc.a(_arm_addsubdf3.o)
                0x20000940                __aeabi_drsub
                0x20000948                __subdf3
                0x20000948                __aeabi_dsub
                0x2000094c                __aeabi_dadd
                0x2000094c                __adddf3
                0x20000bc4                __aeabi_ui2d
                0x20000bc4                __floatunsidf
                0x20000be4                __floatsidf
                0x20000be4                __aeabi_i2d
                0x20000c08                __extendsfdf2
                0x20000c08                __aeabi_f2d
                0x20000c4c                __aeabi_ul2d
                0x20000c4c                __floatundidf
                0x20000c5c                __aeabi_l2d
                0x20000c5c                __floatdidf
 .text          0x20000cb8       0xa0 /Applications/ArmGNUToolchain/15.2.rel1/arm-none-eabi/bin/../lib/gcc/arm-none-eabi/15.2.1/thumb/v8-m.main+fp/softfp/libgcc.a(_aeabi_ldivmod.o)
                0x20000cb8                __aeabi_ldivmod
 .text          0x20000d58       0x30 /Applications/ArmGNUToolchain/15.2.rel1/arm-none-eabi/bin/../lib/gcc/arm-none-eabi/15.2.1/thumb/v8-m.main+fp/softfp/libgcc.a(_aeabi_uldivmod.o)
                0x20000d58                __aeabi_uldivmod
 .text.__udivmoddi4
                0x20000d88      0x340 /Applications/ArmGNUToolchain/15.2.rel1/arm-none-eabi/bin/../lib/gcc/arm-none-eabi/15.2.1/thumb/v8-m.main+fp/softfp/libgcc.a(_udivmoddi4.o)
                0x20000d88                __udivmoddi4
 .text          0x200010c8        0x4 /Applications/ArmGNUToolchain/15.2.rel1/arm-none-eabi/bin/../lib/gcc/arm-none-eabi/15.2.1/thumb/v8-m.main+fp/softfp/libgcc.a(_dvmd_tls.o)
                0x200010c8                __aeabi_ldiv0
                0x200010c8                __aeabi_idiv0
 *fill*         0x200010cc        0x4 
 .text.__stub   0x200010d0       0x20 linker stubs
                0x200010f0                        . = ALIGN (0x4)
 *(.rodata*)
                0x200010f0                        . = ALIGN (0x4)
 *(.data*)
 .data.audio_format.4
                0x200010f0        0x8 CMakeFiles/OddSIDKick-pico2.dir/Source/SKpico.c.o
 .data.producer_format.5
                0x200010f8        0x8 CMakeFiles/OddSIDKick-pico2.dir/Source/SKpico.c.o
 .data.pConfigXIP
                0x20001100        0x4 CMakeFiles/OddSIDKick-pico2.dir/Source/SKpico.c.o
                0x20001100                pConfigXIP
 .data.lerpDelta
                0x20001104        0x2 CMakeFiles/OddSIDKick-pico2.dir/Source/SKpico.c.o
                0x20001104                lerpDelta
 .data.lerp     0x20001106        0x2 CMakeFiles/OddSIDKick-pico2.dir/Source/SKpico.c.o
                0x20001106                lerp
 .data.newPotYCandidate2S
                0x20001108        0x1 CMakeFiles/OddSIDKick-pico2.dir/Source/SKpico.c.o
                0x20001108                newPotYCandidate2S
 .data.newPotXCandidate2S
                0x20001109        0x1 CMakeFiles/OddSIDKick-pico2.dir/Source/SKpico.c.o
                0x20001109                newPotXCandidate2S
 *fill*         0x2000110a        0x2 
 .data.outRegisters_2
                0x2000110c        0x4 CMakeFiles/OddSIDKick-pico2.dir/Source/SKpico.c.o
                0x2000110c                outRegisters_2
 .data.newSample
                0x20001110        0x4 CMakeFiles/OddSIDKick-pico2.dir/Source/SKpico.c.o
                0x20001110                newSample
 .data.firstOutput
                0x20001114        0x1 CMakeFiles/OddSIDKick-pico2.dir/Source/SKpico.c.o
                0x20001114                firstOutput
 .data.currentPRG
                0x20001115        0x1 CMakeFiles/OddSIDKick-pico2.dir/Source/SKpico.c.o
                0x20001115                currentPRG
 *fill*         0x20001116        0x2 
 .data.SID2_ADDR_PREV
                0x20001118        0x4 CMakeFiles/OddSIDKick-pico2.dir/Source/reSIDWrapper.cc.o
                0x20001118                SID2_ADDR_PREV
 .data.C64_CLOCK
                0x2000111c        0x4 CMakeFiles/OddSIDKick-pico2.dir/Source/reSIDWrapper.cc.o
                0x2000111c                C64_CLOCK
 .data._ZN17EnvelopeGenerator13sustain_levelE
                0x20001120       0x40 CMakeFiles/OddSIDKick-pico2.dir/Source/reSID16/envelope.cc.o
                0x20001120                EnvelopeGenerator::sustain_level
 .data._ZN17EnvelopeGenerator19rate_counter_periodE
                0x20001160       0x40 CMakeFiles/OddSIDKick-pico2.dir/Source/reSID16/envelope.cc.o
                0x20001160                EnvelopeGenerator::rate_counter_period
 .data._ZN6Filter14f0_points_8580E
                0x200011a0       0x98 CMakeFiles/OddSIDKick-pico2.dir/Source/reSID16/filter.cc.o
                0x200011a0                Filter::f0_points_8580
 .data._ZN6Filter14f0_points_6581E
                0x20001238       0xf8 CMakeFiles/OddSIDKick-pico2.dir/Source/reSID16/filter.cc.o
                0x20001238                Filter::f0_points_6581
 .data.striped_spin_lock_num
                0x20001330        0x1 CMakeFiles/OddSIDKick-pico2.dir/Users/misfit/pico/pico-sdk/src/rp2_common/hardware_sync/sync.c.o
 *fill*         0x20001331        0x3 
 .data          0x20001334       0x48 CMakeFiles/OddSIDKick-pico2.dir/Users/misfit/pico/pico-sdk/src/rp2_common/hardware_irq/irq_handler_chain.S.o
                0x20001334                irq_handler_chain_slots
                0x20001364                irq_handler_chain_first_slot
                0x2000136e                irq_handler_chain_remove_tail
 .data.default_alarm_pool
                0x2000137c       0x18 CMakeFiles/OddSIDKick-pico2.dir/Users/misfit/pico/pico-sdk/src/common/pico_time/time.c.o
 .data.m2s_audio_i2s_ct_connection
                0x20001394       0x20 CMakeFiles/OddSIDKick-pico2.dir/Users/misfit/pico/pico-extras/src/rp2_common/pico_audio_i2s/audio_i2s.c.o
 .data.pio_i2s_consumer_buffer_format
                0x200013b4        0x8 CMakeFiles/OddSIDKick-pico2.dir/Users/misfit/pico/pico-extras/src/rp2_common/pico_audio_i2s/audio_i2s.c.o
                0x200013b4                pio_i2s_consumer_buffer_format
 .data._ZL18connection_default
                0x200013bc       0x18 CMakeFiles/OddSIDKick-pico2.dir/Users/misfit/pico/pico-extras/src/common/pico_audio/audio.cpp.o
 .data.__malloc_sbrk_base
                0x200013d4        0x4 /Applications/ArmGNUToolchain/15.2.rel1/arm-none-eabi/bin/../lib/gcc/arm-none-eabi/15.2.1/../../../../arm-none-eabi/lib/thumb/v8-m.main+fp/softfp/libg.a(libc_a-mallocr.o)
                0x200013d4                __malloc_sbrk_base
 .data.__malloc_trim_threshold
                0x200013d8        0x4 /Applications/ArmGNUToolchain/15.2.rel1/arm-none-eabi/bin/../lib/gcc/arm-none-eabi/15.2.1/../../../../arm-none-eabi/lib/thumb/v8-m.main+fp/softfp/libg.a(libc_a-mallocr.o)
                0x200013d8                __malloc_trim_threshold
 *fill*         0x200013dc        0x4 
 .data.__malloc_av_
                0x200013e0      0x408 /Applications/ArmGNUToolchain/15.2.rel1/arm-none-eabi/bin/../lib/gcc/arm-none-eabi/15.2.1/../../../../arm-none-eabi/lib/thumb/v8-m.main+fp/softfp/libg.a(libc_a-mallocr.o)
                0x200013e0                __malloc_av_
 .data._impure_ptr
                0x200017e8        0x4 /Applications/ArmGNUToolchain/15.2.rel1/arm-none-eabi/bin/../lib/gcc/arm-none-eabi/15.2.1/../../../../arm-none-eabi/lib/thumb/v8-m.main+fp/softfp/libg.a(libc_a-impure.o)
                0x200017e8                _impure_ptr
 *fill*         0x200017ec        0x4 
 .data._impure_data
                0x200017f0      0x200 /Applications/ArmGNUToolchain/15.2.rel1/arm-none-eabi/bin/../lib/gcc/arm-none-eabi/15.2.1/../../../../arm-none-eabi/lib/thumb/v8-m.main+fp/softfp/libg.a(libc_a-impure.o)
                0x200017f0                _impure_data
 *(.sdata*)
                0x200019f0                        . = ALIGN (0x4)
 *(.after_data.*)
                0x200019f0                        . = ALIGN (0x4)
                0x200019f0                        PROVIDE (__mutex_array_start = .)
 *(SORT_BY_NAME(.mutex_array.*))
 *(.mutex_array)
 .mutex_array   0x200019f0        0x8 CMakeFiles/OddSIDKick-pico2.dir/Users/misfit/pico/pico-sdk/src/rp2_common/pico_malloc/malloc.c.o
 .mutex_array   0x200019f8        0x8 CMakeFiles/OddSIDKick-pico2.dir/Users/misfit/pico/pico-sdk/src/rp2_common/pico_stdio/stdio.c.o
                0x20001a00                        PROVIDE (__mutex_array_end = .)
 *(.jcr)
                0x20001a00                        . = ALIGN (0x4)

.tm_clone_table
                0x20001a00        0x0 load address 0x10030914
 .tm_clone_table
                0x20001a00        0x0 /Applications/ArmGNUToolchain/15.2.rel1/arm-none-eabi/bin/../lib/gcc/arm-none-eabi/15.2.1/thumb/v8-m.main+fp/softfp/crtbegin.o
 .tm_clone_table
                0x20001a00        0x0 /Applications/ArmGNUToolchain/15.2.rel1/arm-none-eabi/bin/../lib/gcc/arm-none-eabi/15.2.1/thumb/v8-m.main+fp/softfp/crtend.o

.igot.plt       0x20001a00        0x0 load address 0x10030914
 .igot.plt      0x20001a00        0x0 /Applications/ArmGNUToolchain/15.2.rel1/arm-none-eabi/bin/../lib/gcc/arm-none-eabi/15.2.1/thumb/v8-m.main+fp/softfp/crtbegin.o

.tdata          0x20001a00        0x0 load address 0x10030914
                0x20001a00                        . = ALIGN (0x4)
 *(.tdata .tdata.* .gnu.linkonce.td.*)
                0x20001a00                        __tdata_end = .
                0x20001a00                        PROVIDE (__data_end__ = .)
                0x1002f024                        __etext = LOADADDR (.data)

.tbss           0x20001a00        0x0 load address 0x10030914
                0x20001a00                        . = ALIGN (0x4)
                0x20001a00                        __bss_start__ = .
                0x20001a00                        __tls_base = .
 *(.tbss .tbss.* .gnu.linkonce.tb.*)
 *(.tcommon)
                0x20001a00                        __tls_end = .

.bss            0x20001a00    0x1d9d4 load address 0x10030914
                0x20001a00                        . = ALIGN (0x4)
                0x20001a00                        __tbss_end = .
 *(SORT_BY_ALIGNMENT(SORT_BY_NAME(.bss*)))
 .bss.FM_OPL_MEMORY
                0x20001a00      0x684 CMakeFiles/OddSIDKick-pico2.dir/Source/fmopl.c.o
 *fill*         0x20002084        0x4 
 .bss._ZN6Filter13f0_8580_reSIDE
                0x20002088     0x2000 CMakeFiles/OddSIDKick-pico2.dir/Source/reSID16/filter.cc.o
                0x20002088                Filter::f0_8580_reSID
 .bss.c64CycleCounter
                0x20004088        0x8 CMakeFiles/OddSIDKick-pico2.dir/Source/SKpico.c.o
                0x20004088                c64CycleCounter
 .bss.ddCycle   0x20004090       0x18 CMakeFiles/OddSIDKick-pico2.dir/Source/SKpico.c.o
                0x20004090                ddCycle
 .bss.ddPWM_cycle
                0x200040a8       0x18 CMakeFiles/OddSIDKick-pico2.dir/Source/SKpico.c.o
                0x200040a8                ddPWM_cycle
 .bss.ddTB_cycle
                0x200040c0       0x18 CMakeFiles/OddSIDKick-pico2.dir/Source/SKpico.c.o
                0x200040c0                ddTB_cycle
 .bss.default_alarm_pool_entries
                0x200040d8      0x180 CMakeFiles/OddSIDKick-pico2.dir/Users/misfit/pico/pico-sdk/src/common/pico_time/time.c.o
 .bss.lastSIDEmulationCycle
                0x20004258        0x8 CMakeFiles/OddSIDKick-pico2.dir/Source/SKpico.c.o
                0x20004258                lastSIDEmulationCycle
 .bss.outputCh  0x20004260       0x24 CMakeFiles/OddSIDKick-pico2.dir/Source/fmopl.c.o
                0x20004260                outputCh
 .bss.LFO_AM    0x20004284        0x4 CMakeFiles/OddSIDKick-pico2.dir/Source/fmopl.c.o
 .bss.LFO_PM    0x20004288        0x4 CMakeFiles/OddSIDKick-pico2.dir/Source/fmopl.c.o
 .bss.SID2_FLAG
                0x2000428c        0x4 CMakeFiles/OddSIDKick-pico2.dir/Source/reSIDWrapper.cc.o
                0x2000428c                SID2_FLAG
 .bss.SLOT7_1   0x20004290        0x4 CMakeFiles/OddSIDKick-pico2.dir/Source/fmopl.c.o
 .bss.SLOT7_2   0x20004294        0x4 CMakeFiles/OddSIDKick-pico2.dir/Source/fmopl.c.o
 .bss.SLOT8_1   0x20004298        0x4 CMakeFiles/OddSIDKick-pico2.dir/Source/fmopl.c.o
 .bss.SLOT8_2   0x2000429c        0x4 CMakeFiles/OddSIDKick-pico2.dir/Source/fmopl.c.o
 .bss._ZL15actVolSID1_Left
                0x200042a0        0x4 CMakeFiles/OddSIDKick-pico2.dir/Source/reSIDWrapper.cc.o
 .bss._ZL15actVolSID2_Left
                0x200042a4        0x4 CMakeFiles/OddSIDKick-pico2.dir/Source/reSIDWrapper.cc.o
 .bss._ZL15cfgVolSID1_Left
                0x200042a8        0x4 CMakeFiles/OddSIDKick-pico2.dir/Source/reSIDWrapper.cc.o
 .bss._ZL15cfgVolSID2_Left
                0x200042ac        0x4 CMakeFiles/OddSIDKick-pico2.dir/Source/reSIDWrapper.cc.o
 .bss._ZL16actVolSID1_Right
                0x200042b0        0x4 CMakeFiles/OddSIDKick-pico2.dir/Source/reSIDWrapper.cc.o
 .bss._ZL16actVolSID2_Right
                0x200042b4        0x4 CMakeFiles/OddSIDKick-pico2.dir/Source/reSIDWrapper.cc.o
 .bss._ZL16cfgVolSID1_Right
                0x200042b8        0x4 CMakeFiles/OddSIDKick-pico2.dir/Source/reSIDWrapper.cc.o
 .bss._ZL16cfgVolSID2_Right
                0x200042bc        0x4 CMakeFiles/OddSIDKick-pico2.dir/Source/reSIDWrapper.cc.o
 .bss._ZN6Filter7f0_6581E
                0x200042c0     0x2000 CMakeFiles/OddSIDKick-pico2.dir/Source/reSID16/filter.cc.o
                0x200042c0                Filter::f0_6581
 .bss._ZN6Filter7f0_8580E
                0x200062c0     0x2000 CMakeFiles/OddSIDKick-pico2.dir/Source/reSID16/filter.cc.o
                0x200062c0                Filter::f0_8580
 .bss.__lock___malloc_recursive_mutex
                0x200082c0        0x1 /Applications/ArmGNUToolchain/15.2.rel1/arm-none-eabi/bin/../lib/gcc/arm-none-eabi/15.2.1/../../../../arm-none-eabi/lib/thumb/v8-m.main+fp/softfp/libg.a(libc_a-lock.o)
                0x200082c0                __lock___malloc_recursive_mutex
 *fill*         0x200082c1        0x3 
 .bss.__malloc_current_mallinfo
                0x200082c4       0x28 /Applications/ArmGNUToolchain/15.2.rel1/arm-none-eabi/bin/../lib/gcc/arm-none-eabi/15.2.1/../../../../arm-none-eabi/lib/thumb/v8-m.main+fp/softfp/libg.a(libc_a-mallocr.o)
                0x200082c4                __malloc_current_mallinfo
 .bss.__malloc_max_sbrked_mem
                0x200082ec        0x4 /Applications/ArmGNUToolchain/15.2.rel1/arm-none-eabi/bin/../lib/gcc/arm-none-eabi/15.2.1/../../../../arm-none-eabi/lib/thumb/v8-m.main+fp/softfp/libg.a(libc_a-mallocr.o)
                0x200082ec                __malloc_max_sbrked_mem
 .bss.__malloc_max_total_mem
                0x200082f0        0x4 /Applications/ArmGNUToolchain/15.2.rel1/arm-none-eabi/bin/../lib/gcc/arm-none-eabi/15.2.1/../../../../arm-none-eabi/lib/thumb/v8-m.main+fp/softfp/libg.a(libc_a-mallocr.o)
                0x200082f0                __malloc_max_total_mem
 .bss.__malloc_top_pad
                0x200082f4        0x4 /Applications/ArmGNUToolchain/15.2.rel1/arm-none-eabi/bin/../lib/gcc/arm-none-eabi/15.2.1/../../../../arm-none-eabi/lib/thumb/v8-m.main+fp/softfp/libg.a(libc_a-mallocr.o)
                0x200082f4                __malloc_top_pad
 .bss.__sf      0x200082f8      0x138 /Applications/ArmGNUToolchain/15.2.rel1/arm-none-eabi/bin/../lib/gcc/arm-none-eabi/15.2.1/../../../../arm-none-eabi/lib/thumb/v8-m.main+fp/softfp/libg.a(libc_a-findfp.o)
                0x200082f8                __sf
 .bss._sw_spin_locks
                0x20008430       0x20 CMakeFiles/OddSIDKick-pico2.dir/Users/misfit/pico/pico-sdk/src/rp2_common/hardware_sync_spin_lock/sync_spin_lock.c.o
                0x20008430                _sw_spin_locks
 .bss._used_instruction_space
                0x20008450        0xc CMakeFiles/OddSIDKick-pico2.dir/Users/misfit/pico/pico-sdk/src/rp2_common/hardware_pio/pio.c.o
 .bss.ap        0x2000845c        0x4 CMakeFiles/OddSIDKick-pico2.dir/Source/SKpico.c.o
                0x2000845c                ap
 .bss.audioBuffer
                0x20008460      0x400 CMakeFiles/OddSIDKick-pico2.dir/Source/SKpico.c.o